Archive member included to satisfy reference by file (symbol)

C:/ST/STM32CubeIDE_1.16.1/STM32CubeIDE/plugins/com.st.stm32cube.ide.mcu.externaltools.gnu-tools-for-stm32.13.3.rel1.win32_1.0.0.202411081344/tools/bin/../lib/gcc/arm-none-eabi/13.3.1/../../../../arm-none-eabi/lib/thumb/v7e-m+fp/hard\libc_nano.a(libc_a-exit.o)
                              C:/ST/STM32CubeIDE_1.16.1/STM32CubeIDE/plugins/com.st.stm32cube.ide.mcu.externaltools.gnu-tools-for-stm32.13.3.rel1.win32_1.0.0.202411081344/tools/bin/../lib/gcc/arm-none-eabi/13.3.1/../../../../arm-none-eabi/lib/thumb/v7e-m+fp/hard/crt0.o (exit)
C:/ST/STM32CubeIDE_1.16.1/STM32CubeIDE/plugins/com.st.stm32cube.ide.mcu.externaltools.gnu-tools-for-stm32.13.3.rel1.win32_1.0.0.202411081344/tools/bin/../lib/gcc/arm-none-eabi/13.3.1/../../../../arm-none-eabi/lib/thumb/v7e-m+fp/hard\libc_nano.a(libc_a-findfp.o)
                              C:/ST/STM32CubeIDE_1.16.1/STM32CubeIDE/plugins/com.st.stm32cube.ide.mcu.externaltools.gnu-tools-for-stm32.13.3.rel1.win32_1.0.0.202411081344/tools/bin/../lib/gcc/arm-none-eabi/13.3.1/../../../../arm-none-eabi/lib/thumb/v7e-m+fp/hard\libc_nano.a(libc_a-exit.o) (__stdio_exit_handler)
C:/ST/STM32CubeIDE_1.16.1/STM32CubeIDE/plugins/com.st.stm32cube.ide.mcu.externaltools.gnu-tools-for-stm32.13.3.rel1.win32_1.0.0.202411081344/tools/bin/../lib/gcc/arm-none-eabi/13.3.1/../../../../arm-none-eabi/lib/thumb/v7e-m+fp/hard\libc_nano.a(libc_a-fwalk.o)
                              C:/ST/STM32CubeIDE_1.16.1/STM32CubeIDE/plugins/com.st.stm32cube.ide.mcu.externaltools.gnu-tools-for-stm32.13.3.rel1.win32_1.0.0.202411081344/tools/bin/../lib/gcc/arm-none-eabi/13.3.1/../../../../arm-none-eabi/lib/thumb/v7e-m+fp/hard\libc_nano.a(libc_a-findfp.o) (_fwalk_sglue)
C:/ST/STM32CubeIDE_1.16.1/STM32CubeIDE/plugins/com.st.stm32cube.ide.mcu.externaltools.gnu-tools-for-stm32.13.3.rel1.win32_1.0.0.202411081344/tools/bin/../lib/gcc/arm-none-eabi/13.3.1/../../../../arm-none-eabi/lib/thumb/v7e-m+fp/hard\libc_nano.a(libc_a-snprintf.o)
                              ./Application/Src/ui_config.o (snprintf)
C:/ST/STM32CubeIDE_1.16.1/STM32CubeIDE/plugins/com.st.stm32cube.ide.mcu.externaltools.gnu-tools-for-stm32.13.3.rel1.win32_1.0.0.202411081344/tools/bin/../lib/gcc/arm-none-eabi/13.3.1/../../../../arm-none-eabi/lib/thumb/v7e-m+fp/hard\libc_nano.a(libc_a-stdio.o)
                              C:/ST/STM32CubeIDE_1.16.1/STM32CubeIDE/plugins/com.st.stm32cube.ide.mcu.externaltools.gnu-tools-for-stm32.13.3.rel1.win32_1.0.0.202411081344/tools/bin/../lib/gcc/arm-none-eabi/13.3.1/../../../../arm-none-eabi/lib/thumb/v7e-m+fp/hard\libc_nano.a(libc_a-findfp.o) (__sread)
C:/ST/STM32CubeIDE_1.16.1/STM32CubeIDE/plugins/com.st.stm32cube.ide.mcu.externaltools.gnu-tools-for-stm32.13.3.rel1.win32_1.0.0.202411081344/tools/bin/../lib/gcc/arm-none-eabi/13.3.1/../../../../arm-none-eabi/lib/thumb/v7e-m+fp/hard\libc_nano.a(libc_a-memset.o)
                              C:/ST/STM32CubeIDE_1.16.1/STM32CubeIDE/plugins/com.st.stm32cube.ide.mcu.externaltools.gnu-tools-for-stm32.13.3.rel1.win32_1.0.0.202411081344/tools/bin/../lib/gcc/arm-none-eabi/13.3.1/../../../../arm-none-eabi/lib/thumb/v7e-m+fp/hard/crt0.o (memset)
C:/ST/STM32CubeIDE_1.16.1/STM32CubeIDE/plugins/com.st.stm32cube.ide.mcu.externaltools.gnu-tools-for-stm32.13.3.rel1.win32_1.0.0.202411081344/tools/bin/../lib/gcc/arm-none-eabi/13.3.1/../../../../arm-none-eabi/lib/thumb/v7e-m+fp/hard\libc_nano.a(libc_a-closer.o)
                              C:/ST/STM32CubeIDE_1.16.1/STM32CubeIDE/plugins/com.st.stm32cube.ide.mcu.externaltools.gnu-tools-for-stm32.13.3.rel1.win32_1.0.0.202411081344/tools/bin/../lib/gcc/arm-none-eabi/13.3.1/../../../../arm-none-eabi/lib/thumb/v7e-m+fp/hard\libc_nano.a(libc_a-stdio.o) (_close_r)
C:/ST/STM32CubeIDE_1.16.1/STM32CubeIDE/plugins/com.st.stm32cube.ide.mcu.externaltools.gnu-tools-for-stm32.13.3.rel1.win32_1.0.0.202411081344/tools/bin/../lib/gcc/arm-none-eabi/13.3.1/../../../../arm-none-eabi/lib/thumb/v7e-m+fp/hard\libc_nano.a(libc_a-reent.o)
                              C:/ST/STM32CubeIDE_1.16.1/STM32CubeIDE/plugins/com.st.stm32cube.ide.mcu.externaltools.gnu-tools-for-stm32.13.3.rel1.win32_1.0.0.202411081344/tools/bin/../lib/gcc/arm-none-eabi/13.3.1/../../../../arm-none-eabi/lib/thumb/v7e-m+fp/hard\libc_nano.a(libc_a-closer.o) (errno)
C:/ST/STM32CubeIDE_1.16.1/STM32CubeIDE/plugins/com.st.stm32cube.ide.mcu.externaltools.gnu-tools-for-stm32.13.3.rel1.win32_1.0.0.202411081344/tools/bin/../lib/gcc/arm-none-eabi/13.3.1/../../../../arm-none-eabi/lib/thumb/v7e-m+fp/hard\libc_nano.a(libc_a-impure.o)
                              C:/ST/STM32CubeIDE_1.16.1/STM32CubeIDE/plugins/com.st.stm32cube.ide.mcu.externaltools.gnu-tools-for-stm32.13.3.rel1.win32_1.0.0.202411081344/tools/bin/../lib/gcc/arm-none-eabi/13.3.1/../../../../arm-none-eabi/lib/thumb/v7e-m+fp/hard\libc_nano.a(libc_a-snprintf.o) (_impure_ptr)
[...]
Memory Configuration

Name             Origin             Length             Attributes
RAM              0x20000000         0x00020000         xrw
FLASH            0x08000000         0x00080000         xr
*default*        0x00000000         0xffffffff

Linker script and memory map

LOAD C:/ST/STM32CubeIDE_1.16.1/STM32CubeIDE/plugins/com.st.stm32cube.ide.mcu.externaltools.gnu-tools-for-stm32.13.3.rel1.win32_1.0.0.202411081344/tools/bin/../lib/gcc/arm-none-eabi/13.3.1/thumb/v7e-m+fp/hard/crti.o
LOAD C:/ST/STM32CubeIDE_1.16.1/STM32CubeIDE/plugins/com.st.stm32cube.ide.mcu.externaltools.gnu-tools-for-stm32.13.3.rel1.win32_1.0.0.202411081344/tools/bin/../lib/gcc/arm-none-eabi/13.3.1/thumb/v7e-m+fp/hard/crtbegin.o
LOAD C:/ST/STM32CubeIDE_1.16.1/STM32CubeIDE/plugins/com.st.stm32cube.ide.mcu.externaltools.gnu-tools-for-stm32.13.3.rel1.win32_1.0.0.202411081344/tools/bin/../lib/gcc/arm-none-eabi/13.3.1/../../../../arm-none-eabi/lib/thumb/v7e-m+fp/hard/crt0.o
LOAD ./Application/Src/app.o
LOAD ./Application/Src/audio.o
LOAD ./Application/Src/audio_buffer.o
LOAD ./Application/Src/basic_utils.o
LOAD ./Application/Src/data.o
LOAD ./Application/Src/data_commands.o
LOAD ./Application/Src/data_notes.o
LOAD ./Application/Src/logic.o
LOAD ./Application/Src/logic_audio.o
LOAD ./Application/Src/logic_chain.o
LOAD ./Application/Src/logic_instrument.o
LOAD ./Application/Src/logic_phrase.o
LOAD ./Application/Src/logic_project.o
LOAD ./Application/Src/logic_song.o
LOAD ./Application/Src/region.o
LOAD ./Application/Src/ui_config.o
LOAD ./Application/Src/video.o
LOAD ./Application/Src/void_utils.o
LOAD ./Core/Src/main.o
LOAD ./Core/Src/stm32g4xx_hal_msp.o
LOAD ./Core/Src/stm32g4xx_it.o
LOAD ./Core/Src/syscalls.o
LOAD ./Core/Src/sysmem.o
LOAD ./Core/Src/system_stm32g4xx.o
LOAD ./Core/Startup/startup_stm32g474qetx.o
LOAD ./Drivers/STM32G4xx_HAL_Driver/Src/stm32g4xx_hal.o
LOAD ./Drivers/STM32G4xx_HAL_Driver/Src/stm32g4xx_hal_cortex.o
LOAD ./Drivers/STM32G4xx_HAL_Driver/Src/stm32g4xx_hal_dma.o
LOAD ./Drivers/STM32G4xx_HAL_Driver/Src/stm32g4xx_hal_dma_ex.o
LOAD ./Drivers/STM32G4xx_HAL_Driver/Src/stm32g4xx_hal_exti.o
LOAD ./Drivers/STM32G4xx_HAL_Driver/Src/stm32g4xx_hal_flash.o
LOAD ./Drivers/STM32G4xx_HAL_Driver/Src/stm32g4xx_hal_flash_ex.o
LOAD ./Drivers/STM32G4xx_HAL_Driver/Src/stm32g4xx_hal_flash_ramfunc.o
LOAD ./Drivers/STM32G4xx_HAL_Driver/Src/stm32g4xx_hal_gpio.o
LOAD ./Drivers/STM32G4xx_HAL_Driver/Src/stm32g4xx_hal_nand.o
LOAD ./Drivers/STM32G4xx_HAL_Driver/Src/stm32g4xx_hal_nor.o
LOAD ./Drivers/STM32G4xx_HAL_Driver/Src/stm32g4xx_hal_pwr.o
LOAD ./Drivers/STM32G4xx_HAL_Driver/Src/stm32g4xx_hal_pwr_ex.o
LOAD ./Drivers/STM32G4xx_HAL_Driver/Src/stm32g4xx_hal_rcc.o
LOAD ./Drivers/STM32G4xx_HAL_Driver/Src/stm32g4xx_hal_rcc_ex.o
LOAD ./Drivers/STM32G4xx_HAL_Driver/Src/stm32g4xx_hal_sram.o
LOAD ./Drivers/STM32G4xx_HAL_Driver/Src/stm32g4xx_ll_adc.o
LOAD ./Drivers/STM32G4xx_HAL_Driver/Src/stm32g4xx_ll_cordic.o
LOAD ./Drivers/STM32G4xx_HAL_Driver/Src/stm32g4xx_ll_dma.o
LOAD ./Drivers/STM32G4xx_HAL_Driver/Src/stm32g4xx_ll_exti.o
LOAD ./Drivers/STM32G4xx_HAL_Driver/Src/stm32g4xx_ll_fmc.o
LOAD ./Drivers/STM32G4xx_HAL_Driver/Src/stm32g4xx_ll_gpio.o
LOAD ./Drivers/STM32G4xx_HAL_Driver/Src/stm32g4xx_ll_i2c.o
LOAD ./Drivers/STM32G4xx_HAL_Driver/Src/stm32g4xx_ll_pwr.o
LOAD ./Drivers/STM32G4xx_HAL_Driver/Src/stm32g4xx_ll_rcc.o
LOAD ./Drivers/STM32G4xx_HAL_Driver/Src/stm32g4xx_ll_spi.o
LOAD ./Drivers/STM32G4xx_HAL_Driver/Src/stm32g4xx_ll_tim.o
LOAD ./Drivers/STM32G4xx_HAL_Driver/Src/stm32g4xx_ll_utils.o
LOAD ./System/Src/LED.o
LOAD ./System/Src/backlight.o
LOAD ./System/Src/button.o
LOAD ./System/Src/cordic_math.o
LOAD ./System/Src/ili9341.o
LOAD ./System/Src/interrupt.o
LOAD ./System/Src/joystick.o
LOAD ./System/Src/lcd.o
LOAD ./System/Src/lcd_tileset.o
LOAD ./System/Src/micros.o
LOAD ./System/Src/sound.o
LOAD ./System/Src/ticks.o
START GROUP
LOAD C:/ST/STM32CubeIDE_1.16.1/STM32CubeIDE/plugins/com.st.stm32cube.ide.mcu.externaltools.gnu-tools-for-stm32.13.3.rel1.win32_1.0.0.202411081344/tools/bin/../lib/gcc/arm-none-eabi/13.3.1/../../../../arm-none-eabi/lib/thumb/v7e-m+fp/hard\libc_nano.a
LOAD C:/ST/STM32CubeIDE_1.16.1/STM32CubeIDE/plugins/com.st.stm32cube.ide.mcu.externaltools.gnu-tools-for-stm32.13.3.rel1.win32_1.0.0.202411081344/tools/bin/../lib/gcc/arm-none-eabi/13.3.1/../../../../arm-none-eabi/lib/thumb/v7e-m+fp/hard\libm.a
END GROUP
START GROUP
LOAD C:/ST/STM32CubeIDE_1.16.1/STM32CubeIDE/plugins/com.st.stm32cube.ide.mcu.externaltools.gnu-tools-for-stm32.13.3.rel1.win32_1.0.0.202411081344/tools/bin/../lib/gcc/arm-none-eabi/13.3.1/thumb/v7e-m+fp/hard\libgcc.a
LOAD C:/ST/STM32CubeIDE_1.16.1/STM32CubeIDE/plugins/com.st.stm32cube.ide.mcu.externaltools.gnu-tools-for-stm32.13.3.rel1.win32_1.0.0.202411081344/tools/bin/../lib/gcc/arm-none-eabi/13.3.1/../../../../arm-none-eabi/lib/thumb/v7e-m+fp/hard\libc_nano.a
END GROUP
START GROUP
LOAD C:/ST/STM32CubeIDE_1.16.1/STM32CubeIDE/plugins/com.st.stm32cube.ide.mcu.externaltools.gnu-tools-for-stm32.13.3.rel1.win32_1.0.0.202411081344/tools/bin/../lib/gcc/arm-none-eabi/13.3.1/thumb/v7e-m+fp/hard\libgcc.a
LOAD C:/ST/STM32CubeIDE_1.16.1/STM32CubeIDE/plugins/com.st.stm32cube.ide.mcu.externaltools.gnu-tools-for-stm32.13.3.rel1.win32_1.0.0.202411081344/tools/bin/../lib/gcc/arm-none-eabi/13.3.1/../../../../arm-none-eabi/lib/thumb/v7e-m+fp/hard\libc_nano.a
LOAD C:/ST/STM32CubeIDE_1.16.1/STM32CubeIDE/plugins/com.st.stm32cube.ide.mcu.externaltools.gnu-tools-for-stm32.13.3.rel1.win32_1.0.0.202411081344/tools/bin/../lib/gcc/arm-none-eabi/13.3.1/../../../../arm-none-eabi/lib/thumb/v7e-m+fp/hard\libnosys.a
END GROUP
START GROUP
LOAD C:/ST/STM32CubeIDE_1.16.1/STM32CubeIDE/plugins/com.st.stm32cube.ide.mcu.externaltools.gnu-tools-for-stm32.13.3.rel1.win32_1.0.0.202411081344/tools/bin/../lib/gcc/arm-none-eabi/13.3.1/thumb/v7e-m+fp/hard\libgcc.a
LOAD C:/ST/STM32CubeIDE_1.16.1/STM32CubeIDE/plugins/com.st.stm32cube.ide.mcu.externaltools.gnu-tools-for-stm32.13.3.rel1.win32_1.0.0.202411081344/tools/bin/../lib/gcc/arm-none-eabi/13.3.1/../../../../arm-none-eabi/lib/thumb/v7e-m+fp/hard\libc_nano.a
LOAD C:/ST/STM32CubeIDE_1.16.1/STM32CubeIDE/plugins/com.st.stm32cube.ide.mcu.externaltools.gnu-tools-for-stm32.13.3.rel1.win32_1.0.0.202411081344/tools/bin/../lib/gcc/arm-none-eabi/13.3.1/../../../../arm-none-eabi/lib/thumb/v7e-m+fp/hard\libnosys.a
END GROUP
LOAD C:/ST/STM32CubeIDE_1.16.1/STM32CubeIDE/plugins/com.st.stm32cube.ide.mcu.externaltools.gnu-tools-for-stm32.13.3.rel1.win32_1.0.0.202411081344/tools/bin/../lib/gcc/arm-none-eabi/13.3.1/thumb/v7e-m+fp/hard/crtend.o
LOAD C:/ST/STM32CubeIDE_1.16.1/STM32CubeIDE/plugins/com.st.stm32cube.ide.mcu.externaltools.gnu-tools-for-stm32.13.3.rel1.win32_1.0.0.202411081344/tools/bin/../lib/gcc/arm-none-eabi/13.3.1/thumb/v7e-m+fp/hard/crtn.o
                0x20020000                        _estack = (ORIGIN (RAM) + LENGTH (RAM))
                0x00000200                        _Min_Heap_Size = 0x200
                0x00000400                        _Min_Stack_Size = 0x400

.isr_vector     0x08000000      0x1d8
                0x08000000                        . = ALIGN (0x4)
 *(.isr_vector)
 .isr_vector    0x08000000      0x1d8 ./Core/Startup/startup_stm32g474qetx.o
                0x08000000                g_pfnVectors
                0x080001d8                        . = ALIGN (0x4)

.text           0x080001e0     0xbd40
                0x080001e0                        . = ALIGN (0x4)
 *(.text)
 .text          0x080001e0       0x40 C:/ST/STM32CubeIDE_1.16.1/STM32CubeIDE/plugins/com.st.stm32cube.ide.mcu.externaltools.gnu-tools-for-stm32.13.3.rel1.win32_1.0.0.202411081344/tools/bin/../lib/gcc/arm-none-eabi/13.3.1/thumb/v7e-m+fp/hard/crtbegin.o
 .text          0x08000220       0xa0 C:/ST/STM32CubeIDE_1.16.1/STM32CubeIDE/plugins/com.st.stm32cube.ide.mcu.externaltools.gnu-tools-for-stm32.13.3.rel1.win32_1.0.0.202411081344/tools/bin/../lib/gcc/arm-none-eabi/13.3.1/../../../../arm-none-eabi/lib/thumb/v7e-m+fp/hard\libc_nano.a(libc_a-memchr.o)
                0x08000220                memchr
 *(.text*)
 .text.app      0x080002c0        0xe ./Application/Src/app.o
                0x080002c0                app
 .text.app_init
                0x080002ce       0x68 ./Application/Src/app.o
 .text.app_main
                0x08000336       0x10 ./Application/Src/app.o
 .text.audio_update
                0x08000346       0x26 ./Application/Src/audio.o
                0x08000346                audio_update
 .text.audio_buffer_read
                0x0800036c       0x64 ./Application/Src/audio_buffer.o
                0x0800036c                audio_buffer_read
 .text.audio_buffer_write
                0x080003d0       0x68 ./Application/Src/audio_buffer.o
                0x080003d0                audio_buffer_write
 .text.audio_buffer_clear
                0x08000438       0x2c ./Application/Src/audio_buffer.o
                0x08000438                audio_buffer_clear
 .text.is_audio_buffer_empty
                0x08000464       0x20 ./Application/Src/audio_buffer.o
                0x08000464                is_audio_buffer_empty
 .text.is_audio_buffer_full
                0x08000484       0x24 ./Application/Src/audio_buffer.o
                0x08000484                is_audio_buffer_full
 .text.change_value_within_bounds
                0x080004a8       0x3e ./Application/Src/basic_utils.o
                0x080004a8                change_value_within_bounds
 *fill*         0x080004e6        0x2 
 .text.data_get_song_chain
                0x080004e8       0x44 ./Application/Src/data.o
                0x080004e8                data_get_song_chain
 .text.data_set_song_chain
                0x0800052c       0x48 ./Application/Src/data.o
                0x0800052c                data_set_song_chain
 .text.data_get_chain_phrase
                0x08000574       0x4c ./Application/Src/data.o
                0x08000574                data_get_chain_phrase
 .text.data_set_chain_phrase
                0x080005c0       0x50 ./Application/Src/data.o
                0x080005c0                data_set_chain_phrase
 .text.data_get_chain_transpose
                0x08000610       0x4c ./Application/Src/data.o
                0x08000610                data_get_chain_transpose
 .text.data_set_chain_transpose
                0x0800065c       0x50 ./Application/Src/data.o
                0x0800065c                data_set_chain_transpose
 .text.data_get_phrase_note
                0x080006ac       0x50 ./Application/Src/data.o
                0x080006ac                data_get_phrase_note
 .text.data_set_phrase_note
                0x080006fc       0x54 ./Application/Src/data.o
                0x080006fc                data_set_phrase_note
 .text.data_get_phrase_instrument
                0x08000750       0x54 ./Application/Src/data.o
                0x08000750                data_get_phrase_instrument
 .text.data_set_phrase_instrument
                0x080007a4       0x58 ./Application/Src/data.o
                0x080007a4                data_set_phrase_instrument
 .text.data_get_phrase_volume
                0x080007fc       0x50 ./Application/Src/data.o
                0x080007fc                data_get_phrase_volume
 .text.data_set_phrase_volume
                0x0800084c       0x54 ./Application/Src/data.o
                0x0800084c                data_set_phrase_volume
 .text.data_get_phrase_command
                0x080008a0       0x6c ./Application/Src/data.o
                0x080008a0                data_get_phrase_command
 .text.data_set_phrase_command
                0x0800090c       0x70 ./Application/Src/data.o
                0x0800090c                data_set_phrase_command
 .text.data_get_phrase_parameter
                0x0800097c       0x68 ./Application/Src/data.o
                0x0800097c                data_get_phrase_parameter
 .text.data_set_phrase_parameter
                0x080009e4       0x6c ./Application/Src/data.o
                0x080009e4                data_set_phrase_parameter
 .text.data_get_tempo
                0x08000a50       0x1c ./Application/Src/data.o
                0x08000a50                data_get_tempo
 .text.data_get_cursor_delay
                0x08000a6c       0x18 ./Application/Src/data.o
                0x08000a6c                data_get_cursor_delay
 .text.data_get_cursor_repeat
                0x08000a84       0x18 ./Application/Src/data.o
                0x08000a84                data_get_cursor_repeat
 .text.data_get_instrument
                0x08000a9c       0x38 ./Application/Src/data.o
                0x08000a9c                data_get_instrument
 .text.data_set_instrument
                0x08000ad4       0x40 ./Application/Src/data.o
                0x08000ad4                data_set_instrument
 .text.data_get_project_settings
                0x08000b14       0x38 ./Application/Src/data.o
                0x08000b14                data_get_project_settings
 .text.data_set_project_settings
                0x08000b4c       0x38 ./Application/Src/data.o
                0x08000b4c                data_set_project_settings
 .text.data_get_preferences
                0x08000b84       0x38 ./Application/Src/data.o
                0x08000b84                data_get_preferences
 .text.data_set_preferences
                0x08000bbc       0x38 ./Application/Src/data.o
                0x08000bbc                data_set_preferences
 .text.logic_update
                0x08000bf4       0x74 ./Application/Src/logic.o
                0x08000bf4                logic_update
 .text.logic_joystick_auto_repeat
                0x08000c68       0x88 ./Application/Src/logic.o
 .text.logic_state_init
                0x08000cf0       0x16 ./Application/Src/logic.o
 *fill*         0x08000d06        0x2 
 .text.logic_state_song
                0x08000d08      0x114 ./Application/Src/logic.o
 .text.logic_state_chain
                0x08000e1c       0xe0 ./Application/Src/logic.o
 .text.logic_state_phrase
                0x08000efc       0xf4 ./Application/Src/logic.o
 .text.logic_state_instrument
                0x08000ff0       0xb0 ./Application/Src/logic.o
 .text.logic_state_project
                0x080010a0       0x90 ./Application/Src/logic.o
 .text.logic_state_groove
                0x08001130       0x10 ./Application/Src/logic.o
 .text.draw_sidebar
                0x08001140        0xe ./Application/Src/logic.o
 .text.draw_map
                0x0800114e        0xe ./Application/Src/logic.o
 .text.play_song_from_start
                0x0800115c       0x18 ./Application/Src/logic.o
 .text.logic_audio_init
                0x08001174       0x9c ./Application/Src/logic_audio.o
                0x08001174                logic_audio_init
 .text.logic_audio_update
                0x08001210      0x190 ./Application/Src/logic_audio.o
                0x08001210                logic_audio_update
 .text.calculate_samples_per_tick
                0x080013a0       0x54 ./Application/Src/logic_audio.o
 .text.get_instrument_sample
                0x080013f4       0x9c ./Application/Src/logic_audio.o
 .text.update_current_note_instrument_volume
                0x08001490       0xbe ./Application/Src/logic_audio.o
 *fill*         0x0800154e        0x2 
 .text.chain_init
                0x08001550       0x34 ./Application/Src/logic_chain.o
                0x08001550                chain_init
 .text.chain_deinit
                0x08001584       0x14 ./Application/Src/logic_chain.o
                0x08001584                chain_deinit
 .text.chain_draw_title
                0x08001598       0x9c ./Application/Src/logic_chain.o
 .text.chain_draw_editor_chain
                0x08001634       0x18 ./Application/Src/logic_chain.o
 .text.chain_draw_editor_phrase_preview
                0x0800164c       0x4c ./Application/Src/logic_chain.o
 .text.chain_draw_editor_chain_labels
                0x08001698       0x58 ./Application/Src/logic_chain.o
 .text.chain_draw_editor_chain_row_numbers
                0x080016f0       0x58 ./Application/Src/logic_chain.o
 .text.chain_draw_editor_chain_spacing
                0x08001748       0x54 ./Application/Src/logic_chain.o
 .text.chain_draw_editor_chain_data
                0x0800179c      0x168 ./Application/Src/logic_chain.o
 .text.chain_draw_editor_phrase_preview_labels
                0x08001904       0x90 ./Application/Src/logic_chain.o
 .text.chain_draw_editor_phrase_preview_row_numbers
                0x08001994       0x58 ./Application/Src/logic_chain.o
 .text.chain_draw_editor_phrase_preview_spacing
                0x080019ec       0x68 ./Application/Src/logic_chain.o
 .text.chain_draw_editor_phrase_preview_data
                0x08001a54      0x234 ./Application/Src/logic_chain.o
 .text.chain_clear_title
                0x08001c88       0x1c ./Application/Src/logic_chain.o
 .text.chain_clear_editor_chain
                0x08001ca4       0x1c ./Application/Src/logic_chain.o
 .text.chain_clear_editor_phrase_preview
                0x08001cc0       0x1c ./Application/Src/logic_chain.o
 .text.chain_highlight_cursor
                0x08001cdc       0x6c ./Application/Src/logic_chain.o
 .text.chain_unhighlight_cursor
                0x08001d48      0x10c ./Application/Src/logic_chain.o
 .text.chain_highlight_label
                0x08001e54       0x40 ./Application/Src/logic_chain.o
 .text.chain_unhighlight_label
                0x08001e94       0x40 ./Application/Src/logic_chain.o
 .text.chain_highlight_row_number
                0x08001ed4       0x3c ./Application/Src/logic_chain.o
 .text.chain_unhighlight_row_number
                0x08001f10       0x3c ./Application/Src/logic_chain.o
 .text.chain_update_value
                0x08001f4c      0x114 ./Application/Src/logic_chain.o
 .text.chain_update_phrase_preview
                0x08002060       0x6c ./Application/Src/logic_chain.o
                0x08002060                chain_update_phrase_preview
 .text.chain_move_cursor
                0x080020cc       0xf4 ./Application/Src/logic_chain.o
                0x080020cc                chain_move_cursor
 .text.chain_insert_value
                0x080021c0       0xa4 ./Application/Src/logic_chain.o
                0x080021c0                chain_insert_value
 .text.chain_delete_value
                0x08002264       0xa0 ./Application/Src/logic_chain.o
                0x08002264                chain_delete_value
 .text.chain_change_value
                0x08002304      0x19c ./Application/Src/logic_chain.o
                0x08002304                chain_change_value
 .text.chain_get_selected_phrase
                0x080024a0       0x24 ./Application/Src/logic_chain.o
                0x080024a0                chain_get_selected_phrase
 .text.instrument_init
                0x080024c4       0x2c ./Application/Src/logic_instrument.o
                0x080024c4                instrument_init
 .text.instrument_deinit
                0x080024f0       0x14 ./Application/Src/logic_instrument.o
                0x080024f0                instrument_deinit
 .text.instrument_draw_title
                0x08002504       0x98 ./Application/Src/logic_instrument.o
                0x08002504                instrument_draw_title
 .text.instrument_draw_editor_common_config
                0x0800259c       0x10 ./Application/Src/logic_instrument.o
                0x0800259c                instrument_draw_editor_common_config
 .text.instrument_draw_editor_type_config
                0x080025ac       0x10 ./Application/Src/logic_instrument.o
                0x080025ac                instrument_draw_editor_type_config
 .text.instrument_draw_editor_common_config_labels
                0x080025bc       0x6c ./Application/Src/logic_instrument.o
                0x080025bc                instrument_draw_editor_common_config_labels
 .text.instrument_draw_editor_common_config_data
                0x08002628      0x124 ./Application/Src/logic_instrument.o
                0x08002628                instrument_draw_editor_common_config_data
 .text.instrument_draw_editor_type_config_labels
                0x0800274c       0x78 ./Application/Src/logic_instrument.o
                0x0800274c                instrument_draw_editor_type_config_labels
 .text.instrument_draw_editor_type_config_data
                0x080027c4      0x130 ./Application/Src/logic_instrument.o
                0x080027c4                instrument_draw_editor_type_config_data
 .text.instrument_clear_title
                0x080028f4       0x20 ./Application/Src/logic_instrument.o
                0x080028f4                instrument_clear_title
 .text.instrument_clear_editor_common_config
                0x08002914       0x20 ./Application/Src/logic_instrument.o
                0x08002914                instrument_clear_editor_common_config
 .text.instrument_clear_editor_type_config
                0x08002934       0x20 ./Application/Src/logic_instrument.o
                0x08002934                instrument_clear_editor_type_config
 .text.instrument_update_value
                0x08002954      0x138 ./Application/Src/logic_instrument.o
                0x08002954                instrument_update_value
 .text.instrument_highlight_cursor
                0x08002a8c       0xc0 ./Application/Src/logic_instrument.o
                0x08002a8c                instrument_highlight_cursor
 .text.instrument_unhighlight_cursor
                0x08002b4c       0xc0 ./Application/Src/logic_instrument.o
                0x08002b4c                instrument_unhighlight_cursor
 .text.instrument_move_cursor
                0x08002c0c      0x15c ./Application/Src/logic_instrument.o
                0x08002c0c                instrument_move_cursor
 .text.instrument_change_value
                0x08002d68      0x214 ./Application/Src/logic_instrument.o
                0x08002d68                instrument_change_value
 .text.phrase_init
                0x08002f7c       0x34 ./Application/Src/logic_phrase.o
                0x08002f7c                phrase_init
 .text.phrase_deinit
                0x08002fb0       0x14 ./Application/Src/logic_phrase.o
                0x08002fb0                phrase_deinit
 .text.phrase_draw_title
                0x08002fc4       0x9c ./Application/Src/logic_phrase.o
 .text.phrase_draw_editor_phrase
                0x08003060       0x18 ./Application/Src/logic_phrase.o
 .text.phrase_draw_editor_command_description
                0x08003078       0x30 ./Application/Src/logic_phrase.o
 .text.phrase_draw_editor_phrase_labels
                0x080030a8      0x138 ./Application/Src/logic_phrase.o
 .text.phrase_draw_editor_phrase_row_numbers
                0x080031e0       0x58 ./Application/Src/logic_phrase.o
 .text.phrase_draw_editor_phrase_spacing
                0x08003238       0xb4 ./Application/Src/logic_phrase.o
 .text.phrase_draw_editor_phrase_data
                0x080032ec      0x5b0 ./Application/Src/logic_phrase.o
 .text.phrase_draw_editor_command_description_name
                0x0800389c      0x13c ./Application/Src/logic_phrase.o
 .text.phrase_draw_editor_command_description_description
                0x080039d8      0x118 ./Application/Src/logic_phrase.o
 .text.phrase_clear_title
                0x08003af0       0x1c ./Application/Src/logic_phrase.o
 .text.phrase_clear_editor_phrase
                0x08003b0c       0x1c ./Application/Src/logic_phrase.o
 .text.phrase_clear_editor_command_description
                0x08003b28       0x1c ./Application/Src/logic_phrase.o
 .text.phrase_highlight_cursor
                0x08003b44      0x164 ./Application/Src/logic_phrase.o
 .text.phrase_unhighlight_cursor
                0x08003ca8      0x254 ./Application/Src/logic_phrase.o
 .text.phrase_highlight_label
                0x08003efc       0xdc ./Application/Src/logic_phrase.o
 .text.phrase_unhighlight_label
                0x08003fd8       0xdc ./Application/Src/logic_phrase.o
 .text.phrase_highlight_row_number
                0x080040b4       0x3c ./Application/Src/logic_phrase.o
 .text.phrase_unhighlight_row_number
                0x080040f0       0x3c ./Application/Src/logic_phrase.o
 .text.phrase_update_value
                0x0800412c      0x450 ./Application/Src/logic_phrase.o
 .text.phrase_update_command_description
                0x0800457c       0x5c ./Application/Src/logic_phrase.o
 .text.phrase_move_cursor
                0x080045d8      0x13c ./Application/Src/logic_phrase.o
                0x080045d8                phrase_move_cursor
 .text.phrase_insert_value
                0x08004714      0x1bc ./Application/Src/logic_phrase.o
                0x08004714                phrase_insert_value
 .text.phrase_delete_value
                0x080048d0      0x1b4 ./Application/Src/logic_phrase.o
                0x080048d0                phrase_delete_value
 .text.phrase_change_value
                0x08004a84      0x408 ./Application/Src/logic_phrase.o
                0x08004a84                phrase_change_value
 .text.phrase_get_selected_command
                0x08004e8c       0x3c ./Application/Src/logic_phrase.o
 .text.phrase_get_selected_instrument
                0x08004ec8       0x24 ./Application/Src/logic_phrase.o
                0x08004ec8                phrase_get_selected_instrument
 .text.project_init
                0x08004eec       0x14 ./Application/Src/logic_project.o
                0x08004eec                project_init
 .text.project_deinit
                0x08004f00       0x10 ./Application/Src/logic_project.o
                0x08004f00                project_deinit
 .text.project_move_cursor
                0x08004f10      0x12c ./Application/Src/logic_project.o
                0x08004f10                project_move_cursor
 .text.project_draw_title
                0x0800503c       0x5c ./Application/Src/logic_project.o
                0x0800503c                project_draw_title
 .text.project_draw_editor
                0x08005098       0x10 ./Application/Src/logic_project.o
                0x08005098                project_draw_editor
 .text.project_draw_editor_project_settings
                0x080050a8       0x20 ./Application/Src/logic_project.o
                0x080050a8                project_draw_editor_project_settings
 .text.project_draw_editor_preferences
                0x080050c8       0x20 ./Application/Src/logic_project.o
                0x080050c8                project_draw_editor_preferences
 .text.project_highlight_cursor
                0x080050e8       0x68 ./Application/Src/logic_project.o
                0x080050e8                project_highlight_cursor
 .text.project_unhighlight_cursor
                0x08005150       0x68 ./Application/Src/logic_project.o
                0x08005150                project_unhighlight_cursor
 .text.project_clear_title
                0x080051b8       0x20 ./Application/Src/logic_project.o
                0x080051b8                project_clear_title
 .text.project_clear_editor
                0x080051d8       0x10 ./Application/Src/logic_project.o
                0x080051d8                project_clear_editor
 .text.project_clear_editor_project_settings
                0x080051e8       0x20 ./Application/Src/logic_project.o
                0x080051e8                project_clear_editor_project_settings
 .text.project_clear_editor_preferences
                0x08005208       0x20 ./Application/Src/logic_project.o
                0x08005208                project_clear_editor_preferences
 .text.song_init
                0x08005228       0x1c ./Application/Src/logic_song.o
                0x08005228                song_init
 .text.song_deinit
                0x08005244       0x10 ./Application/Src/logic_song.o
                0x08005244                song_deinit
 .text.song_draw_title
                0x08005254       0x4c ./Application/Src/logic_song.o
 .text.song_draw_editor_song
                0x080052a0       0x18 ./Application/Src/logic_song.o
 .text.song_draw_editor_song_channel_labels
                0x080052b8       0x60 ./Application/Src/logic_song.o
 .text.song_draw_editor_song_row_numbers
                0x08005318       0xf4 ./Application/Src/logic_song.o
 .text.song_draw_editor_song_spacing
                0x0800540c       0x84 ./Application/Src/logic_song.o
 .text.song_draw_editor_song_data
                0x08005490      0x10c ./Application/Src/logic_song.o
 .text.song_clear_title
                0x0800559c       0x1c ./Application/Src/logic_song.o
 .text.song_clear_editor_song
                0x080055b8       0x1c ./Application/Src/logic_song.o
 .text.song_highlight_cursor
                0x080055d4       0x5c ./Application/Src/logic_song.o
 .text.song_unhighlight_cursor
                0x08005630       0xb0 ./Application/Src/logic_song.o
 .text.song_highlight_channel_label
                0x080056e0       0x28 ./Application/Src/logic_song.o
 .text.song_unhighlight_channel_label
                0x08005708       0x28 ./Application/Src/logic_song.o
 .text.song_highlight_row_number
                0x08005730       0x7c ./Application/Src/logic_song.o
 .text.song_unhighlight_row_number
                0x080057ac       0x7c ./Application/Src/logic_song.o
 .text.song_update_chain
                0x08005828       0xac ./Application/Src/logic_song.o
 .text.song_move_cursor
                0x080058d4      0x170 ./Application/Src/logic_song.o
                0x080058d4                song_move_cursor
 .text.song_move_page
                0x08005a44       0xec ./Application/Src/logic_song.o
                0x08005a44                song_move_page
 .text.song_insert_chain
                0x08005b30       0x50 ./Application/Src/logic_song.o
                0x08005b30                song_insert_chain
 .text.song_delete_chain
                0x08005b80       0x4c ./Application/Src/logic_song.o
                0x08005b80                song_delete_chain
 .text.song_change_chain
                0x08005bcc       0xc8 ./Application/Src/logic_song.o
                0x08005bcc                song_change_chain
 .text.song_get_selected_chain
                0x08005c94       0x20 ./Application/Src/logic_song.o
                0x08005c94                song_get_selected_chain
 .text.region_draw
                0x08005cb4       0x64 ./Application/Src/region.o
                0x08005cb4                region_draw
 .text.region_change_symbol
                0x08005d18       0x60 ./Application/Src/region.o
                0x08005d18                region_change_symbol
 .text.region_change_color
                0x08005d78       0x60 ./Application/Src/region.o
                0x08005d78                region_change_color
 .text.region_fill
                0x08005dd8       0x66 ./Application/Src/region.o
                0x08005dd8                region_fill
 .text.region_draw_text
                0x08005e3e      0x18a ./Application/Src/region.o
                0x08005e3e                region_draw_text
 .text.ui_config_draw
                0x08005fc8       0x78 ./Application/Src/ui_config.o
                0x08005fc8                ui_config_draw
 .text.ui_config_highligh_data
                0x08006040       0x7c ./Application/Src/ui_config.o
                0x08006040                ui_config_highligh_data
 .text.ui_config_unhighligh_data
                0x080060bc       0x7c ./Application/Src/ui_config.o
                0x080060bc                ui_config_unhighligh_data
 .text.ui_config_draw_group_label
                0x08006138       0x56 ./Application/Src/ui_config.o
 .text.ui_config_draw_label
                0x0800618e       0x56 ./Application/Src/ui_config.o
 .text.ui_config_draw_data
                0x080061e4      0x184 ./Application/Src/ui_config.o
 .text.video_update
                0x08006368       0x16 ./Application/Src/video.o
                0x08006368                video_update
 *fill*         0x0800637e        0x2 
 .text.copy_data
                0x08006380       0xc8 ./Application/Src/void_utils.o
                0x08006380                copy_data
 .text.__NVIC_GetPriorityGrouping
                0x08006448       0x1c ./Core/Src/main.o
 .text.__NVIC_EnableIRQ
                0x08006464       0x3c ./Core/Src/main.o
 .text.__NVIC_SetPriority
                0x080064a0       0x54 ./Core/Src/main.o
 .text.NVIC_EncodePriority
                0x080064f4       0x66 ./Core/Src/main.o
 .text.LL_ADC_SetGainCompensation
                0x0800655a       0x4a ./Core/Src/main.o
 .text.LL_ADC_REG_SetTriggerEdge
                0x080065a4       0x26 ./Core/Src/main.o
 .text.LL_ADC_REG_SetSequencerRanks
                0x080065ca       0x58 ./Core/Src/main.o
 .text.LL_ADC_SetChannelSamplingTime
                0x08006622       0x56 ./Core/Src/main.o
 .text.LL_ADC_SetChannelSingleDiff
                0x08006678       0x48 ./Core/Src/main.o
 .text.LL_ADC_SetOverSamplingScope
                0x080066c0       0x2a ./Core/Src/main.o
 .text.LL_ADC_DisableDeepPowerDown
                0x080066ea       0x24 ./Core/Src/main.o
 .text.LL_ADC_EnableInternalRegulator
                0x0800670e       0x28 ./Core/Src/main.o
 *fill*         0x08006736        0x2 
 .text.LL_DMA_SetDataTransferDirection
                0x08006738       0x50 ./Core/Src/main.o
 .text.LL_DMA_SetMode
                0x08006788       0x4c ./Core/Src/main.o
 .text.LL_DMA_SetPeriphIncMode
                0x080067d4       0x4c ./Core/Src/main.o
 .text.LL_DMA_SetMemoryIncMode
                0x08006820       0x4c ./Core/Src/main.o
 .text.LL_DMA_SetPeriphSize
                0x0800686c       0x4c ./Core/Src/main.o
 .text.LL_DMA_SetMemorySize
                0x080068b8       0x4c ./Core/Src/main.o
 .text.LL_DMA_SetChannelPriorityLevel
                0x08006904       0x4c ./Core/Src/main.o
 .text.LL_DMA_SetPeriphRequest
                0x08006950       0x54 ./Core/Src/main.o
 .text.LL_I2C_EnableClockStretching
                0x080069a4       0x20 ./Core/Src/main.o
 .text.LL_I2C_DisableGeneralCall
                0x080069c4       0x20 ./Core/Src/main.o
 .text.LL_I2C_SetOwnAddress2
                0x080069e4       0x30 ./Core/Src/main.o
 .text.LL_I2C_DisableOwnAddress2
                0x08006a14       0x20 ./Core/Src/main.o
 .text.LL_I2C_EnableAutoEndMode
                0x08006a34       0x20 ./Core/Src/main.o
 .text.LL_SPI_SetStandard
                0x08006a54       0x26 ./Core/Src/main.o
 .text.LL_SPI_EnableNSSPulseMgt
                0x08006a7a       0x20 ./Core/Src/main.o
 *fill*         0x08006a9a        0x2 
 .text.LL_RCC_HSE_EnableBypass
                0x08006a9c       0x20 ./Core/Src/main.o
 .text.LL_RCC_HSE_Enable
                0x08006abc       0x20 ./Core/Src/main.o
 .text.LL_RCC_HSE_IsReady
                0x08006adc       0x28 ./Core/Src/main.o
 .text.LL_RCC_SetSysClkSource
                0x08006b04       0x28 ./Core/Src/main.o
 .text.LL_RCC_GetSysClkSource
                0x08006b2c       0x1c ./Core/Src/main.o
 .text.LL_RCC_SetAHBPrescaler
                0x08006b48       0x28 ./Core/Src/main.o
 .text.LL_RCC_SetAPB1Prescaler
                0x08006b70       0x28 ./Core/Src/main.o
 .text.LL_RCC_SetAPB2Prescaler
                0x08006b98       0x28 ./Core/Src/main.o
 .text.LL_RCC_SetI2CClockSource
                0x08006bc0       0x50 ./Core/Src/main.o
 .text.LL_RCC_SetI2SClockSource
                0x08006c10       0x2c ./Core/Src/main.o
 .text.LL_RCC_SetADCClockSource
                0x08006c3c       0x48 ./Core/Src/main.o
 .text.LL_RCC_PLL_Enable
                0x08006c84       0x20 ./Core/Src/main.o
 .text.LL_RCC_PLL_IsReady
                0x08006ca4       0x28 ./Core/Src/main.o
 .text.LL_RCC_PLL_ConfigDomain_SYS
                0x08006ccc       0x40 ./Core/Src/main.o
 .text.LL_RCC_PLL_EnableDomain_SYS
                0x08006d0c       0x20 ./Core/Src/main.o
 .text.LL_AHB1_GRP1_EnableClock
                0x08006d2c       0x30 ./Core/Src/main.o
 .text.LL_AHB2_GRP1_EnableClock
                0x08006d5c       0x30 ./Core/Src/main.o
 .text.LL_APB1_GRP1_EnableClock
                0x08006d8c       0x30 ./Core/Src/main.o
 .text.LL_APB2_GRP1_EnableClock
                0x08006dbc       0x30 ./Core/Src/main.o
 .text.LL_FLASH_SetLatency
                0x08006dec       0x28 ./Core/Src/main.o
 .text.LL_FLASH_GetLatency
                0x08006e14       0x1c ./Core/Src/main.o
 .text.LL_PWR_EnableRange1BoostMode
                0x08006e30       0x24 ./Core/Src/main.o
 .text.LL_TIM_DisableARRPreload
                0x08006e54       0x20 ./Core/Src/main.o
 .text.LL_TIM_OC_DisableFast
                0x08006e74       0xb0 ./Core/Src/main.o
 .text.LL_TIM_OC_EnablePreload
                0x08006f24       0xac ./Core/Src/main.o
 .text.LL_TIM_SetClockSource
                0x08006fd0       0x2a ./Core/Src/main.o
 .text.LL_TIM_SetTriggerOutput
                0x08006ffa       0x2a ./Core/Src/main.o
 .text.LL_TIM_DisableMasterSlaveMode
                0x08007024       0x20 ./Core/Src/main.o
 .text.LL_TIM_EnableIT_UPDATE
                0x08007044       0x20 ./Core/Src/main.o
 .text.LL_GPIO_ResetOutputPin
                0x08007064       0x1c ./Core/Src/main.o
 .text.main     0x08007080       0x50 ./Core/Src/main.o
                0x08007080                main
 .text.SystemClock_Config
                0x080070d0       0xb0 ./Core/Src/main.o
                0x080070d0                SystemClock_Config
 .text.MX_ADC4_Init
                0x08007180      0x1ec ./Core/Src/main.o
 .text.MX_CORDIC_Init
                0x0800736c        0xe ./Core/Src/main.o
 *fill*         0x0800737a        0x2 
 .text.MX_I2C3_Init
                0x0800737c       0xe8 ./Core/Src/main.o
 .text.MX_I2S3_Init
                0x08007464       0xe8 ./Core/Src/main.o
 .text.MX_SPI1_Init
                0x0800754c       0xf4 ./Core/Src/main.o
 .text.MX_TIM2_Init
                0x08007640       0x64 ./Core/Src/main.o
 .text.MX_TIM3_Init
                0x080076a4       0x60 ./Core/Src/main.o
 .text.MX_TIM4_Init
                0x08007704       0xdc ./Core/Src/main.o
 .text.MX_TIM6_Init
                0x080077e0       0x78 ./Core/Src/main.o
 .text.MX_DMA_Init
                0x08007858       0x90 ./Core/Src/main.o
 .text.MX_FMC_Init
                0x080078e8       0xd0 ./Core/Src/main.o
 .text.MX_GPIO_Init
                0x080079b8      0x24c ./Core/Src/main.o
 .text.Error_Handler
                0x08007c04        0xc ./Core/Src/main.o
                0x08007c04                Error_Handler
 .text.HAL_MspInit
                0x08007c10       0x48 ./Core/Src/stm32g4xx_hal_msp.o
                0x08007c10                HAL_MspInit
 .text.HAL_FMC_MspInit
                0x08007c58       0xb8 ./Core/Src/stm32g4xx_hal_msp.o
 .text.HAL_SRAM_MspInit
                0x08007d10       0x14 ./Core/Src/stm32g4xx_hal_msp.o
                0x08007d10                HAL_SRAM_MspInit
 .text.LL_TIM_ClearFlag_UPDATE
                0x08007d24       0x1c ./Core/Src/stm32g4xx_it.o
 .text.NMI_Handler
                0x08007d40        0x8 ./Core/Src/stm32g4xx_it.o
                0x08007d40                NMI_Handler
 .text.HardFault_Handler
                0x08007d48        0x8 ./Core/Src/stm32g4xx_it.o
                0x08007d48                HardFault_Handler
 .text.MemManage_Handler
                0x08007d50        0x8 ./Core/Src/stm32g4xx_it.o
                0x08007d50                MemManage_Handler
 .text.BusFault_Handler
                0x08007d58        0x8 ./Core/Src/stm32g4xx_it.o
                0x08007d58                BusFault_Handler
 .text.UsageFault_Handler
                0x08007d60        0x8 ./Core/Src/stm32g4xx_it.o
                0x08007d60                UsageFault_Handler
 .text.SVC_Handler
                0x08007d68        0xe ./Core/Src/stm32g4xx_it.o
                0x08007d68                SVC_Handler
 .text.DebugMon_Handler
                0x08007d76        0xe ./Core/Src/stm32g4xx_it.o
                0x08007d76                DebugMon_Handler
 .text.PendSV_Handler
                0x08007d84        0xe ./Core/Src/stm32g4xx_it.o
                0x08007d84                PendSV_Handler
 .text.SysTick_Handler
                0x08007d92        0xc ./Core/Src/stm32g4xx_it.o
                0x08007d92                SysTick_Handler
 *fill*         0x08007d9e        0x2 
 .text.TIM6_DAC_IRQHandler
                0x08007da0       0x18 ./Core/Src/stm32g4xx_it.o
                0x08007da0                TIM6_DAC_IRQHandler
 .text._sbrk    0x08007db8       0x6c ./Core/Src/sysmem.o
                0x08007db8                _sbrk
 .text.SystemInit
                0x08007e24       0x24 ./Core/Src/system_stm32g4xx.o
                0x08007e24                SystemInit
 .text.Reset_Handler
                0x08007e48       0x50 ./Core/Startup/startup_stm32g474qetx.o
                0x08007e48                Reset_Handler
 .text.Default_Handler
                0x08007e98        0x2 ./Core/Startup/startup_stm32g474qetx.o
                0x08007e98                RTC_Alarm_IRQHandler
                0x08007e98                EXTI2_IRQHandler
                0x08007e98                TIM8_TRG_COM_IRQHandler
                0x08007e98                TIM8_CC_IRQHandler
                0x08007e98                HRTIM1_Master_IRQHandler
                0x08007e98                SPI4_IRQHandler
                0x08007e98                FDCAN3_IT0_IRQHandler
                0x08007e98                TIM1_CC_IRQHandler
                0x08007e98                HRTIM1_FLT_IRQHandler
                0x08007e98                HRTIM1_TIMF_IRQHandler
                0x08007e98                USB_HP_IRQHandler
                0x08007e98                CORDIC_IRQHandler
                0x08007e98                HRTIM1_TIMD_IRQHandler
                0x08007e98                DMA2_Channel8_IRQHandler
                0x08007e98                EXTI3_IRQHandler
                0x08007e98                I2C3_ER_IRQHandler
                0x08007e98                EXTI0_IRQHandler
                0x08007e98                I2C2_EV_IRQHandler
                0x08007e98                FPU_IRQHandler
                0x08007e98                FDCAN1_IT1_IRQHandler
                0x08007e98                TIM1_UP_TIM16_IRQHandler
                0x08007e98                ADC1_2_IRQHandler
                0x08007e98                HRTIM1_TIME_IRQHandler
                0x08007e98                SPI1_IRQHandler
                0x08007e98                HRTIM1_TIMC_IRQHandler
                0x08007e98                TIM8_UP_IRQHandler
                0x08007e98                DMA2_Channel2_IRQHandler
                0x08007e98                DMA1_Channel4_IRQHandler
                0x08007e98                TIM20_TRG_COM_IRQHandler
                0x08007e98                USART3_IRQHandler
                0x08007e98                DMA1_Channel7_IRQHandler
                0x08007e98                UART5_IRQHandler
                0x08007e98                ADC3_IRQHandler
                0x08007e98                TIM4_IRQHandler
                0x08007e98                DMA2_Channel1_IRQHandler
                0x08007e98                QUADSPI_IRQHandler
                0x08007e98                I2C1_EV_IRQHandler
                0x08007e98                DMA1_Channel6_IRQHandler
                0x08007e98                UART4_IRQHandler
                0x08007e98                DMA2_Channel4_IRQHandler
                0x08007e98                TIM3_IRQHandler
                0x08007e98                RCC_IRQHandler
                0x08007e98                TIM20_UP_IRQHandler
                0x08007e98                DMA1_Channel1_IRQHandler
                0x08007e98                Default_Handler
                0x08007e98                DMA2_Channel7_IRQHandler
                0x08007e98                RTC_TAMP_LSECSS_IRQHandler
                0x08007e98                FMAC_IRQHandler
                0x08007e98                EXTI15_10_IRQHandler
                0x08007e98                DMA1_Channel8_IRQHandler
                0x08007e98                HRTIM1_TIMA_IRQHandler
                0x08007e98                TIM7_DAC_IRQHandler
                0x08007e98                FDCAN3_IT1_IRQHandler
                0x08007e98                TIM5_IRQHandler
                0x08007e98                UCPD1_IRQHandler
                0x08007e98                I2C3_EV_IRQHandler
                0x08007e98                EXTI9_5_IRQHandler
                0x08007e98                RTC_WKUP_IRQHandler
                0x08007e98                PVD_PVM_IRQHandler
                0x08007e98                SPI2_IRQHandler
                0x08007e98                ADC5_IRQHandler
                0x08007e98                DMA2_Channel5_IRQHandler
                0x08007e98                CRS_IRQHandler
                0x08007e98                DMA1_Channel5_IRQHandler
                0x08007e98                USB_LP_IRQHandler
                0x08007e98                EXTI4_IRQHandler
                0x08007e98                RNG_IRQHandler
                0x08007e98                HRTIM1_TIMB_IRQHandler
                0x08007e98                TIM1_TRG_COM_TIM17_IRQHandler
                0x08007e98                FDCAN2_IT1_IRQHandler
                0x08007e98                DMA1_Channel3_IRQHandler
                0x08007e98                ADC4_IRQHandler
                0x08007e98                WWDG_IRQHandler
                0x08007e98                I2C4_EV_IRQHandler
                0x08007e98                FDCAN2_IT0_IRQHandler
                0x08007e98                LPUART1_IRQHandler
                0x08007e98                DMA2_Channel6_IRQHandler
                0x08007e98                FDCAN1_IT0_IRQHandler
                0x08007e98                TIM2_IRQHandler
                0x08007e98                COMP7_IRQHandler
                0x08007e98                COMP1_2_3_IRQHandler
                0x08007e98                EXTI1_IRQHandler
                0x08007e98                USART2_IRQHandler
                0x08007e98                COMP4_5_6_IRQHandler
                0x08007e98                TIM20_BRK_IRQHandler
                0x08007e98                I2C2_ER_IRQHandler
                0x08007e98                DMA1_Channel2_IRQHandler
                0x08007e98                TIM8_BRK_IRQHandler
                0x08007e98                FLASH_IRQHandler
                0x08007e98                TIM20_CC_IRQHandler
                0x08007e98                USART1_IRQHandler
                0x08007e98                SPI3_IRQHandler
                0x08007e98                I2C1_ER_IRQHandler
                0x08007e98                FMC_IRQHandler
                0x08007e98                LPTIM1_IRQHandler
                0x08007e98                DMAMUX_OVR_IRQHandler
                0x08007e98                I2C4_ER_IRQHandler
                0x08007e98                USBWakeUp_IRQHandler
                0x08007e98                SAI1_IRQHandler
                0x08007e98                DMA2_Channel3_IRQHandler
                0x08007e98                TIM1_BRK_TIM15_IRQHandler
 .text.HAL_Init
                0x08007e9a       0x30 ./Drivers/STM32G4xx_HAL_Driver/Src/stm32g4xx_hal.o
                0x08007e9a                HAL_Init
 *fill*         0x08007eca        0x2 
 .text.HAL_InitTick
                0x08007ecc       0x74 ./Drivers/STM32G4xx_HAL_Driver/Src/stm32g4xx_hal.o
                0x08007ecc                HAL_InitTick
 .text.HAL_IncTick
                0x08007f40       0x24 ./Drivers/STM32G4xx_HAL_Driver/Src/stm32g4xx_hal.o
                0x08007f40                HAL_IncTick
 .text.__NVIC_SetPriorityGrouping
                0x08007f64       0x48 ./Drivers/STM32G4xx_HAL_Driver/Src/stm32g4xx_hal_cortex.o
 .text.__NVIC_GetPriorityGrouping
                0x08007fac       0x1c ./Drivers/STM32G4xx_HAL_Driver/Src/stm32g4xx_hal_cortex.o
 .text.__NVIC_SetPriority
                0x08007fc8       0x54 ./Drivers/STM32G4xx_HAL_Driver/Src/stm32g4xx_hal_cortex.o
 .text.NVIC_EncodePriority
                0x0800801c       0x66 ./Drivers/STM32G4xx_HAL_Driver/Src/stm32g4xx_hal_cortex.o
 *fill*         0x08008082        0x2 
 .text.SysTick_Config
                0x08008084       0x44 ./Drivers/STM32G4xx_HAL_Driver/Src/stm32g4xx_hal_cortex.o
 .text.HAL_NVIC_SetPriorityGrouping
                0x080080c8       0x16 ./Drivers/STM32G4xx_HAL_Driver/Src/stm32g4xx_hal_cortex.o
                0x080080c8                HAL_NVIC_SetPriorityGrouping
 .text.HAL_NVIC_SetPriority
                0x080080de       0x34 ./Drivers/STM32G4xx_HAL_Driver/Src/stm32g4xx_hal_cortex.o
                0x080080de                HAL_NVIC_SetPriority
 .text.HAL_SYSTICK_Config
                0x08008112       0x18 ./Drivers/STM32G4xx_HAL_Driver/Src/stm32g4xx_hal_cortex.o
                0x08008112                HAL_SYSTICK_Config
 *fill*         0x0800812a        0x2 
 .text.HAL_GPIO_Init
                0x0800812c      0x304 ./Drivers/STM32G4xx_HAL_Driver/Src/stm32g4xx_hal_gpio.o
                0x0800812c                HAL_GPIO_Init
 .text.HAL_PWREx_DisableUCPDDeadBattery
                0x08008430       0x20 ./Drivers/STM32G4xx_HAL_Driver/Src/stm32g4xx_hal_pwr_ex.o
                0x08008430                HAL_PWREx_DisableUCPDDeadBattery
 .text.HAL_SRAM_Init
                0x08008450       0x90 ./Drivers/STM32G4xx_HAL_Driver/Src/stm32g4xx_hal_sram.o
                0x08008450                HAL_SRAM_Init
 .text.LL_ADC_REG_SetSequencerLength
                0x080084e0       0x26 ./Drivers/STM32G4xx_HAL_Driver/Src/stm32g4xx_ll_adc.o
 .text.LL_ADC_IsEnabled
                0x08008506       0x26 ./Drivers/STM32G4xx_HAL_Driver/Src/stm32g4xx_ll_adc.o
 .text.LL_ADC_CommonInit
                0x0800852c       0xc8 ./Drivers/STM32G4xx_HAL_Driver/Src/stm32g4xx_ll_adc.o
                0x0800852c                LL_ADC_CommonInit
 .text.LL_ADC_Init
                0x080085f4       0x4c ./Drivers/STM32G4xx_HAL_Driver/Src/stm32g4xx_ll_adc.o
                0x080085f4                LL_ADC_Init
 .text.LL_ADC_REG_Init
                0x08008640       0x94 ./Drivers/STM32G4xx_HAL_Driver/Src/stm32g4xx_ll_adc.o
                0x08008640                LL_ADC_REG_Init
 .text.FMC_NORSRAM_Init
                0x080086d4      0x19c ./Drivers/STM32G4xx_HAL_Driver/Src/stm32g4xx_ll_fmc.o
                0x080086d4                FMC_NORSRAM_Init
 .text.FMC_NORSRAM_Timing_Init
                0x08008870       0x9a ./Drivers/STM32G4xx_HAL_Driver/Src/stm32g4xx_ll_fmc.o
                0x08008870                FMC_NORSRAM_Timing_Init
 .text.FMC_NORSRAM_Extended_Timing_Init
                0x0800890a       0x74 ./Drivers/STM32G4xx_HAL_Driver/Src/stm32g4xx_ll_fmc.o
                0x0800890a                FMC_NORSRAM_Extended_Timing_Init
 .text.LL_GPIO_SetPinMode
                0x0800897e       0x7a ./Drivers/STM32G4xx_HAL_Driver/Src/stm32g4xx_ll_gpio.o
 .text.LL_GPIO_SetPinOutputType
                0x080089f8       0x30 ./Drivers/STM32G4xx_HAL_Driver/Src/stm32g4xx_ll_gpio.o
 .text.LL_GPIO_SetPinSpeed
                0x08008a28       0x7a ./Drivers/STM32G4xx_HAL_Driver/Src/stm32g4xx_ll_gpio.o
 .text.LL_GPIO_SetPinPull
                0x08008aa2       0x7a ./Drivers/STM32G4xx_HAL_Driver/Src/stm32g4xx_ll_gpio.o
 .text.LL_GPIO_SetAFPin_0_7
                0x08008b1c       0x7a ./Drivers/STM32G4xx_HAL_Driver/Src/stm32g4xx_ll_gpio.o
 .text.LL_GPIO_SetAFPin_8_15
                0x08008b96       0x7e ./Drivers/STM32G4xx_HAL_Driver/Src/stm32g4xx_ll_gpio.o
 .text.LL_GPIO_Init
                0x08008c14       0xdc ./Drivers/STM32G4xx_HAL_Driver/Src/stm32g4xx_ll_gpio.o
                0x08008c14                LL_GPIO_Init
 .text.LL_I2C_Enable
                0x08008cf0       0x20 ./Drivers/STM32G4xx_HAL_Driver/Src/stm32g4xx_ll_i2c.o
 .text.LL_I2C_Disable
                0x08008d10       0x20 ./Drivers/STM32G4xx_HAL_Driver/Src/stm32g4xx_ll_i2c.o
 .text.LL_I2C_ConfigFilters
                0x08008d30       0x2e ./Drivers/STM32G4xx_HAL_Driver/Src/stm32g4xx_ll_i2c.o
 .text.LL_I2C_SetOwnAddress1
                0x08008d5e       0x30 ./Drivers/STM32G4xx_HAL_Driver/Src/stm32g4xx_ll_i2c.o
 .text.LL_I2C_EnableOwnAddress1
                0x08008d8e       0x20 ./Drivers/STM32G4xx_HAL_Driver/Src/stm32g4xx_ll_i2c.o
 .text.LL_I2C_DisableOwnAddress1
                0x08008dae       0x20 ./Drivers/STM32G4xx_HAL_Driver/Src/stm32g4xx_ll_i2c.o
 .text.LL_I2C_SetTiming
                0x08008dce       0x1c ./Drivers/STM32G4xx_HAL_Driver/Src/stm32g4xx_ll_i2c.o
 .text.LL_I2C_SetMode
                0x08008dea       0x26 ./Drivers/STM32G4xx_HAL_Driver/Src/stm32g4xx_ll_i2c.o
 .text.LL_I2C_AcknowledgeNextData
                0x08008e10       0x26 ./Drivers/STM32G4xx_HAL_Driver/Src/stm32g4xx_ll_i2c.o
 .text.LL_I2C_Init
                0x08008e36       0x78 ./Drivers/STM32G4xx_HAL_Driver/Src/stm32g4xx_ll_i2c.o
                0x08008e36                LL_I2C_Init
 *fill*         0x08008eae        0x2 
 .text.LL_RCC_HSI_IsReady
                0x08008eb0       0x28 ./Drivers/STM32G4xx_HAL_Driver/Src/stm32g4xx_ll_rcc.o
 .text.LL_RCC_GetSysClkSource
                0x08008ed8       0x1c ./Drivers/STM32G4xx_HAL_Driver/Src/stm32g4xx_ll_rcc.o
 .text.LL_RCC_GetI2SClockSource
                0x08008ef4       0x24 ./Drivers/STM32G4xx_HAL_Driver/Src/stm32g4xx_ll_rcc.o
 .text.LL_RCC_PLL_IsReady
                0x08008f18       0x28 ./Drivers/STM32G4xx_HAL_Driver/Src/stm32g4xx_ll_rcc.o
 .text.LL_RCC_PLL_GetMainSource
                0x08008f40       0x1c ./Drivers/STM32G4xx_HAL_Driver/Src/stm32g4xx_ll_rcc.o
 .text.LL_RCC_PLL_GetN
                0x08008f5c       0x1c ./Drivers/STM32G4xx_HAL_Driver/Src/stm32g4xx_ll_rcc.o
 .text.LL_RCC_PLL_GetQ
                0x08008f78       0x1c ./Drivers/STM32G4xx_HAL_Driver/Src/stm32g4xx_ll_rcc.o
 .text.LL_RCC_PLL_GetR
                0x08008f94       0x1c ./Drivers/STM32G4xx_HAL_Driver/Src/stm32g4xx_ll_rcc.o
 .text.LL_RCC_PLL_GetDivider
                0x08008fb0       0x1c ./Drivers/STM32G4xx_HAL_Driver/Src/stm32g4xx_ll_rcc.o
 .text.LL_RCC_PLL_IsEnabledDomain_48M
                0x08008fcc       0x28 ./Drivers/STM32G4xx_HAL_Driver/Src/stm32g4xx_ll_rcc.o
 .text.LL_RCC_GetI2SClockFreq
                0x08008ff4       0x88 ./Drivers/STM32G4xx_HAL_Driver/Src/stm32g4xx_ll_rcc.o
                0x08008ff4                LL_RCC_GetI2SClockFreq
 .text.RCC_GetSystemClockFreq
                0x0800907c       0x4c ./Drivers/STM32G4xx_HAL_Driver/Src/stm32g4xx_ll_rcc.o
 .text.RCC_PLL_GetFreqDomain_SYS
                0x080090c8       0x68 ./Drivers/STM32G4xx_HAL_Driver/Src/stm32g4xx_ll_rcc.o
 .text.RCC_PLL_GetFreqDomain_48M
                0x08009130       0x68 ./Drivers/STM32G4xx_HAL_Driver/Src/stm32g4xx_ll_rcc.o
 .text.LL_SPI_IsEnabled
                0x08009198       0x26 ./Drivers/STM32G4xx_HAL_Driver/Src/stm32g4xx_ll_spi.o
 .text.LL_SPI_SetRxFIFOThreshold
                0x080091be       0x26 ./Drivers/STM32G4xx_HAL_Driver/Src/stm32g4xx_ll_spi.o
 .text.LL_SPI_SetCRCPolynomial
                0x080091e4       0x20 ./Drivers/STM32G4xx_HAL_Driver/Src/stm32g4xx_ll_spi.o
 .text.LL_I2S_IsEnabled
                0x08009204       0x28 ./Drivers/STM32G4xx_HAL_Driver/Src/stm32g4xx_ll_spi.o
 .text.LL_SPI_Init
                0x0800922c       0xbc ./Drivers/STM32G4xx_HAL_Driver/Src/stm32g4xx_ll_spi.o
                0x0800922c                LL_SPI_Init
 .text.LL_I2S_Init
                0x080092e8      0x110 ./Drivers/STM32G4xx_HAL_Driver/Src/stm32g4xx_ll_spi.o
                0x080092e8                LL_I2S_Init
 .text.LL_TIM_SetPrescaler
                0x080093f8       0x1c ./Drivers/STM32G4xx_HAL_Driver/Src/stm32g4xx_ll_tim.o
 .text.LL_TIM_SetAutoReload
                0x08009414       0x1c ./Drivers/STM32G4xx_HAL_Driver/Src/stm32g4xx_ll_tim.o
 .text.LL_TIM_SetRepetitionCounter
                0x08009430       0x1c ./Drivers/STM32G4xx_HAL_Driver/Src/stm32g4xx_ll_tim.o
 .text.LL_TIM_OC_SetCompareCH1
                0x0800944c       0x1c ./Drivers/STM32G4xx_HAL_Driver/Src/stm32g4xx_ll_tim.o
 .text.LL_TIM_OC_SetCompareCH2
                0x08009468       0x1c ./Drivers/STM32G4xx_HAL_Driver/Src/stm32g4xx_ll_tim.o
 .text.LL_TIM_OC_SetCompareCH3
                0x08009484       0x1c ./Drivers/STM32G4xx_HAL_Driver/Src/stm32g4xx_ll_tim.o
 .text.LL_TIM_OC_SetCompareCH4
                0x080094a0       0x1c ./Drivers/STM32G4xx_HAL_Driver/Src/stm32g4xx_ll_tim.o
 .text.LL_TIM_OC_SetCompareCH5
                0x080094bc       0x20 ./Drivers/STM32G4xx_HAL_Driver/Src/stm32g4xx_ll_tim.o
 .text.LL_TIM_OC_SetCompareCH6
                0x080094dc       0x1c ./Drivers/STM32G4xx_HAL_Driver/Src/stm32g4xx_ll_tim.o
 .text.LL_TIM_GenerateEvent_UPDATE
                0x080094f8       0x20 ./Drivers/STM32G4xx_HAL_Driver/Src/stm32g4xx_ll_tim.o
 .text.LL_TIM_Init
                0x08009518      0x144 ./Drivers/STM32G4xx_HAL_Driver/Src/stm32g4xx_ll_tim.o
                0x08009518                LL_TIM_Init
 .text.LL_TIM_OC_Init
                0x0800965c       0xbe ./Drivers/STM32G4xx_HAL_Driver/Src/stm32g4xx_ll_tim.o
                0x0800965c                LL_TIM_OC_Init
 *fill*         0x0800971a        0x2 
 .text.OC1Config
                0x0800971c      0x10c ./Drivers/STM32G4xx_HAL_Driver/Src/stm32g4xx_ll_tim.o
 .text.OC2Config
                0x08009828      0x114 ./Drivers/STM32G4xx_HAL_Driver/Src/stm32g4xx_ll_tim.o
 .text.OC3Config
                0x0800993c      0x114 ./Drivers/STM32G4xx_HAL_Driver/Src/stm32g4xx_ll_tim.o
 .text.OC4Config
                0x08009a50      0x114 ./Drivers/STM32G4xx_HAL_Driver/Src/stm32g4xx_ll_tim.o
 .text.OC5Config
                0x08009b64       0xd4 ./Drivers/STM32G4xx_HAL_Driver/Src/stm32g4xx_ll_tim.o
 .text.OC6Config
                0x08009c38       0xd4 ./Drivers/STM32G4xx_HAL_Driver/Src/stm32g4xx_ll_tim.o
 .text.LL_SetSystemCoreClock
                0x08009d0c       0x20 ./Drivers/STM32G4xx_HAL_Driver/Src/stm32g4xx_ll_utils.o
                0x08009d0c                LL_SetSystemCoreClock
 .text.LL_TIM_EnableCounter
                0x08009d2c       0x20 ./System/Src/backlight.o
 .text.LL_TIM_CC_EnableChannel
                0x08009d4c       0x22 ./System/Src/backlight.o
 .text.LL_TIM_OC_SetCompareCH1
                0x08009d6e       0x1c ./System/Src/backlight.o
 *fill*         0x08009d8a        0x2 
 .text.backlight_init
                0x08009d8c       0x24 ./System/Src/backlight.o
                0x08009d8c                backlight_init
 .text.backlight_set_brightness
                0x08009db0       0x1c ./System/Src/backlight.o
                0x08009db0                backlight_set_brightness
 .text.LL_GPIO_ReadInputPort
                0x08009dcc       0x18 ./System/Src/button.o
 .text.button_scan
                0x08009de4       0x80 ./System/Src/button.o
                0x08009de4                button_scan
 .text.button_state_idle
                0x08009e64       0x5c ./System/Src/button.o
 .text.button_state_debouncing_idle
                0x08009ec0       0xa4 ./System/Src/button.o
 .text.button_state_press
                0x08009f64       0x88 ./System/Src/button.o
 .text.button_state_double_press
                0x08009fec       0xa0 ./System/Src/button.o
 .text.button_state_triple_press
                0x0800a08c       0x8c ./System/Src/button.o
 .text.button_state_hold
                0x0800a118       0x7c ./System/Src/button.o
 .text.button_state_long_hold
                0x0800a194       0x5c ./System/Src/button.o
 .text.button_state_debouncing_hold
                0x0800a1f0       0x64 ./System/Src/button.o
 .text.button_state_debouncing_long_hold
                0x0800a254       0x64 ./System/Src/button.o
 .text.button_state_release
                0x0800a2b8       0x5c ./System/Src/button.o
 .text.is_button_held
                0x0800a314       0x54 ./System/Src/button.o
                0x0800a314                is_button_held
 .text.is_button_pressed
                0x0800a368       0x48 ./System/Src/button.o
                0x0800a368                is_button_pressed
 .text.LL_CORDIC_Config
                0x0800a3b0       0x48 ./System/Src/cordic_math.o
 .text.LL_CORDIC_SetFunction
                0x0800a3f8       0x26 ./System/Src/cordic_math.o
 .text.LL_CORDIC_SetNbWrite
                0x0800a41e       0x26 ./System/Src/cordic_math.o
 .text.LL_CORDIC_SetNbRead
                0x0800a444       0x26 ./System/Src/cordic_math.o
 .text.LL_CORDIC_WriteData
                0x0800a46a       0x1c ./System/Src/cordic_math.o
 .text.LL_CORDIC_ReadData
                0x0800a486       0x18 ./System/Src/cordic_math.o
 *fill*         0x0800a49e        0x2 
 .text.cordic_init
                0x0800a4a0       0x2c ./System/Src/cordic_math.o
                0x0800a4a0                cordic_init
 .text.cordic_atan2
                0x0800a4cc       0x48 ./System/Src/cordic_math.o
                0x0800a4cc                cordic_atan2
 .text.LL_GPIO_SetOutputPin
                0x0800a514       0x1c ./System/Src/ili9341.o
 .text.LL_GPIO_ResetOutputPin
                0x0800a530       0x1c ./System/Src/ili9341.o
 .text.LL_DMA_EnableChannel
                0x0800a54c       0x44 ./System/Src/ili9341.o
 .text.LL_DMA_DisableChannel
                0x0800a590       0x44 ./System/Src/ili9341.o
 .text.LL_DMA_IsEnabledChannel
                0x0800a5d4       0x3c ./System/Src/ili9341.o
 .text.LL_DMA_SetDataLength
                0x0800a610       0x4c ./System/Src/ili9341.o
 .text.LL_DMA_SetM2MSrcAddress
                0x0800a65c       0x34 ./System/Src/ili9341.o
 .text.LL_DMA_SetM2MDstAddress
                0x0800a690       0x34 ./System/Src/ili9341.o
 .text.LL_DMA_IsActiveFlag_TC1
                0x0800a6c4       0x26 ./System/Src/ili9341.o
 .text.LL_DMA_ClearFlag_TC1
                0x0800a6ea       0x1a ./System/Src/ili9341.o
 .text.ILI9341_init
                0x0800a704       0xb4 ./System/Src/ili9341.o
                0x0800a704                ILI9341_init
 .text.ILI9341_set_address
                0x0800a7b8       0x1e ./System/Src/ili9341.o
                0x0800a7b8                ILI9341_set_address
 *fill*         0x0800a7d6        0x2 
 .text.ILI9341_send_data
                0x0800a7d8       0x40 ./System/Src/ili9341.o
                0x0800a7d8                ILI9341_send_data
 .text.ILI9341_send_data_DMA
                0x0800a818       0x60 ./System/Src/ili9341.o
                0x0800a818                ILI9341_send_data_DMA
 .text.ILI9341_is_DMA_ready
                0x0800a878       0x14 ./System/Src/ili9341.o
                0x0800a878                ILI9341_is_DMA_ready
 .text.ILI9341_hard_reset
                0x0800a88c       0x30 ./System/Src/ili9341.o
                0x0800a88c                ILI9341_hard_reset
 .text.ILI9341_interface_control
                0x0800a8bc       0x38 ./System/Src/ili9341.o
                0x0800a8bc                ILI9341_interface_control
 .text.ILI9341_memory_access_control
                0x0800a8f4       0x22 ./System/Src/ili9341.o
                0x0800a8f4                ILI9341_memory_access_control
 .text.ILI9341_column_address_set
                0x0800a916       0x4a ./System/Src/ili9341.o
                0x0800a916                ILI9341_column_address_set
 .text.ILI9341_page_address_set
                0x0800a960       0x4a ./System/Src/ili9341.o
                0x0800a960                ILI9341_page_address_set
 .text.ILI9341_sleep_out
                0x0800a9aa       0x16 ./System/Src/ili9341.o
                0x0800a9aa                ILI9341_sleep_out
 .text.ILI9341_normal_display_mode_on
                0x0800a9c0        0xe ./System/Src/ili9341.o
                0x0800a9c0                ILI9341_normal_display_mode_on
 .text.ILI9341_pixel_format_set
                0x0800a9ce       0x22 ./System/Src/ili9341.o
                0x0800a9ce                ILI9341_pixel_format_set
 .text.ILI9341_display_on
                0x0800a9f0        0xe ./System/Src/ili9341.o
                0x0800a9f0                ILI9341_display_on
 .text.ILI9341_memory_write_start
                0x0800a9fe        0xe ./System/Src/ili9341.o
                0x0800a9fe                ILI9341_memory_write_start
 .text.LL_TIM_EnableCounter
                0x0800aa0c       0x20 ./System/Src/interrupt.o
 .text.LL_TIM_DisableCounter
                0x0800aa2c       0x20 ./System/Src/interrupt.o
 .text.interrupt_enable
                0x0800aa4c       0x28 ./System/Src/interrupt.o
                0x0800aa4c                interrupt_enable
 .text.interrupt_disable
                0x0800aa74       0x28 ./System/Src/interrupt.o
                0x0800aa74                interrupt_disable
 .text.global_interrupts_enable
                0x0800aa9c       0x12 ./System/Src/interrupt.o
                0x0800aa9c                global_interrupts_enable
 .text.global_interrupts_disable
                0x0800aaae       0x12 ./System/Src/interrupt.o
                0x0800aaae                global_interrupts_disable
 .text.LL_DMA_EnableChannel
                0x0800aac0       0x44 ./System/Src/joystick.o
 .text.LL_DMA_DisableChannel
                0x0800ab04       0x44 ./System/Src/joystick.o
 .text.LL_DMA_IsEnabledChannel
                0x0800ab48       0x3c ./System/Src/joystick.o
 .text.LL_DMA_SetDataLength
                0x0800ab84       0x4c ./System/Src/joystick.o
 .text.LL_DMA_SetMemoryAddress
                0x0800abd0       0x34 ./System/Src/joystick.o
 .text.LL_DMA_SetPeriphAddress
                0x0800ac04       0x34 ./System/Src/joystick.o
 .text.LL_ADC_Enable
                0x0800ac38       0x28 ./System/Src/joystick.o
 .text.LL_ADC_StartCalibration
                0x0800ac60       0x32 ./System/Src/joystick.o
 .text.LL_ADC_IsCalibrationOnGoing
                0x0800ac92       0x28 ./System/Src/joystick.o
 .text.LL_ADC_REG_StartConversion
                0x0800acba       0x28 ./System/Src/joystick.o
 .text.LL_ADC_IsActiveFlag_ADRDY
                0x0800ace2       0x26 ./System/Src/joystick.o
 .text.LL_TIM_EnableCounter
                0x0800ad08       0x20 ./System/Src/joystick.o
 .text.joystick_init
                0x0800ad28       0xbc ./System/Src/joystick.o
                0x0800ad28                joystick_init
 .text.joystick_scan
                0x0800ade4      0x114 ./System/Src/joystick.o
                0x0800ade4                joystick_scan
 .text.joystick_get_position
                0x0800aef8       0x18 ./System/Src/joystick.o
                0x0800aef8                joystick_get_position
 .text.LCD_init
                0x0800af10       0x5c ./System/Src/lcd.o
                0x0800af10                LCD_init
 .text.LCD_draw
                0x0800af6c      0x124 ./System/Src/lcd.o
                0x0800af6c                LCD_draw
 .text.LCD_change_symbol
                0x0800b090       0xd4 ./System/Src/lcd.o
                0x0800b090                LCD_change_symbol
 .text.LCD_change_color
                0x0800b164       0xd8 ./System/Src/lcd.o
                0x0800b164                LCD_change_color
 .text.LCD_update_screen
                0x0800b23c       0x1c ./System/Src/lcd.o
                0x0800b23c                LCD_update_screen
 .text.LCD_update_one_tile
                0x0800b258       0x48 ./System/Src/lcd.o
                0x0800b258                LCD_update_one_tile
 .text.LCD_update_tile
                0x0800b2a0      0x114 ./System/Src/lcd.o
                0x0800b2a0                LCD_update_tile
 .text.LCD_is_DMA_ready
                0x0800b3b4       0x18 ./System/Src/lcd.o
                0x0800b3b4                LCD_is_DMA_ready
 .text.LCD_enqueue_tile
                0x0800b3cc       0x64 ./System/Src/lcd.o
 .text.LCD_dequeue_tile
                0x0800b430       0x7c ./System/Src/lcd.o
 .text.LL_TIM_EnableCounter
                0x0800b4ac       0x20 ./System/Src/micros.o
 .text.LL_TIM_GetCounter
                0x0800b4cc       0x18 ./System/Src/micros.o
 .text.micros_init
                0x0800b4e4       0x10 ./System/Src/micros.o
                0x0800b4e4                micros_init
 .text.micros   0x0800b4f4       0x12 ./System/Src/micros.o
                0x0800b4f4                micros
 .text.delay_micros
                0x0800b506       0x2a ./System/Src/micros.o
                0x0800b506                delay_micros
 .text.sound_init
                0x0800b530        0xe ./System/Src/sound.o
                0x0800b530                sound_init
 .text.sound_set
                0x0800b53e       0x14 ./System/Src/sound.o
                0x0800b53e                sound_set
 *fill*         0x0800b552        0x2 
 .text.ticks_init
                0x0800b554       0x34 ./System/Src/ticks.o
                0x0800b554                ticks_init
 .text.ticks    0x0800b588       0x18 ./System/Src/ticks.o
                0x0800b588                ticks
 .text.snprintf
                0x0800b5a0       0x6c C:/ST/STM32CubeIDE_1.16.1/STM32CubeIDE/plugins/com.st.stm32cube.ide.mcu.externaltools.gnu-tools-for-stm32.13.3.rel1.win32_1.0.0.202411081344/tools/bin/../lib/gcc/arm-none-eabi/13.3.1/../../../../arm-none-eabi/lib/thumb/v7e-m+fp/hard\libc_nano.a(libc_a-snprintf.o)
                0x0800b5a0                sniprintf
                0x0800b5a0                snprintf
 .text.memset   0x0800b60c       0x10 C:/ST/STM32CubeIDE_1.16.1/STM32CubeIDE/plugins/com.st.stm32cube.ide.mcu.externaltools.gnu-tools-for-stm32.13.3.rel1.win32_1.0.0.202411081344/tools/bin/../lib/gcc/arm-none-eabi/13.3.1/../../../../arm-none-eabi/lib/thumb/v7e-m+fp/hard\libc_nano.a(libc_a-memset.o)
                0x0800b60c                memset
 .text.__errno  0x0800b61c        0xc C:/ST/STM32CubeIDE_1.16.1/STM32CubeIDE/plugins/com.st.stm32cube.ide.mcu.externaltools.gnu-tools-for-stm32.13.3.rel1.win32_1.0.0.202411081344/tools/bin/../lib/gcc/arm-none-eabi/13.3.1/../../../../arm-none-eabi/lib/thumb/v7e-m+fp/hard\libc_nano.a(libc_a-errno.o)
                0x0800b61c                __errno
 .text.__libc_init_array
                0x0800b628       0x48 C:/ST/STM32CubeIDE_1.16.1/STM32CubeIDE/plugins/com.st.stm32cube.ide.mcu.externaltools.gnu-tools-for-stm32.13.3.rel1.win32_1.0.0.202411081344/tools/bin/../lib/gcc/arm-none-eabi/13.3.1/../../../../arm-none-eabi/lib/thumb/v7e-m+fp/hard\libc_nano.a(libc_a-init.o)
                0x0800b628                __libc_init_array
 .text.__retarget_lock_acquire_recursive
                0x0800b670        0x2 C:/ST/STM32CubeIDE_1.16.1/STM32CubeIDE/plugins/com.st.stm32cube.ide.mcu.externaltools.gnu-tools-for-stm32.13.3.rel1.win32_1.0.0.202411081344/tools/bin/../lib/gcc/arm-none-eabi/13.3.1/../../../../arm-none-eabi/lib/thumb/v7e-m+fp/hard\libc_nano.a(libc_a-lock.o)
                0x0800b670                __retarget_lock_acquire_recursive
 .text.__retarget_lock_release_recursive
                0x0800b672        0x2 C:/ST/STM32CubeIDE_1.16.1/STM32CubeIDE/plugins/com.st.stm32cube.ide.mcu.externaltools.gnu-tools-for-stm32.13.3.rel1.win32_1.0.0.202411081344/tools/bin/../lib/gcc/arm-none-eabi/13.3.1/../../../../arm-none-eabi/lib/thumb/v7e-m+fp/hard\libc_nano.a(libc_a-lock.o)
                0x0800b672                __retarget_lock_release_recursive
 .text._free_r  0x0800b674       0x94 C:/ST/STM32CubeIDE_1.16.1/STM32CubeIDE/plugins/com.st.stm32cube.ide.mcu.externaltools.gnu-tools-for-stm32.13.3.rel1.win32_1.0.0.202411081344/tools/bin/../lib/gcc/arm-none-eabi/13.3.1/../../../../arm-none-eabi/lib/thumb/v7e-m+fp/hard\libc_nano.a(libc_a-freer.o)
                0x0800b674                _free_r
 .text.sbrk_aligned
                0x0800b708       0x44 C:/ST/STM32CubeIDE_1.16.1/STM32CubeIDE/plugins/com.st.stm32cube.ide.mcu.externaltools.gnu-tools-for-stm32.13.3.rel1.win32_1.0.0.202411081344/tools/bin/../lib/gcc/arm-none-eabi/13.3.1/../../../../arm-none-eabi/lib/thumb/v7e-m+fp/hard\libc_nano.a(libc_a-mallocr.o)
 .text._malloc_r
                0x0800b74c      0x100 C:/ST/STM32CubeIDE_1.16.1/STM32CubeIDE/plugins/com.st.stm32cube.ide.mcu.externaltools.gnu-tools-for-stm32.13.3.rel1.win32_1.0.0.202411081344/tools/bin/../lib/gcc/arm-none-eabi/13.3.1/../../../../arm-none-eabi/lib/thumb/v7e-m+fp/hard\libc_nano.a(libc_a-mallocr.o)
                0x0800b74c                _malloc_r
 .text.__malloc_lock
                0x0800b84c        0xc C:/ST/STM32CubeIDE_1.16.1/STM32CubeIDE/plugins/com.st.stm32cube.ide.mcu.externaltools.gnu-tools-for-stm32.13.3.rel1.win32_1.0.0.202411081344/tools/bin/../lib/gcc/arm-none-eabi/13.3.1/../../../../arm-none-eabi/lib/thumb/v7e-m+fp/hard\libc_nano.a(libc_a-mlock.o)
                0x0800b84c                __malloc_lock
 .text.__malloc_unlock
                0x0800b858        0xc C:/ST/STM32CubeIDE_1.16.1/STM32CubeIDE/plugins/com.st.stm32cube.ide.mcu.externaltools.gnu-tools-for-stm32.13.3.rel1.win32_1.0.0.202411081344/tools/bin/../lib/gcc/arm-none-eabi/13.3.1/../../../../arm-none-eabi/lib/thumb/v7e-m+fp/hard\libc_nano.a(libc_a-mlock.o)
                0x0800b858                __malloc_unlock
 .text.__ssputs_r
                0x0800b864       0xb6 C:/ST/STM32CubeIDE_1.16.1/STM32CubeIDE/plugins/com.st.stm32cube.ide.mcu.externaltools.gnu-tools-for-stm32.13.3.rel1.win32_1.0.0.202411081344/tools/bin/../lib/gcc/arm-none-eabi/13.3.1/../../../../arm-none-eabi/lib/thumb/v7e-m+fp/hard\libc_nano.a(libc_a-nano-svfprintf.o)
                0x0800b864                __ssputs_r
 *fill*         0x0800b91a        0x2 
 .text._svfprintf_r
                0x0800b91c      0x1f8 C:/ST/STM32CubeIDE_1.16.1/STM32CubeIDE/plugins/com.st.stm32cube.ide.mcu.externaltools.gnu-tools-for-stm32.13.3.rel1.win32_1.0.0.202411081344/tools/bin/../lib/gcc/arm-none-eabi/13.3.1/../../../../arm-none-eabi/lib/thumb/v7e-m+fp/hard\libc_nano.a(libc_a-nano-svfprintf.o)
                0x0800b91c                _svfiprintf_r
                0x0800b91c                _svfprintf_r
 .text._printf_common
                0x0800bb14       0xda C:/ST/STM32CubeIDE_1.16.1/STM32CubeIDE/plugins/com.st.stm32cube.ide.mcu.externaltools.gnu-tools-for-stm32.13.3.rel1.win32_1.0.0.202411081344/tools/bin/../lib/gcc/arm-none-eabi/13.3.1/../../../../arm-none-eabi/lib/thumb/v7e-m+fp/hard\libc_nano.a(libc_a-nano-vfprintf_i.o)
                0x0800bb14                _printf_common
 *fill*         0x0800bbee        0x2 
 .text._printf_i
                0x0800bbf0      0x23c C:/ST/STM32CubeIDE_1.16.1/STM32CubeIDE/plugins/com.st.stm32cube.ide.mcu.externaltools.gnu-tools-for-stm32.13.3.rel1.win32_1.0.0.202411081344/tools/bin/../lib/gcc/arm-none-eabi/13.3.1/../../../../arm-none-eabi/lib/thumb/v7e-m+fp/hard\libc_nano.a(libc_a-nano-vfprintf_i.o)
                0x0800bbf0                _printf_i
 .text.memmove  0x0800be2c       0x34 C:/ST/STM32CubeIDE_1.16.1/STM32CubeIDE/plugins/com.st.stm32cube.ide.mcu.externaltools.gnu-tools-for-stm32.13.3.rel1.win32_1.0.0.202411081344/tools/bin/../lib/gcc/arm-none-eabi/13.3.1/../../../../arm-none-eabi/lib/thumb/v7e-m+fp/hard\libc_nano.a(libc_a-memmove.o)
                0x0800be2c                memmove
 .text._sbrk_r  0x0800be60       0x20 C:/ST/STM32CubeIDE_1.16.1/STM32CubeIDE/plugins/com.st.stm32cube.ide.mcu.externaltools.gnu-tools-for-stm32.13.3.rel1.win32_1.0.0.202411081344/tools/bin/../lib/gcc/arm-none-eabi/13.3.1/../../../../arm-none-eabi/lib/thumb/v7e-m+fp/hard\libc_nano.a(libc_a-sbrkr.o)
                0x0800be60                _sbrk_r
 .text.memcpy   0x0800be80       0x1c C:/ST/STM32CubeIDE_1.16.1/STM32CubeIDE/plugins/com.st.stm32cube.ide.mcu.externaltools.gnu-tools-for-stm32.13.3.rel1.win32_1.0.0.202411081344/tools/bin/../lib/gcc/arm-none-eabi/13.3.1/../../../../arm-none-eabi/lib/thumb/v7e-m+fp/hard\libc_nano.a(libc_a-memcpy-stub.o)
                0x0800be80                memcpy
 .text._realloc_r
                0x0800be9c       0x5c C:/ST/STM32CubeIDE_1.16.1/STM32CubeIDE/plugins/com.st.stm32cube.ide.mcu.externaltools.gnu-tools-for-stm32.13.3.rel1.win32_1.0.0.202411081344/tools/bin/../lib/gcc/arm-none-eabi/13.3.1/../../../../arm-none-eabi/lib/thumb/v7e-m+fp/hard\libc_nano.a(libc_a-reallocr.o)
                0x0800be9c                _realloc_r
 .text._malloc_usable_size_r
                0x0800bef8       0x10 C:/ST/STM32CubeIDE_1.16.1/STM32CubeIDE/plugins/com.st.stm32cube.ide.mcu.externaltools.gnu-tools-for-stm32.13.3.rel1.win32_1.0.0.202411081344/tools/bin/../lib/gcc/arm-none-eabi/13.3.1/../../../../arm-none-eabi/lib/thumb/v7e-m+fp/hard\libc_nano.a(libc_a-msizer.o)
                0x0800bef8                _malloc_usable_size_r
 *(.glue_7)
 .glue_7        0x0800bf08        0x0 linker stubs
 *(.glue_7t)
 .glue_7t       0x0800bf08        0x0 linker stubs
 *(.eh_frame)
 .eh_frame      0x0800bf08        0x0 C:/ST/STM32CubeIDE_1.16.1/STM32CubeIDE/plugins/com.st.stm32cube.ide.mcu.externaltools.gnu-tools-for-stm32.13.3.rel1.win32_1.0.0.202411081344/tools/bin/../lib/gcc/arm-none-eabi/13.3.1/thumb/v7e-m+fp/hard/crtbegin.o
 *(.init)
 .init          0x0800bf08        0x4 C:/ST/STM32CubeIDE_1.16.1/STM32CubeIDE/plugins/com.st.stm32cube.ide.mcu.externaltools.gnu-tools-for-stm32.13.3.rel1.win32_1.0.0.202411081344/tools/bin/../lib/gcc/arm-none-eabi/13.3.1/thumb/v7e-m+fp/hard/crti.o
                0x0800bf08                _init
 .init          0x0800bf0c        0x8 C:/ST/STM32CubeIDE_1.16.1/STM32CubeIDE/plugins/com.st.stm32cube.ide.mcu.externaltools.gnu-tools-for-stm32.13.3.rel1.win32_1.0.0.202411081344/tools/bin/../lib/gcc/arm-none-eabi/13.3.1/thumb/v7e-m+fp/hard/crtn.o
 *(.fini)
 .fini          0x0800bf14        0x4 C:/ST/STM32CubeIDE_1.16.1/STM32CubeIDE/plugins/com.st.stm32cube.ide.mcu.externaltools.gnu-tools-for-stm32.13.3.rel1.win32_1.0.0.202411081344/tools/bin/../lib/gcc/arm-none-eabi/13.3.1/thumb/v7e-m+fp/hard/crti.o
                0x0800bf14                _fini
 .fini          0x0800bf18        0x8 C:/ST/STM32CubeIDE_1.16.1/STM32CubeIDE/plugins/com.st.stm32cube.ide.mcu.externaltools.gnu-tools-for-stm32.13.3.rel1.win32_1.0.0.202411081344/tools/bin/../lib/gcc/arm-none-eabi/13.3.1/thumb/v7e-m+fp/hard/crtn.o
                0x0800bf20                        . = ALIGN (0x4)
                0x0800bf20                        _etext = .

.vfp11_veneer   0x0800bf20        0x0
 .vfp11_veneer  0x0800bf20        0x0 linker stubs

.v4_bx          0x0800bf20        0x0
 .v4_bx         0x0800bf20        0x0 linker stubs

.iplt           0x0800bf20        0x0
 .iplt          0x0800bf20        0x0 C:/ST/STM32CubeIDE_1.16.1/STM32CubeIDE/plugins/com.st.stm32cube.ide.mcu.externaltools.gnu-tools-for-stm32.13.3.rel1.win32_1.0.0.202411081344/tools/bin/../lib/gcc/arm-none-eabi/13.3.1/thumb/v7e-m+fp/hard/crtbegin.o

.rodata         0x0800bf20    0x1482c
                0x0800bf20                        . = ALIGN (0x4)
 *(.rodata)
 .rodata        0x0800bf20      0x134 ./Application/Src/data_commands.o
 .rodata        0x0800c054        0x5 ./Application/Src/logic_chain.o
 *fill*         0x0800c059        0x3 
 .rodata        0x0800c05c       0x6a ./Application/Src/logic_instrument.o
 *fill*         0x0800c0c6        0x2 
 .rodata        0x0800c0c8        0x6 ./Application/Src/logic_phrase.o
 *fill*         0x0800c0ce        0x2 
 .rodata        0x0800c0d0       0x63 ./Application/Src/logic_project.o
 *fill*         0x0800c133        0x1 
 .rodata        0x0800c134       0x13 ./Application/Src/ui_config.o
 *fill*         0x0800c147        0x1 
 .rodata        0x0800c148        0x2 ./System/Src/lcd.o
 *(.rodata*)
 *fill*         0x0800c14a        0x2 
 .rodata.HEX_DIGIT
                0x0800c14c       0x10 ./Application/Src/basic_utils.o
                0x0800c14c                HEX_DIGIT
 .rodata.COMMAND_METADATA
                0x0800c15c       0x48 ./Application/Src/data_commands.o
                0x0800c15c                COMMAND_METADATA
 .rodata.NOTE_METADATA
                0x0800c1a4      0x2fc ./Application/Src/data_notes.o
                0x0800c1a4                NOTE_METADATA
 .rodata.__compound_literal.0
                0x0800c4a0        0x8 ./Application/Src/logic_instrument.o
 .rodata.CONFIGS_COMMON
                0x0800c4a8        0x8 ./Application/Src/logic_instrument.o
                0x0800c4a8                CONFIGS_COMMON
 .rodata.__compound_literal.2
                0x0800c4b0       0x14 ./Application/Src/logic_instrument.o
 .rodata.CONFIGS_BASIC_WAVE
                0x0800c4c4        0x8 ./Application/Src/logic_instrument.o
                0x0800c4c4                CONFIGS_BASIC_WAVE
 .rodata.region.6
                0x0800c4cc        0x4 ./Application/Src/logic_instrument.o
 .rodata.configs.5
                0x0800c4d0        0x4 ./Application/Src/logic_instrument.o
 .rodata.configs.4
                0x0800c4d4        0x4 ./Application/Src/logic_instrument.o
 .rodata.region.3
                0x0800c4d8        0x4 ./Application/Src/logic_instrument.o
 .rodata.region.2
                0x0800c4dc        0x4 ./Application/Src/logic_instrument.o
 .rodata.region.1
                0x0800c4e0        0x4 ./Application/Src/logic_instrument.o
 .rodata.common_config_count.0
                0x0800c4e4        0x4 ./Application/Src/logic_instrument.o
 .rodata.__compound_literal.0
                0x0800c4e8       0x34 ./Application/Src/logic_project.o
 .rodata.CONFIG_PROJECT_SETTINGS
                0x0800c51c       0x10 ./Application/Src/logic_project.o
                0x0800c51c                CONFIG_PROJECT_SETTINGS
 .rodata.__compound_literal.1
                0x0800c52c       0x9c ./Application/Src/logic_project.o
 .rodata.CONFIG_PREFERENCES
                0x0800c5c8       0x10 ./Application/Src/logic_project.o
                0x0800c5c8                CONFIG_PREFERENCES
 .rodata.project_settings_config_count.6
                0x0800c5d8        0x4 ./Application/Src/logic_project.o
 .rodata.preferences_config_count.5
                0x0800c5dc        0x4 ./Application/Src/logic_project.o
 .rodata.config_group.3
                0x0800c5e0        0x4 ./Application/Src/logic_project.o
 .rodata.region.2
                0x0800c5e4        0x4 ./Application/Src/logic_project.o
 .rodata.config_group.1
                0x0800c5e8        0x4 ./Application/Src/logic_project.o
 .rodata.region.0
                0x0800c5ec        0x4 ./Application/Src/logic_project.o
 .rodata.TITLE.16
                0x0800c5f0        0x4 ./Application/Src/logic_song.o
 .rodata.TITLE_LENGTH.15
                0x0800c5f4        0x4 ./Application/Src/logic_song.o
 .rodata.REGION_PROJECT_TITLE
                0x0800c5f8       0x10 ./Application/Src/region.o
                0x0800c5f8                REGION_PROJECT_TITLE
 .rodata.REGION_PROJECT_EDITOR_PROJECT_SETTINGS
                0x0800c608       0x10 ./Application/Src/region.o
                0x0800c608                REGION_PROJECT_EDITOR_PROJECT_SETTINGS
 .rodata.REGION_PROJECT_EDITOR_PREFERENCES
                0x0800c618       0x10 ./Application/Src/region.o
                0x0800c618                REGION_PROJECT_EDITOR_PREFERENCES
 .rodata.REGION_SONG_TITLE
                0x0800c628       0x10 ./Application/Src/region.o
                0x0800c628                REGION_SONG_TITLE
 .rodata.REGION_SONG_EDITOR_SONG
                0x0800c638       0x10 ./Application/Src/region.o
                0x0800c638                REGION_SONG_EDITOR_SONG
 .rodata.REGION_CHAIN_TITLE
                0x0800c648       0x10 ./Application/Src/region.o
                0x0800c648                REGION_CHAIN_TITLE
 .rodata.REGION_CHAIN_EDITOR_CHAIN
                0x0800c658       0x10 ./Application/Src/region.o
                0x0800c658                REGION_CHAIN_EDITOR_CHAIN
 .rodata.REGION_CHAIN_EDITOR_PHRASE_PREVIEW
                0x0800c668       0x10 ./Application/Src/region.o
                0x0800c668                REGION_CHAIN_EDITOR_PHRASE_PREVIEW
 .rodata.REGION_PHRASE_TITLE
                0x0800c678       0x10 ./Application/Src/region.o
                0x0800c678                REGION_PHRASE_TITLE
 .rodata.REGION_PHRASE_EDITOR_PHRASE
                0x0800c688       0x10 ./Application/Src/region.o
                0x0800c688                REGION_PHRASE_EDITOR_PHRASE
 .rodata.REGION_PHRASE_EDITOR_COMMAND_DESCRIPTION
                0x0800c698       0x10 ./Application/Src/region.o
                0x0800c698                REGION_PHRASE_EDITOR_COMMAND_DESCRIPTION
 .rodata.REGION_INSTRUMENT_TITLE
                0x0800c6a8       0x10 ./Application/Src/region.o
                0x0800c6a8                REGION_INSTRUMENT_TITLE
 .rodata.REGION_INSTRUMENT_EDITOR_COMMON_CONFIG
                0x0800c6b8       0x10 ./Application/Src/region.o
                0x0800c6b8                REGION_INSTRUMENT_EDITOR_COMMON_CONFIG
 .rodata.REGION_INSTRUMENT_EDITOR_TYPE_CONFIG
                0x0800c6c8       0x10 ./Application/Src/region.o
                0x0800c6c8                REGION_INSTRUMENT_EDITOR_TYPE_CONFIG
 .rodata.CHANNEL_OFFSET_TAB
                0x0800c6d8        0x8 ./Core/Src/main.o
 .rodata.OFFSET_TAB_CCMRx
                0x0800c6e0        0xa ./Core/Src/main.o
 *fill*         0x0800c6ea        0x2 
 .rodata.SHIFT_TAB_OCxx
                0x0800c6ec        0xa ./Core/Src/main.o
 *fill*         0x0800c6f6        0x2 
 .rodata.button_pin
                0x0800c6f8       0x10 ./System/Src/button.o
 .rodata.CHANNEL_OFFSET_TAB
                0x0800c708        0x8 ./System/Src/ili9341.o
 .rodata.CHANNEL_OFFSET_TAB
                0x0800c710        0x8 ./System/Src/joystick.o
 .rodata.TILESET
                0x0800c718    0x14000 ./System/Src/lcd_tileset.o
                0x0800c718                TILESET
 .rodata._svfprintf_r.str1.1
                0x08020718       0x33 C:/ST/STM32CubeIDE_1.16.1/STM32CubeIDE/plugins/com.st.stm32cube.ide.mcu.externaltools.gnu-tools-for-stm32.13.3.rel1.win32_1.0.0.202411081344/tools/bin/../lib/gcc/arm-none-eabi/13.3.1/../../../../arm-none-eabi/lib/thumb/v7e-m+fp/hard\libc_nano.a(libc_a-nano-svfprintf.o)
                                 0x11 (size before relaxing)
 .rodata._printf_i.str1.1
                0x0802074b       0x22 C:/ST/STM32CubeIDE_1.16.1/STM32CubeIDE/plugins/com.st.stm32cube.ide.mcu.externaltools.gnu-tools-for-stm32.13.3.rel1.win32_1.0.0.202411081344/tools/bin/../lib/gcc/arm-none-eabi/13.3.1/../../../../arm-none-eabi/lib/thumb/v7e-m+fp/hard\libc_nano.a(libc_a-nano-vfprintf_i.o)
                0x08020770                        . = ALIGN (0x4)
 *fill*         0x0802074b        0x1 

.ARM.extab      0x0802074c        0x0
                0x0802074c                        . = ALIGN (0x4)
 *(.ARM.extab* .gnu.linkonce.armextab.*)
                0x0802074c                        . = ALIGN (0x4)

.ARM            0x0802074c        0x8
                0x0802074c                        . = ALIGN (0x4)
                0x0802074c                        __exidx_start = .
 *(.ARM.exidx*)
 .ARM.exidx     0x0802074c        0x8 C:/ST/STM32CubeIDE_1.16.1/STM32CubeIDE/plugins/com.st.stm32cube.ide.mcu.externaltools.gnu-tools-for-stm32.13.3.rel1.win32_1.0.0.202411081344/tools/bin/../lib/gcc/arm-none-eabi/13.3.1/../../../../arm-none-eabi/lib/thumb/v7e-m+fp/hard\libc_nano.a(libc_a-memchr.o)
                0x08020754                        __exidx_end = .
                0x08020754                        . = ALIGN (0x4)

.preinit_array  0x08020754        0x0
                0x08020754                        . = ALIGN (0x4)
                0x08020754                        PROVIDE (__preinit_array_start = .)
 *(.preinit_array*)
                0x08020754                        PROVIDE (__preinit_array_end = .)
                0x08020754                        . = ALIGN (0x4)

.init_array     0x08020754        0x4
                0x08020754                        . = ALIGN (0x4)
                0x08020754                        PROVIDE (__init_array_start = .)
 *(SORT_BY_NAME(.init_array.*))
 *(.init_array*)
 .init_array    0x08020754        0x4 C:/ST/STM32CubeIDE_1.16.1/STM32CubeIDE/plugins/com.st.stm32cube.ide.mcu.externaltools.gnu-tools-for-stm32.13.3.rel1.win32_1.0.0.202411081344/tools/bin/../lib/gcc/arm-none-eabi/13.3.1/thumb/v7e-m+fp/hard/crtbegin.o
                0x08020758                        PROVIDE (__init_array_end = .)
                0x08020758                        . = ALIGN (0x4)

.fini_array     0x08020758        0x4
                0x08020758                        . = ALIGN (0x4)
                [!provide]                        PROVIDE (__fini_array_start = .)
 *(SORT_BY_NAME(.fini_array.*))
 *(.fini_array*)
 .fini_array    0x08020758        0x4 C:/ST/STM32CubeIDE_1.16.1/STM32CubeIDE/plugins/com.st.stm32cube.ide.mcu.externaltools.gnu-tools-for-stm32.13.3.rel1.win32_1.0.0.202411081344/tools/bin/../lib/gcc/arm-none-eabi/13.3.1/thumb/v7e-m+fp/hard/crtbegin.o
                [!provide]                        PROVIDE (__fini_array_end = .)
                0x0802075c                        . = ALIGN (0x4)
                0x0802075c                        _sidata = LOADADDR (.data)

.rel.dyn        0x0802075c        0x0
 .rel.iplt      0x0802075c        0x0 C:/ST/STM32CubeIDE_1.16.1/STM32CubeIDE/plugins/com.st.stm32cube.ide.mcu.externaltools.gnu-tools-for-stm32.13.3.rel1.win32_1.0.0.202411081344/tools/bin/../lib/gcc/arm-none-eabi/13.3.1/thumb/v7e-m+fp/hard/crtbegin.o

.data           0x20000000     0xab4c load address 0x0802075c
                0x20000000                        . = ALIGN (0x4)
                0x20000000                        _sdata = .
 *(.data)
 *(.data*)
 .data.project_data
                0x20000000     0xa950 ./Application/Src/data.o
 .data.preferences
                0x2000a950        0x3 ./Application/Src/data.o
 *fill*         0x2000a953        0x1 
 .data.logic_state_table
                0x2000a954       0x1c ./Application/Src/logic.o
 .data.selected_chain
                0x2000a970        0x1 ./Application/Src/logic_chain.o
 .data.copied_phrase
                0x2000a971        0x1 ./Application/Src/logic_chain.o
 .data.copied_transpose
                0x2000a972        0x1 ./Application/Src/logic_chain.o
 *fill*         0x2000a973        0x1 
 .data.REGION.18
                0x2000a974        0x4 ./Application/Src/logic_chain.o
 .data.REGION.17
                0x2000a978        0x4 ./Application/Src/logic_chain.o
 .data.REGION.16
                0x2000a97c        0x4 ./Application/Src/logic_chain.o
 .data.REGION.15
                0x2000a980        0x4 ./Application/Src/logic_chain.o
 .data.REGION.14
                0x2000a984        0x4 ./Application/Src/logic_chain.o
 .data.REGION.13
                0x2000a988        0x4 ./Application/Src/logic_chain.o
 .data.REGION.12
                0x2000a98c        0x4 ./Application/Src/logic_chain.o
 .data.REGION.11
                0x2000a990        0x4 ./Application/Src/logic_chain.o
 .data.REGION.10
                0x2000a994        0x4 ./Application/Src/logic_chain.o
 .data.REGION.9
                0x2000a998        0x4 ./Application/Src/logic_chain.o
 .data.REGION.8
                0x2000a99c        0x4 ./Application/Src/logic_chain.o
 .data.REGION.7
                0x2000a9a0        0x4 ./Application/Src/logic_chain.o
 .data.REGION.6
                0x2000a9a4        0x4 ./Application/Src/logic_chain.o
 .data.REGION.5
                0x2000a9a8        0x4 ./Application/Src/logic_chain.o
 .data.REGION.4
                0x2000a9ac        0x4 ./Application/Src/logic_chain.o
 .data.REGION.3
                0x2000a9b0        0x4 ./Application/Src/logic_chain.o
 .data.REGION.2
                0x2000a9b4        0x4 ./Application/Src/logic_chain.o
 .data.REGION.1
                0x2000a9b8        0x4 ./Application/Src/logic_chain.o
 .data.REGION.0
                0x2000a9bc        0x4 ./Application/Src/logic_chain.o
 .data.__compound_literal.1
                0x2000a9c0       0x38 ./Application/Src/logic_instrument.o
 .data.__compound_literal.3
                0x2000a9f8       0x38 ./Application/Src/logic_instrument.o
 .data.REGION.7
                0x2000aa30        0x4 ./Application/Src/logic_instrument.o
 .data.selected_phrase
                0x2000aa34        0x1 ./Application/Src/logic_phrase.o
 .data.copied_note
                0x2000aa35        0x1 ./Application/Src/logic_phrase.o
 .data.copied_instrument
                0x2000aa36        0x1 ./Application/Src/logic_phrase.o
 .data.copied_volume
                0x2000aa37        0x1 ./Application/Src/logic_phrase.o
 .data.copied_command
                0x2000aa38        0x1 ./Application/Src/logic_phrase.o
 *fill*         0x2000aa39        0x3 
 .data.REGION.15
                0x2000aa3c        0x4 ./Application/Src/logic_phrase.o
 .data.REGION.14
                0x2000aa40        0x4 ./Application/Src/logic_phrase.o
 .data.REGION.13
                0x2000aa44        0x4 ./Application/Src/logic_phrase.o
 .data.REGION.12
                0x2000aa48        0x4 ./Application/Src/logic_phrase.o
 .data.REGION.11
                0x2000aa4c        0x4 ./Application/Src/logic_phrase.o
 .data.REGION.10
                0x2000aa50        0x4 ./Application/Src/logic_phrase.o
 .data.REGION.9
                0x2000aa54        0x4 ./Application/Src/logic_phrase.o
 .data.REGION.8
                0x2000aa58        0x4 ./Application/Src/logic_phrase.o
 .data.REGION.7
                0x2000aa5c        0x4 ./Application/Src/logic_phrase.o
 .data.REGION.6
                0x2000aa60        0x4 ./Application/Src/logic_phrase.o
 .data.REGION.5
                0x2000aa64        0x4 ./Application/Src/logic_phrase.o
 .data.REGION.4
                0x2000aa68        0x4 ./Application/Src/logic_phrase.o
 .data.REGION.3
                0x2000aa6c        0x4 ./Application/Src/logic_phrase.o
 .data.REGION.2
                0x2000aa70        0x4 ./Application/Src/logic_phrase.o
 .data.REGION.1
                0x2000aa74        0x4 ./Application/Src/logic_phrase.o
 .data.REGION.0
                0x2000aa78        0x4 ./Application/Src/logic_phrase.o
 .data.region.4
                0x2000aa7c        0x4 ./Application/Src/logic_project.o
 .data.copied_chain
                0x2000aa80        0x1 ./Application/Src/logic_song.o
 *fill*         0x2000aa81        0x3 
 .data.REGION.17
                0x2000aa84        0x4 ./Application/Src/logic_song.o
 .data.REGION.14
                0x2000aa88        0x4 ./Application/Src/logic_song.o
 .data.REGION.13
                0x2000aa8c        0x4 ./Application/Src/logic_song.o
 .data.REGION.12
                0x2000aa90        0x4 ./Application/Src/logic_song.o
 .data.REGION.11
                0x2000aa94        0x4 ./Application/Src/logic_song.o
 .data.REGION.10
                0x2000aa98        0x4 ./Application/Src/logic_song.o
 .data.REGION.9
                0x2000aa9c        0x4 ./Application/Src/logic_song.o
 .data.REGION.8
                0x2000aaa0        0x4 ./Application/Src/logic_song.o
 .data.REGION.7
                0x2000aaa4        0x4 ./Application/Src/logic_song.o
 .data.REGION.6
                0x2000aaa8        0x4 ./Application/Src/logic_song.o
 .data.REGION.5