../Application/Src/data.c:50:9:data_get_song_chart_chain	0	static
../Application/Src/data.c:59:6:data_set_song_chart_chain	0	static
../Application/Src/data.c:66:9:data_get_chain_phrase	0	static
../Application/Src/data.c:77:6:data_set_chain_phrase	0	static
../Application/Src/data.c:86:8:data_get_chain_transpose	0	static
../Application/Src/data.c:97:6:data_set_chain_transpose	0	static
../Application/Src/data.c:106:9:data_get_phrase_note	0	static
../Application/Src/data.c:117:6:data_set_phrase_note	0	static
../Application/Src/data.c:126:9:data_get_phrase_instrument	0	static
../Application/Src/data.c:137:6:data_set_phrase_instrument	0	static
../Application/Src/data.c:146:9:data_get_phrase_volume	0	static
../Application/Src/data.c:157:6:data_set_phrase_volume	0	static
../Application/Src/data.c:166:9:data_get_phrase_command	0	static
../Application/Src/data.c:178:6:data_set_phrase_command	4	static
../Application/Src/data.c:188:9:data_get_phrase_parameter	0	static
../Application/Src/data.c:200:6:data_set_phrase_parameter	4	static
../Application/Src/data.c:210:9:data_get_setting_joystick_delay_initial	0	static
../Application/Src/data.c:215:6:data_set_setting_joystick_delay_initial	0	static
../Application/Src/data.c:220:9:data_get_setting_joystick_delay_repeat	0	static
../Application/Src/data.c:225:6:data_set_setting_joystick_delay_repeat	0	static
