../Application/Src/logic_pattern.c:175:6:pattern_draw_chain_blank_space	16	static
../Application/Src/logic_pattern.c:260:6:pattern_draw_phrase_blank_space	16	static
../Application/Src/logic_pattern.c:287:6:pattern_draw_phrase_labels	8	static
../Application/Src/logic_pattern.c:222:6:pattern_draw_chain_data	40	static
../Application/Src/logic_pattern.c:322:6:pattern_draw_phrase_data	56	static
../Application/Src/logic_pattern.c:151:6:pattern_draw_command_description	16	static
../Application/Src/logic_pattern.c:71:6:pattern_init	32	static
