../Application/Src/logic_pattern.c:174:6:pattern_draw_chain_blank_space	16	static
../Application/Src/logic_pattern.c:259:6:pattern_draw_phrase_blank_space	16	static
../Application/Src/logic_pattern.c:286:6:pattern_draw_phrase_labels	8	static
../Application/Src/logic_pattern.c:221:6:pattern_draw_chain_data	40	static
../Application/Src/logic_pattern.c:321:6:pattern_draw_phrase_data	56	static
../Application/Src/logic_pattern.c:150:6:pattern_draw_command_description	16	static
../Application/Src/logic_pattern.c:69:6:pattern_init	32	static
