../Application/Src/logic_song.c:61:6:song_draw_blank_space	24	static
../Application/Src/logic_song.c:95:6:song_draw_row_numbers	32	static
../Application/Src/logic_song.c:116:6:song_draw_pattern_chart	48	static
../Application/Src/logic_song.c:213:6:song_highlight_row	8	static
../Application/Src/logic_song.c:234:6:song_unhighlight_row	8	static
../Application/Src/logic_song.c:163:6:song_unhighlight_cursor	24	static
../Application/Src/logic_song.c:255:6:song_update_pattern	16	static
../Application/Src/logic_song.c:29:6:song_init	24	static
../Application/Src/logic_song.c:269:6:song_move_cursor	16	static
../Application/Src/logic_song.c:363:6:song_move_page	24	static
../Application/Src/logic_song.c:450:6:song_insert_pattern	8	static
../Application/Src/logic_song.c:463:6:song_insert_new_pattern	0	static
../Application/Src/logic_song.c:468:6:song_delete_pattern	8	static
../Application/Src/logic_song.c:481:6:song_change_pattern	16	static
../Application/Src/logic_song.c:536:10:song_get_selected_pattern	8	static
