../Application/Src/logic_phrase.c:319:6:phrase_highlight_cursor	16	static
../Application/Src/logic_phrase.c:504:6:phrase_update_value	32	static
../Application/Src/logic_phrase.c:91:6:phrase_draw_editor_command_description.part.0	48	static
../Application/Src/logic_phrase.c:428:6:phrase_highlight_label	8	static
../Application/Src/logic_phrase.c:600:6:phrase_update_command_description	32	static
../Application/Src/logic_phrase.c:50:6:phrase_init	120	static
../Application/Src/logic_phrase.c:63:6:phrase_deinit	8	static
../Application/Src/logic_phrase.c:622:6:phrase_move_cursor	32	static
../Application/Src/logic_phrase.c:686:6:phrase_insert_value	8	static
../Application/Src/logic_phrase.c:766:6:phrase_delete_value	8	static
../Application/Src/logic_phrase.c:853:6:phrase_change_value	24	static
../Application/Src/logic_phrase.c:1053:17:phrase_get_selected_instrument	0	static
