../Application/Src/logic_song.c:13:6:song_draw_title	80	static
../Application/Src/logic_song.c:29:6:song_draw_chart	136	static
../Application/Src/logic_song.c:117:6:song_highlight_cursor	16	static
../Application/Src/logic_song.c:131:6:song_unhighlight_cursor	24	static
../Application/Src/logic_song.c:163:6:song_highlight_column	8	static
../Application/Src/logic_song.c:172:6:song_unhighlight_column	8	static
../Application/Src/logic_song.c:181:6:song_highlight_row	8	static
../Application/Src/logic_song.c:194:6:song_unhighlight_row	8	static
../Application/Src/logic_song.c:215:6:song_move_cursor	16	static
../Application/Src/logic_song.c:335:6:song_move_page	0	static
../Application/Src/logic_song.c:340:6:song_insert_pattern	0	static
../Application/Src/logic_song.c:345:6:song_insert_new_pattern	0	static
../Application/Src/logic_song.c:350:6:song_delete_pattern	0	static
../Application/Src/logic_song.c:355:6:song_change_pattern	0	static
../Application/Src/logic_song.c:360:10:song_get_selected_pattern	8	static
