../Drivers/STM32G4xx_HAL_Driver/Inc/stm32g4xx_ll_gpio.h:784:26:LL_GPIO_ReadInputPort	16	static
../System/Src/button.c:71:6:button_scan	24	static
../System/Src/button.c:85:16:button_state_idle	16	static
../System/Src/button.c:97:16:button_state_debouncing_idle	16	static
../System/Src/button.c:118:16:button_state_press	16	static
../System/Src/button.c:133:16:button_state_double_press	16	static
../System/Src/button.c:149:16:button_state_triple_press	16	static
../System/Src/button.c:164:16:button_state_hold	16	static
../System/Src/button.c:179:16:button_state_long_hold	16	static
../System/Src/button.c:191:16:button_state_debouncing_hold	16	static
../System/Src/button.c:204:16:button_state_debouncing_long_hold	16	static
../System/Src/button.c:217:16:button_state_release	16	static
../System/Src/button.c:229:6:is_button_idle	24	static
../System/Src/button.c:245:6:is_button_held	24	static
../System/Src/button.c:263:6:is_button_long_held	24	static
../System/Src/button.c:279:6:is_button_pressed	24	static
../System/Src/button.c:295:6:is_button_double_pressed	24	static
../System/Src/button.c:308:6:is_button_triple_pressed	24	static
../System/Src/button.c:321:6:is_button_released	24	static
../System/Src/button.c:334:6:is_button_debouncing	24	static
