../Drivers/STM32G4xx_HAL_Driver/Inc/stm32g4xx_ll_gpio.h:894:22:LL_GPIO_SetOutputPin	16	static
../Drivers/STM32G4xx_HAL_Driver/Inc/stm32g4xx_ll_gpio.h:923:22:LL_GPIO_ResetOutputPin	16	static
../Drivers/STM32G4xx_HAL_Driver/Inc/stm32g4xx_ll_dma.h:517:22:LL_DMA_EnableChannel	24	static
../Drivers/STM32G4xx_HAL_Driver/Inc/stm32g4xx_ll_dma.h:539:22:LL_DMA_DisableChannel	24	static
../Drivers/STM32G4xx_HAL_Driver/Inc/stm32g4xx_ll_dma.h:561:26:LL_DMA_IsEnabledChannel	24	static
../Drivers/STM32G4xx_HAL_Driver/Inc/stm32g4xx_ll_dma.h:997:22:LL_DMA_SetDataLength	32	static
../Drivers/STM32G4xx_HAL_Driver/Inc/stm32g4xx_ll_dma.h:1188:22:LL_DMA_SetM2MSrcAddress	32	static
../Drivers/STM32G4xx_HAL_Driver/Inc/stm32g4xx_ll_dma.h:1213:22:LL_DMA_SetM2MDstAddress	32	static
../Drivers/STM32G4xx_HAL_Driver/Inc/stm32g4xx_ll_dma.h:1663:26:LL_DMA_IsActiveFlag_TC1	16	static
../Drivers/STM32G4xx_HAL_Driver/Inc/stm32g4xx_ll_dma.h:2063:22:LL_DMA_ClearFlag_TC1	16	static
../System/Src/ili9341.c:10:6:ILI9341_init	16	static
../System/Src/ili9341.c:47:6:ILI9341_set_address	16	static
../System/Src/ili9341.c:53:6:ILI9341_send_data	24	static
../System/Src/ili9341.c:61:6:ILI9341_send_data_DMA	16	static
../System/Src/ili9341.c:72:10:ILI9341_is_DMA_ready	8	static
../System/Src/ili9341.c:77:6:ILI9341_hard_reset	8	static
../System/Src/ili9341.c:85:6:ILI9341_interface_control	24	static
../System/Src/ili9341.c:92:6:ILI9341_memory_access_control	16	static
../System/Src/ili9341.c:98:6:ILI9341_column_address_set	24	static
../System/Src/ili9341.c:105:6:ILI9341_page_address_set	24	static
../System/Src/ili9341.c:112:6:ILI9341_sleep_out	8	static
../System/Src/ili9341.c:118:6:ILI9341_normal_display_mode_on	8	static
../System/Src/ili9341.c:123:6:ILI9341_pixel_format_set	16	static
../System/Src/ili9341.c:129:6:ILI9341_display_on	8	static
../System/Src/ili9341.c:134:6:ILI9341_memory_write_start	8	static
