../System/Src/lcd.c:141:6:LCD_enqueue_tile	8	static
../System/Src/lcd.c:153:15:LCD_dequeue_tile	8	static
../System/Src/lcd.c:28:6:LCD_init	16	static
../System/Src/lcd.c:49:6:LCD_draw	24	static
../System/Src/lcd.c:67:6:LCD_change_symbol	16	static
../System/Src/lcd.c:84:6:LCD_change_color	16	static
../System/Src/lcd.c:136:10:LCD_is_DMA_ready	8	static
../System/Src/lcd.c:117:6:LCD_update_tile	24	static
../System/Src/lcd.c:107:6:LCD_update_one_tile	16	static
../System/Src/lcd.c:101:6:LCD_update_screen	8	static
