../Drivers/STM32G4xx_HAL_Driver/Src/stm32g4xx_ll_spi.c:133:13:LL_SPI_DeInit	0	static
../Drivers/STM32G4xx_HAL_Driver/Src/stm32g4xx_ll_spi.c:200:13:LL_SPI_Init	8	static
../Drivers/STM32G4xx_HAL_Driver/Src/stm32g4xx_ll_spi.c:278:6:LL_SPI_StructInit	0	static
../Drivers/STM32G4xx_HAL_Driver/Src/stm32g4xx_ll_spi.c:382:13:LL_I2S_DeInit	0	static
../Drivers/STM32G4xx_HAL_Driver/Src/stm32g4xx_ll_spi.c:397:13:LL_I2S_Init	16	static
../Drivers/STM32G4xx_HAL_Driver/Src/stm32g4xx_ll_spi.c:504:6:LL_I2S_StructInit	0	static
../Drivers/STM32G4xx_HAL_Driver/Src/stm32g4xx_ll_spi.c:526:6:LL_I2S_ConfigPrescaler	0	static
