../Drivers/CMSIS/Include/core_cm4.h:1667:26:__NVIC_GetPriorityGrouping	1
../Drivers/CMSIS/Include/core_cm4.h:1679:22:__NVIC_EnableIRQ	2
../Drivers/CMSIS/Include/core_cm4.h:1809:22:__NVIC_SetPriority	2
../Drivers/CMSIS/Include/core_cm4.h:1856:26:NVIC_EncodePriority	2
../Drivers/STM32G4xx_HAL_Driver/Inc/stm32g4xx_ll_adc.h:4471:22:LL_ADC_SetGainCompensation	2
../Drivers/STM32G4xx_HAL_Driver/Inc/stm32g4xx_ll_adc.h:4716:22:LL_ADC_REG_SetTriggerEdge	1
../Drivers/STM32G4xx_HAL_Driver/Inc/stm32g4xx_ll_adc.h:5043:22:LL_ADC_REG_SetSequencerRanks	1
../Drivers/STM32G4xx_HAL_Driver/Inc/stm32g4xx_ll_adc.h:6319:22:LL_ADC_SetChannelSamplingTime	1
../Drivers/STM32G4xx_HAL_Driver/Inc/stm32g4xx_ll_adc.h:6490:22:LL_ADC_SetChannelSingleDiff	1
../Drivers/STM32G4xx_HAL_Driver/Inc/stm32g4xx_ll_adc.h:7192:22:LL_ADC_SetOverSamplingScope	1
../Drivers/STM32G4xx_HAL_Driver/Inc/stm32g4xx_ll_adc.h:7621:22:LL_ADC_DisableDeepPowerDown	1
../Drivers/STM32G4xx_HAL_Driver/Inc/stm32g4xx_ll_adc.h:7654:22:LL_ADC_EnableInternalRegulator	1
../Drivers/STM32G4xx_HAL_Driver/Inc/stm32g4xx_ll_dma.h:628:22:LL_DMA_SetDataTransferDirection	1
../Drivers/STM32G4xx_HAL_Driver/Inc/stm32g4xx_ll_dma.h:683:22:LL_DMA_SetMode	1
../Drivers/STM32G4xx_HAL_Driver/Inc/stm32g4xx_ll_dma.h:734:22:LL_DMA_SetPeriphIncMode	1
../Drivers/STM32G4xx_HAL_Driver/Inc/stm32g4xx_ll_dma.h:785:22:LL_DMA_SetMemoryIncMode	1
../Drivers/STM32G4xx_HAL_Driver/Inc/stm32g4xx_ll_dma.h:837:22:LL_DMA_SetPeriphSize	1
../Drivers/STM32G4xx_HAL_Driver/Inc/stm32g4xx_ll_dma.h:890:22:LL_DMA_SetMemorySize	1
../Drivers/STM32G4xx_HAL_Driver/Inc/stm32g4xx_ll_dma.h:944:22:LL_DMA_SetChannelPriorityLevel	1
../Drivers/STM32G4xx_HAL_Driver/Inc/stm32g4xx_ll_dma.h:1406:22:LL_DMA_SetPeriphRequest	1
../Drivers/STM32G4xx_HAL_Driver/Inc/stm32g4xx_ll_rcc.h:930:22:LL_RCC_HSE_EnableBypass	1
../Drivers/STM32G4xx_HAL_Driver/Inc/stm32g4xx_ll_rcc.h:950:22:LL_RCC_HSE_Enable	1
../Drivers/STM32G4xx_HAL_Driver/Inc/stm32g4xx_ll_rcc.h:970:26:LL_RCC_HSE_IsReady	2
../Drivers/STM32G4xx_HAL_Driver/Inc/stm32g4xx_ll_rcc.h:1346:22:LL_RCC_SetSysClkSource	1
../Drivers/STM32G4xx_HAL_Driver/Inc/stm32g4xx_ll_rcc.h:1359:26:LL_RCC_GetSysClkSource	1
../Drivers/STM32G4xx_HAL_Driver/Inc/stm32g4xx_ll_rcc.h:1379:22:LL_RCC_SetAHBPrescaler	1
../Drivers/STM32G4xx_HAL_Driver/Inc/stm32g4xx_ll_rcc.h:1395:22:LL_RCC_SetAPB1Prescaler	1
../Drivers/STM32G4xx_HAL_Driver/Inc/stm32g4xx_ll_rcc.h:1411:22:LL_RCC_SetAPB2Prescaler	1
../Drivers/STM32G4xx_HAL_Driver/Inc/stm32g4xx_ll_rcc.h:1704:22:LL_RCC_SetADCClockSource	1
../Drivers/STM32G4xx_HAL_Driver/Inc/stm32g4xx_ll_rcc.h:2063:22:LL_RCC_PLL_Enable	1
../Drivers/STM32G4xx_HAL_Driver/Inc/stm32g4xx_ll_rcc.h:2084:26:LL_RCC_PLL_IsReady	2
../Drivers/STM32G4xx_HAL_Driver/Inc/stm32g4xx_ll_rcc.h:2127:22:LL_RCC_PLL_ConfigDomain_SYS	1
../Drivers/STM32G4xx_HAL_Driver/Inc/stm32g4xx_ll_rcc.h:2456:22:LL_RCC_PLL_EnableDomain_SYS	1
../Drivers/STM32G4xx_HAL_Driver/Inc/stm32g4xx_ll_bus.h:243:22:LL_AHB1_GRP1_EnableClock	1
../Drivers/STM32G4xx_HAL_Driver/Inc/stm32g4xx_ll_bus.h:451:22:LL_AHB2_GRP1_EnableClock	1
../Drivers/STM32G4xx_HAL_Driver/Inc/stm32g4xx_ll_bus.h:913:22:LL_APB1_GRP1_EnableClock	1
../Drivers/STM32G4xx_HAL_Driver/Inc/stm32g4xx_ll_bus.h:1427:22:LL_APB2_GRP1_EnableClock	1
../Drivers/STM32G4xx_HAL_Driver/Inc/stm32g4xx_ll_system.h:1292:22:LL_FLASH_SetLatency	1
../Drivers/STM32G4xx_HAL_Driver/Inc/stm32g4xx_ll_system.h:1320:26:LL_FLASH_GetLatency	1
../Drivers/STM32G4xx_HAL_Driver/Inc/stm32g4xx_ll_pwr.h:341:22:LL_PWR_EnableRange1BoostMode	1
../Drivers/STM32G4xx_HAL_Driver/Inc/stm32g4xx_ll_spi.h:439:22:LL_SPI_SetStandard	1
../Drivers/STM32G4xx_HAL_Driver/Inc/stm32g4xx_ll_spi.h:875:22:LL_SPI_EnableNSSPulseMgt	1
../Drivers/STM32G4xx_HAL_Driver/Inc/stm32g4xx_ll_tim.h:2214:22:LL_TIM_DisableARRPreload	1
../Drivers/STM32G4xx_HAL_Driver/Inc/stm32g4xx_ll_tim.h:2993:22:LL_TIM_OC_DisableFast	10
../Drivers/STM32G4xx_HAL_Driver/Inc/stm32g4xx_ll_tim.h:3045:22:LL_TIM_OC_EnablePreload	10
../Drivers/STM32G4xx_HAL_Driver/Inc/stm32g4xx_ll_tim.h:3954:22:LL_TIM_SetClockSource	1
../Drivers/STM32G4xx_HAL_Driver/Inc/stm32g4xx_ll_tim.h:4007:22:LL_TIM_SetTriggerOutput	1
../Drivers/STM32G4xx_HAL_Driver/Inc/stm32g4xx_ll_tim.h:4113:22:LL_TIM_DisableMasterSlaveMode	1
../Drivers/STM32G4xx_HAL_Driver/Inc/stm32g4xx_ll_tim.h:5921:22:LL_TIM_EnableIT_UPDATE	1
../Drivers/STM32G4xx_HAL_Driver/Inc/stm32g4xx_ll_gpio.h:923:22:LL_GPIO_ResetOutputPin	1
../Core/Src/main.c:76:5:main	1
../Core/Src/main.c:134:6:SystemClock_Config	7
../Core/Src/main.c:184:13:MX_ADC4_Init	2
../Core/Src/main.c:298:13:MX_CORDIC_Init	1
../Core/Src/main.c:325:13:MX_SPI1_Init	1
../Core/Src/main.c:397:13:MX_TIM2_Init	1
../Core/Src/main.c:432:13:MX_TIM3_Init	1
../Core/Src/main.c:467:13:MX_TIM4_Init	1
../Core/Src/main.c:524:13:MX_TIM6_Init	1
../Core/Src/main.c:562:13:MX_TIM15_Init	1
../Core/Src/main.c:641:13:MX_DMA_Init	1
../Core/Src/main.c:683:13:MX_FMC_Init	2
../Core/Src/main.c:744:13:MX_GPIO_Init	1
../Core/Src/main.c:911:6:Error_Handler	1
