../Drivers/CMSIS/Include/core_cm4.h:1856:26:NVIC_EncodePriority	4	static
../Drivers/STM32G4xx_HAL_Driver/Inc/stm32g4xx_ll_tim.h:2993:22:LL_TIM_OC_DisableFast	4	static
../Core/Src/main.c:572:13:MX_DMA_Init	16	static,ignoring_inline_asm
../Core/Src/main.c:675:13:MX_GPIO_Init	96	static
../Core/Src/main.c:366:13:MX_TIM2_Init	32	static
../Core/Src/main.c:401:13:MX_TIM3_Init	32	static
../Core/Src/main.c:180:13:MX_ADC4_Init	104	static
../Core/Src/main.c:436:13:MX_TIM4_Init	104	static
../Core/Src/main.c:493:13:MX_TIM15_Init	152	static
../Core/Src/main.c:294:13:MX_SPI1_Init	88	static
../Core/Src/main.c:842:6:Error_Handler	0	static,ignoring_inline_asm
../Core/Src/main.c:614:13:MX_FMC_Init	40	static
../Core/Src/main.c:130:6:SystemClock_Config	16	static
../Core/Src/main.c:74:5:main	8	static
