../Core/Inc/stm32g4xx_it.h:49:6:NMI_Handler	0	static
../Core/Inc/stm32g4xx_it.h:50:6:HardFault_Handler	0	static
../Core/Inc/stm32g4xx_it.h:51:6:MemManage_Handler	0	static
../Core/Inc/stm32g4xx_it.h:52:6:BusFault_Handler	0	static
../Core/Inc/stm32g4xx_it.h:53:6:UsageFault_Handler	0	static
../Core/Inc/stm32g4xx_it.h:54:6:SVC_Handler	0	static
../Core/Inc/stm32g4xx_it.h:55:6:DebugMon_Handler	0	static
../Core/Inc/stm32g4xx_it.h:56:6:PendSV_Handler	0	static
../Core/Inc/stm32g4xx_it.h:57:6:SysTick_Handler	0	static
../Core/Inc/stm32g4xx_it.h:58:6:DMA2_Channel1_IRQHandler	8	static
