../Drivers/STM32G4xx_HAL_Driver/Inc/stm32g4xx_ll_spi.h:1242:22:LL_SPI_EnableDMAReq_TX	16	static
../Drivers/STM32G4xx_HAL_Driver/Inc/stm32g4xx_ll_spi.h:1253:22:LL_SPI_DisableDMAReq_TX	16	static
../Drivers/STM32G4xx_HAL_Driver/Inc/stm32g4xx_ll_spi.h:1652:22:LL_I2S_Enable	16	static
../Drivers/STM32G4xx_HAL_Driver/Inc/stm32g4xx_ll_spi.h:1663:22:LL_I2S_Disable	16	static
../Drivers/STM32G4xx_HAL_Driver/Inc/stm32g4xx_ll_spi.h:2202:22:LL_I2S_EnableDMAReq_TX	16	static
../Drivers/STM32G4xx_HAL_Driver/Inc/stm32g4xx_ll_spi.h:2213:22:LL_I2S_DisableDMAReq_TX	16	static
../Drivers/STM32G4xx_HAL_Driver/Inc/stm32g4xx_ll_dma.h:517:22:LL_DMA_EnableChannel	24	static
../Drivers/STM32G4xx_HAL_Driver/Inc/stm32g4xx_ll_dma.h:539:22:LL_DMA_DisableChannel	24	static
../Drivers/STM32G4xx_HAL_Driver/Inc/stm32g4xx_ll_dma.h:997:22:LL_DMA_SetDataLength	32	static
../Drivers/STM32G4xx_HAL_Driver/Inc/stm32g4xx_ll_dma.h:1092:22:LL_DMA_SetMemoryAddress	32	static
../Application/Src/audio.c:40:6:audio_start	16	static
../Application/Src/audio.c:97:6:audio_stop	16	static
../Application/Src/audio.c:110:6:audio_half_callback	8	static
../Application/Src/audio.c:119:6:audio_full_callback	8	static
../Application/Src/audio.c:128:13:audio_fill_buffer	32	static
../Application/Src/audio.c:139:16:audio_get_next_sample	32	static
../Application/Src/audio.c:254:13:audio_is_playing	16	static
