../Application/Src/data.c:51:9:data_get_song_chain	0	static
../Application/Src/data.c:60:6:data_set_song_chain	0	static
../Application/Src/data.c:67:9:data_get_chain_phrase	0	static
../Application/Src/data.c:78:6:data_set_chain_phrase	0	static
../Application/Src/data.c:87:9:data_get_chain_transpose	0	static
../Application/Src/data.c:98:6:data_set_chain_transpose	0	static
../Application/Src/data.c:107:9:data_get_phrase_note	0	static
../Application/Src/data.c:118:6:data_set_phrase_note	0	static
../Application/Src/data.c:127:9:data_get_phrase_instrument	0	static
../Application/Src/data.c:138:6:data_set_phrase_instrument	0	static
../Application/Src/data.c:147:9:data_get_phrase_volume	0	static
../Application/Src/data.c:158:6:data_set_phrase_volume	0	static
../Application/Src/data.c:167:9:data_get_phrase_command	0	static
../Application/Src/data.c:179:6:data_set_phrase_command	0	static
../Application/Src/data.c:189:9:data_get_phrase_parameter	0	static
../Application/Src/data.c:201:6:data_set_phrase_parameter	0	static
../Application/Src/data.c:211:9:data_get_setting_joystick_delay_initial	0	static
../Application/Src/data.c:216:6:data_set_setting_joystick_delay_initial	0	static
../Application/Src/data.c:221:9:data_get_setting_joystick_delay_repeat	0	static
../Application/Src/data.c:226:6:data_set_setting_joystick_delay_repeat	0	static
