../Application/Src/data.c:55:9:data_get_song_chart_pattern	0	static
../Application/Src/data.c:64:6:data_set_song_chart_pattern	0	static
../Application/Src/data.c:71:9:data_get_chain_phrase	0	static
../Application/Src/data.c:80:6:data_set_chain_phrase	0	static
../Application/Src/data.c:87:8:data_get_chain_transpose	0	static
../Application/Src/data.c:96:6:data_set_chain_transpose	0	static
../Application/Src/data.c:103:9:data_get_phrase_note	0	static
../Application/Src/data.c:112:6:data_set_phrase_note	0	static
../Application/Src/data.c:119:9:data_get_phrase_instrument	0	static
../Application/Src/data.c:128:6:data_set_phrase_instrument	0	static
../Application/Src/data.c:135:9:data_get_phrase_volume	0	static
../Application/Src/data.c:144:6:data_set_phrase_volume	0	static
../Application/Src/data.c:151:9:data_get_phrase_command	0	static
../Application/Src/data.c:161:6:data_set_phrase_command	0	static
../Application/Src/data.c:169:9:data_get_phrase_parameter	0	static
../Application/Src/data.c:179:6:data_set_phrase_parameter	0	static
../Application/Src/data.c:187:9:data_get_setting_joystick_delay_initial	0	static
../Application/Src/data.c:192:6:data_set_setting_joystick_delay_initial	0	static
../Application/Src/data.c:197:9:data_get_setting_joystick_delay_repeat	0	static
../Application/Src/data.c:202:6:data_set_setting_joystick_delay_repeat	0	static
