../Application/Src/data.c:40:12:data_get_song_chain	16	static
../Application/Src/data.c:53:6:data_set_song_chain	24	static
../Application/Src/data.c:66:13:data_get_chain_phrase	16	static
../Application/Src/data.c:81:6:data_set_chain_phrase	16	static
../Application/Src/data.c:96:13:data_get_chain_transpose	16	static
../Application/Src/data.c:111:6:data_set_chain_transpose	16	static
../Application/Src/data.c:126:8:data_get_phrase_note	16	static
../Application/Src/data.c:141:6:data_set_phrase_note	16	static
../Application/Src/data.c:156:17:data_get_phrase_instrument	16	static
../Application/Src/data.c:171:6:data_set_phrase_instrument	16	static
../Application/Src/data.c:186:10:data_get_phrase_volume	16	static
../Application/Src/data.c:201:6:data_set_phrase_volume	16	static
../Application/Src/data.c:216:14:data_get_phrase_command	24	static
../Application/Src/data.c:233:6:data_set_phrase_command	24	static
../Application/Src/data.c:250:13:data_get_phrase_parameter	24	static
../Application/Src/data.c:267:6:data_set_phrase_parameter	24	static
../Application/Src/data.c:284:10:data_get_tempo	4	static
../Application/Src/data.c:289:6:data_set_tempo	16	static
../Application/Src/data.c:294:9:data_get_setting_joystick_delay_initial	4	static
../Application/Src/data.c:299:6:data_set_setting_joystick_delay_initial	16	static
../Application/Src/data.c:304:9:data_get_setting_joystick_delay_repeat	4	static
../Application/Src/data.c:309:6:data_set_setting_joystick_delay_repeat	16	static
