../Application/Src/logic_song.c:39:6:song_draw_title	16	static
../Application/Src/logic_song.c:61:6:song_draw_blank_space	16	static
../Application/Src/logic_song.c:87:6:song_draw_channels	16	static
../Application/Src/logic_song.c:95:6:song_draw_row_numbers	32	static
../Application/Src/logic_song.c:116:6:song_draw_pattern_chart	40	static
../Application/Src/logic_song.c:53:6:song_draw_editor	8	static
../Application/Src/logic_song.c:149:6:song_highlight_cursor	8	static
../Application/Src/logic_song.c:195:6:song_highlight_column	8	static
../Application/Src/logic_song.c:211:6:song_highlight_row	8	static
../Application/Src/logic_song.c:232:6:song_unhighlight_row	8	static
../Application/Src/logic_song.c:163:6:song_unhighlight_cursor	16	static
../Application/Src/logic_song.c:203:6:song_unhighlight_column	8	static
../Application/Src/logic_song.c:253:6:song_update_pattern	16	static
../Application/Src/logic_song.c:29:6:song_init	8	static
../Application/Src/logic_song.c:267:6:song_move_cursor	8	static
../Application/Src/logic_song.c:361:6:song_move_page	8	static
../Application/Src/logic_song.c:448:6:song_insert_pattern	8	static
../Application/Src/logic_song.c:461:6:song_insert_new_pattern	0	static
../Application/Src/logic_song.c:466:6:song_delete_pattern	8	static
../Application/Src/logic_song.c:479:6:song_change_pattern	8	static
../Application/Src/logic_song.c:534:10:song_get_selected_pattern	8	static
