../Application/Src/logic_song.c:14:6:song_draw_title	80	static
../Application/Src/logic_song.c:30:6:song_draw_chart	136	static
../Application/Src/logic_song.c:118:6:song_highlight_cursor	8	static
../Application/Src/logic_song.c:132:6:song_unhighlight_cursor	16	static
../Application/Src/logic_song.c:164:6:song_highlight_column	8	static
../Application/Src/logic_song.c:173:6:song_unhighlight_column	8	static
../Application/Src/logic_song.c:182:6:song_highlight_row	8	static
../Application/Src/logic_song.c:195:6:song_unhighlight_row	8	static
../Application/Src/logic_song.c:216:6:song_move_cursor	8	static
../Application/Src/logic_song.c:564:6:song_move_page	8	static
../Application/Src/logic_song.c:649:6:song_insert_pattern	0	static
../Application/Src/logic_song.c:654:6:song_insert_new_pattern	0	static
../Application/Src/logic_song.c:659:6:song_delete_pattern	0	static
../Application/Src/logic_song.c:664:6:song_change_pattern	0	static
../Application/Src/logic_song.c:669:10:song_get_selected_pattern	8	static
