../Application/Src/logic.c:55:6:logic_update	16	static
../Application/Src/logic.c:75:6:logic_joystick_auto_repeat	16	static
../Application/Src/logic.c:101:15:logic_state_init	8	static
../Application/Src/logic.c:110:15:logic_state_song	16	static
../Application/Src/logic.c:204:15:logic_state_chain	16	static
../Application/Src/logic.c:277:15:logic_state_phrase	16	static
../Application/Src/logic.c:356:15:logic_state_instrument	16	static
../Application/Src/logic.c:413:15:logic_state_project	16	static
../Application/Src/logic.c:465:15:logic_state_groove	4	static
../Application/Src/logic.c:470:6:draw_sidebar	4	static
../Application/Src/logic.c:475:6:draw_map	4	static
../Application/Src/logic.c:480:6:play_song_from_start	8	static
