../Application/Src/logic_song.c:41:6:song_draw_title	16	static
../Application/Src/logic_song.c:76:6:song_draw_song_channels	16	static
../Application/Src/logic_song.c:93:6:song_draw_song_row_numbers	32	static
../Application/Src/logic_song.c:114:6:song_draw_song_blank_space	16	static
../Application/Src/logic_song.c:69:6:song_draw_blank_space	16	static
../Application/Src/logic_song.c:131:6:song_draw_song_data	40	static
../Application/Src/logic_song.c:61:6:song_draw_song	8	static
../Application/Src/logic_song.c:55:6:song_draw_editor	8	static
../Application/Src/logic_song.c:164:6:song_highlight_cursor	8	static
../Application/Src/logic_song.c:210:6:song_highlight_channel	8	static
../Application/Src/logic_song.c:226:6:song_highlight_row_number	8	static
../Application/Src/logic_song.c:247:6:song_unhighlight_row_number	8	static
../Application/Src/logic_song.c:178:6:song_unhighlight_cursor	16	static
../Application/Src/logic_song.c:218:6:song_unhighlight_channel	8	static
../Application/Src/logic_song.c:268:6:song_update_chain	16	static
../Application/Src/logic_song.c:31:6:song_init	8	static
../Application/Src/logic_song.c:282:6:song_move_cursor	8	static
../Application/Src/logic_song.c:378:6:song_move_page	8	static
../Application/Src/logic_song.c:467:6:song_insert_chain	8	static
../Application/Src/logic_song.c:480:6:song_insert_new_chain	0	static
../Application/Src/logic_song.c:485:6:song_delete_chain	8	static
../Application/Src/logic_song.c:498:6:song_change_chain	8	static
../Application/Src/logic_song.c:553:10:song_get_selected_chain	8	static
