../Application/Src/logic_chain.c:64:6:chain_draw_title	40	static
../Application/Src/logic_chain.c:102:6:chain_draw_editor_chain_labels	24	static
../Application/Src/logic_chain.c:113:6:chain_draw_editor_chain_row_numbers	16	static
../Application/Src/logic_chain.c:129:6:chain_draw_editor_chain_spacing	24	static
../Application/Src/logic_chain.c:183:6:chain_draw_editor_phrase_preview_labels	24	static
../Application/Src/logic_chain.c:198:6:chain_draw_editor_phrase_preview_row_numbers	16	static
../Application/Src/logic_chain.c:214:6:chain_draw_editor_phrase_preview_spacing	24	static
../Application/Src/logic_chain.c:139:6:chain_draw_editor_chain_data	48	static
../Application/Src/logic_chain.c:77:6:chain_draw_editor_chain	8	static
../Application/Src/logic_chain.c:293:6:chain_clear_editor_phrase_preview	8	static
../Application/Src/logic_chain.c:279:6:chain_clear_title	8	static
../Application/Src/logic_chain.c:286:6:chain_clear_editor_chain	8	static
../Application/Src/logic_chain.c:225:6:chain_draw_editor_phrase_preview_data	48	static
../Application/Src/logic_chain.c:85:6:chain_draw_editor_phrase_preview	8	static
../Application/Src/logic_chain.c:300:6:chain_highlight_cursor	16	static
../Application/Src/logic_chain.c:368:6:chain_highlight_label	8	static
../Application/Src/logic_chain.c:404:6:chain_highlight_row_number	8	static
../Application/Src/logic_chain.c:320:6:chain_unhighlight_cursor	16	static
../Application/Src/logic_chain.c:418:6:chain_unhighlight_row_number	8	static
../Application/Src/logic_chain.c:386:6:chain_unhighlight_label	8	static
../Application/Src/logic_chain.c:432:6:chain_update_value	24	static
../Application/Src/logic_chain.c:44:6:chain_init	8	static
../Application/Src/logic_chain.c:57:6:chain_deinit	8	static
../Application/Src/logic_chain.c:468:6:chain_update_phrase_preview	8	static
../Application/Src/logic_chain.c:481:6:chain_move_cursor	24	static
../Application/Src/logic_chain.c:527:6:chain_insert_value	8	static
../Application/Src/logic_chain.c:562:6:chain_delete_value	8	static
../Application/Src/logic_chain.c:599:6:chain_change_value	16	static
../Application/Src/logic_chain.c:678:9:chain_get_selected_phrase	8	static
