../Application/Src/logic_phrase.c:50:6:phrase_init	16	static
../Application/Src/logic_phrase.c:63:6:phrase_deinit	8	static
../Application/Src/logic_phrase.c:70:6:phrase_draw_title	32	static
../Application/Src/logic_phrase.c:83:6:phrase_draw_editor_phrase	8	static
../Application/Src/logic_phrase.c:91:6:phrase_draw_editor_command_description	16	static
../Application/Src/logic_phrase.c:104:6:phrase_draw_editor_phrase_labels	24	static
../Application/Src/logic_phrase.c:127:6:phrase_draw_editor_phrase_row_numbers	24	static
../Application/Src/logic_phrase.c:138:6:phrase_draw_editor_phrase_spacing	24	static
../Application/Src/logic_phrase.c:153:6:phrase_draw_editor_phrase_data	112	static
../Application/Src/logic_phrase.c:234:6:phrase_draw_editor_command_description_name	40	static
../Application/Src/logic_phrase.c:267:6:phrase_draw_editor_command_description_description	32	static
../Application/Src/logic_phrase.c:298:6:phrase_clear_title	8	static
../Application/Src/logic_phrase.c:305:6:phrase_clear_editor_phrase	8	static
../Application/Src/logic_phrase.c:312:6:phrase_clear_editor_command_description	8	static
../Application/Src/logic_phrase.c:319:6:phrase_highlight_cursor	8	static
../Application/Src/logic_phrase.c:356:6:phrase_unhighlight_cursor	24	static
../Application/Src/logic_phrase.c:428:6:phrase_highlight_label	8	static
../Application/Src/logic_phrase.c:458:6:phrase_unhighlight_label	8	static
../Application/Src/logic_phrase.c:488:6:phrase_highlight_row_number	16	static
../Application/Src/logic_phrase.c:496:6:phrase_unhighlight_row_number	16	static
../Application/Src/logic_phrase.c:504:6:phrase_update_value	48	static
../Application/Src/logic_phrase.c:601:6:phrase_update_command_description	16	static
../Application/Src/logic_phrase.c:623:6:phrase_move_cursor	32	static
../Application/Src/logic_phrase.c:687:6:phrase_insert_value	16	static
../Application/Src/logic_phrase.c:767:6:phrase_delete_value	16	static
../Application/Src/logic_phrase.c:854:6:phrase_change_value	64	static
../Application/Src/logic_phrase.c:1043:14:phrase_get_selected_command	8	static
../Application/Src/logic_phrase.c:1054:17:phrase_get_selected_instrument	8	static
