../Application/Src/logic_song.c:55:6:song_draw_blank_space	16	static
../Application/Src/logic_song.c:81:6:song_draw_channels	16	static
../Application/Src/logic_song.c:89:6:song_draw_row_numbers	32	static
../Application/Src/logic_song.c:110:6:song_draw_pattern_chart	40	static
../Application/Src/logic_song.c:143:6:song_highlight_cursor	8	static
../Application/Src/logic_song.c:189:6:song_highlight_column	8	static
../Application/Src/logic_song.c:207:6:song_highlight_row	8	static
../Application/Src/logic_song.c:228:6:song_unhighlight_row	8	static
../Application/Src/logic_song.c:157:6:song_unhighlight_cursor	16	static
../Application/Src/logic_song.c:198:6:song_unhighlight_column	8	static
../Application/Src/logic_song.c:249:6:song_update_pattern	16	static
../Application/Src/logic_song.c:27:6:song_draw_title	80	static
../Application/Src/logic_song.c:43:6:song_draw_all	8	static
../Application/Src/logic_song.c:263:6:song_move_cursor	8	static
../Application/Src/logic_song.c:349:6:song_move_page	8	static
../Application/Src/logic_song.c:428:6:song_insert_pattern	8	static
../Application/Src/logic_song.c:441:6:song_insert_new_pattern	0	static
../Application/Src/logic_song.c:446:6:song_delete_pattern	8	static
../Application/Src/logic_song.c:459:6:song_change_pattern	8	static
../Application/Src/logic_song.c:514:10:song_get_selected_pattern	8	static
