../Application/Src/logic_phrase.c:49:6:phrase_init	16	static
../Application/Src/logic_phrase.c:62:6:phrase_deinit	8	static
../Application/Src/logic_phrase.c:69:6:phrase_draw_title	32	static
../Application/Src/logic_phrase.c:82:6:phrase_draw_editor_phrase	8	static
../Application/Src/logic_phrase.c:90:6:phrase_draw_editor_command_description	16	static
../Application/Src/logic_phrase.c:103:6:phrase_draw_editor_phrase_labels	24	static
../Application/Src/logic_phrase.c:126:6:phrase_draw_editor_phrase_row_numbers	24	static
../Application/Src/logic_phrase.c:137:6:phrase_draw_editor_phrase_spacing	24	static
../Application/Src/logic_phrase.c:152:6:phrase_draw_editor_phrase_data	112	static
../Application/Src/logic_phrase.c:233:6:phrase_draw_editor_command_description_name	40	static
../Application/Src/logic_phrase.c:266:6:phrase_draw_editor_command_description_description	32	static
../Application/Src/logic_phrase.c:297:6:phrase_clear_title	8	static
../Application/Src/logic_phrase.c:304:6:phrase_clear_editor_phrase	8	static
../Application/Src/logic_phrase.c:311:6:phrase_clear_editor_command_description	8	static
../Application/Src/logic_phrase.c:318:6:phrase_highlight_cursor	8	static
../Application/Src/logic_phrase.c:355:6:phrase_unhighlight_cursor	24	static
../Application/Src/logic_phrase.c:427:6:phrase_highlight_label	8	static
../Application/Src/logic_phrase.c:457:6:phrase_unhighlight_label	8	static
../Application/Src/logic_phrase.c:487:6:phrase_highlight_row_number	16	static
../Application/Src/logic_phrase.c:495:6:phrase_unhighlight_row_number	16	static
../Application/Src/logic_phrase.c:503:6:phrase_update_value	48	static
../Application/Src/logic_phrase.c:600:6:phrase_update_command_description	16	static
../Application/Src/logic_phrase.c:622:6:phrase_move_cursor	32	static
../Application/Src/logic_phrase.c:686:6:phrase_insert_value	16	static
../Application/Src/logic_phrase.c:766:6:phrase_delete_value	16	static
../Application/Src/logic_phrase.c:853:6:phrase_change_value	64	static
../Application/Src/logic_phrase.c:1042:14:phrase_get_selected_command	8	static
../Application/Src/logic_phrase.c:1053:9:phrase_get_selected_instrument	8	static
