../Application/Src/logic_song.c:32:6:song_init	8	static
../Application/Src/logic_song.c:42:6:song_deinit	8	static
../Application/Src/logic_song.c:48:6:song_draw_title	24	static
../Application/Src/logic_song.c:58:6:song_draw_editor_song	8	static
../Application/Src/logic_song.c:66:6:song_draw_editor_song_channel_labels	24	static
../Application/Src/logic_song.c:76:6:song_draw_editor_song_row_numbers	32	static
../Application/Src/logic_song.c:95:6:song_draw_editor_song_spacing	32	static
../Application/Src/logic_song.c:109:6:song_draw_editor_song_data	48	static
../Application/Src/logic_song.c:137:6:song_clear_title	8	static
../Application/Src/logic_song.c:144:6:song_clear_editor_song	8	static
../Application/Src/logic_song.c:151:6:song_highlight_cursor	16	static
../Application/Src/logic_song.c:161:6:song_unhighlight_cursor	24	static
../Application/Src/logic_song.c:177:6:song_highlight_channel_label	8	static
../Application/Src/logic_song.c:184:6:song_unhighlight_channel_label	8	static
../Application/Src/logic_song.c:191:6:song_highlight_row_number	16	static
../Application/Src/logic_song.c:206:6:song_unhighlight_row_number	16	static
../Application/Src/logic_song.c:221:6:song_update_chain	16	static
../Application/Src/logic_song.c:237:6:song_move_cursor	32	static
../Application/Src/logic_song.c:305:6:song_move_page	32	static
../Application/Src/logic_song.c:351:6:song_insert_chain	16	static
../Application/Src/logic_song.c:364:6:song_insert_new_chain	4	static
../Application/Src/logic_song.c:369:6:song_delete_chain	16	static
../Application/Src/logic_song.c:382:6:song_change_chain	24	static
../Application/Src/logic_song.c:419:10:song_get_selected_chain	8	static
