../Application/Src/logic_song.c:49:6:song_draw_title	24	static
../Application/Src/logic_song.c:67:6:song_draw_editor_song_channel_labels	32	static
../Application/Src/logic_song.c:77:6:song_draw_editor_song_row_numbers	40	static
../Application/Src/logic_song.c:101:6:song_draw_editor_song_spacing	32	static
../Application/Src/logic_song.c:120:6:song_draw_editor_song_data	56	static
../Application/Src/logic_song.c:59:6:song_draw_editor_song	8	static
../Application/Src/logic_song.c:171:6:song_highlight_cursor	16	static
../Application/Src/logic_song.c:209:6:song_highlight_channel_label	8	static
../Application/Src/logic_song.c:223:6:song_highlight_row_number	16	static
../Application/Src/logic_song.c:181:6:song_unhighlight_cursor	24	static
../Application/Src/logic_song.c:244:6:song_unhighlight_row_number	16	static
../Application/Src/logic_song.c:216:6:song_unhighlight_channel_label	8	static
../Application/Src/logic_song.c:157:6:song_clear_title	8	static
../Application/Src/logic_song.c:164:6:song_clear_editor_song	8	static
../Application/Src/logic_song.c:265:6:song_update_chain	24	static
../Application/Src/logic_song.c:33:6:song_init	8	static
../Application/Src/logic_song.c:43:6:song_deinit	8	static
../Application/Src/logic_song.c:281:6:song_move_cursor	24	static
../Application/Src/logic_song.c:348:6:song_move_page	16	static
../Application/Src/logic_song.c:393:6:song_insert_chain	8	static
../Application/Src/logic_song.c:406:6:song_insert_new_chain	0	static
../Application/Src/logic_song.c:411:6:song_delete_chain	8	static
../Application/Src/logic_song.c:424:6:song_change_chain	16	static
../Application/Src/logic_song.c:461:10:song_get_selected_chain	8	static
