../Application/Src/logic_chain.c:64:6:chain_draw_title	40	static
../Application/Src/logic_chain.c:102:6:chain_draw_editor_chain_labels	24	static
../Application/Src/logic_chain.c:113:6:chain_draw_editor_chain_row_numbers	16	static
../Application/Src/logic_chain.c:124:6:chain_draw_editor_chain_spacing	24	static
../Application/Src/logic_chain.c:169:6:chain_draw_editor_phrase_preview_labels	24	static
../Application/Src/logic_chain.c:184:6:chain_draw_editor_phrase_preview_row_numbers	16	static
../Application/Src/logic_chain.c:195:6:chain_draw_editor_phrase_preview_spacing	24	static
../Application/Src/logic_chain.c:134:6:chain_draw_editor_chain_data	40	static
../Application/Src/logic_chain.c:77:6:chain_draw_editor_chain	8	static
../Application/Src/logic_chain.c:269:6:chain_clear_editor_phrase_preview	8	static
../Application/Src/logic_chain.c:255:6:chain_clear_title	8	static
../Application/Src/logic_chain.c:262:6:chain_clear_editor_chain	8	static
../Application/Src/logic_chain.c:206:6:chain_draw_editor_phrase_preview_data	56	static
../Application/Src/logic_chain.c:85:6:chain_draw_editor_phrase_preview	8	static
../Application/Src/logic_chain.c:276:6:chain_highlight_cursor	16	static
../Application/Src/logic_chain.c:331:6:chain_highlight_label	8	static
../Application/Src/logic_chain.c:367:6:chain_highlight_row_number	8	static
../Application/Src/logic_chain.c:296:6:chain_unhighlight_cursor	16	static
../Application/Src/logic_chain.c:375:6:chain_unhighlight_row_number	8	static
../Application/Src/logic_chain.c:349:6:chain_unhighlight_label	8	static
../Application/Src/logic_chain.c:383:6:chain_update_value	24	static
../Application/Src/logic_chain.c:44:6:chain_init	8	static
../Application/Src/logic_chain.c:57:6:chain_deinit	8	static
../Application/Src/logic_chain.c:421:6:chain_update_phrase_preview	8	static
../Application/Src/logic_chain.c:434:6:chain_move_cursor	24	static
../Application/Src/logic_chain.c:480:6:chain_insert_value	8	static
../Application/Src/logic_chain.c:515:6:chain_delete_value	8	static
../Application/Src/logic_chain.c:552:6:chain_change_value	16	static
../Application/Src/logic_chain.c:631:9:chain_get_selected_phrase	8	static
