../Application/Src/logic_chain.c:44:6:chain_init	16	static
../Application/Src/logic_chain.c:57:6:chain_deinit	8	static
../Application/Src/logic_chain.c:64:6:chain_draw_title	32	static
../Application/Src/logic_chain.c:77:6:chain_draw_editor_chain	8	static
../Application/Src/logic_chain.c:85:6:chain_draw_editor_phrase_preview	16	static
../Application/Src/logic_chain.c:100:6:chain_draw_editor_chain_labels	16	static
../Application/Src/logic_chain.c:111:6:chain_draw_editor_chain_row_numbers	24	static
../Application/Src/logic_chain.c:122:6:chain_draw_editor_chain_spacing	24	static
../Application/Src/logic_chain.c:132:6:chain_draw_editor_chain_data	40	static
../Application/Src/logic_chain.c:167:6:chain_draw_editor_phrase_preview_labels	16	static
../Application/Src/logic_chain.c:182:6:chain_draw_editor_phrase_preview_row_numbers	24	static
../Application/Src/logic_chain.c:193:6:chain_draw_editor_phrase_preview_spacing	24	static
../Application/Src/logic_chain.c:204:6:chain_draw_editor_phrase_preview_data	48	static
../Application/Src/logic_chain.c:253:6:chain_clear_title	8	static
../Application/Src/logic_chain.c:260:6:chain_clear_editor_chain	8	static
../Application/Src/logic_chain.c:267:6:chain_clear_editor_phrase_preview	8	static
../Application/Src/logic_chain.c:274:6:chain_highlight_cursor	8	static
../Application/Src/logic_chain.c:294:6:chain_unhighlight_cursor	24	static
../Application/Src/logic_chain.c:332:6:chain_highlight_label	8	static
../Application/Src/logic_chain.c:350:6:chain_unhighlight_label	8	static
../Application/Src/logic_chain.c:368:6:chain_highlight_row_number	16	static
../Application/Src/logic_chain.c:376:6:chain_unhighlight_row_number	16	static
../Application/Src/logic_chain.c:384:6:chain_update_value	24	static
../Application/Src/logic_chain.c:424:6:chain_update_phrase_preview	16	static
../Application/Src/logic_chain.c:445:6:chain_move_cursor	24	static
../Application/Src/logic_chain.c:491:6:chain_insert_value	16	static
../Application/Src/logic_chain.c:528:6:chain_delete_value	16	static
../Application/Src/logic_chain.c:567:6:chain_change_value	32	static
../Application/Src/logic_chain.c:648:13:chain_get_selected_phrase	8	static
