../Application/Src/logic.c:53:6:logic_update	16	static
../Application/Src/logic.c:73:6:logic_joystick_auto_repeat	16	static
../Application/Src/logic.c:99:15:logic_state_init	8	static
../Application/Src/logic.c:108:15:logic_state_song	16	static
../Application/Src/logic.c:202:15:logic_state_chain	16	static
../Application/Src/logic.c:291:15:logic_state_phrase	16	static
../Application/Src/logic.c:386:15:logic_state_instrument	4	static
../Application/Src/logic.c:391:15:logic_state_project	4	static
../Application/Src/logic.c:396:15:logic_state_groove	4	static
../Application/Src/logic.c:401:6:draw_sidebar	4	static
../Application/Src/logic.c:406:6:draw_map	4	static
../Application/Src/logic.c:411:6:play_song_from_start	8	static
