../Application/Src/logic_song.c:13:6:song_draw_title	88	static
../Application/Src/logic_song.c:29:6:song_draw_chart	136	static
../Application/Src/logic_song.c:117:6:song_highlight_cursor	16	static
../Application/Src/logic_song.c:131:6:song_unhighlight_cursor	16	static
../Application/Src/logic_song.c:163:6:song_highlight_column	8	static
../Application/Src/logic_song.c:172:6:song_unhighlight_column	8	static
../Application/Src/logic_song.c:181:6:song_highlight_row	16	static
../Application/Src/logic_song.c:194:6:song_unhighlight_row	16	static
