../Application/Src/logic_chain.c:57:6:chain_draw_title	24	static
../Application/Src/logic_chain.c:118:6:chain_draw_chain_labels	8	static
../Application/Src/logic_chain.c:132:6:chain_draw_chain_row_numbers	8	static
../Application/Src/logic_chain.c:147:6:chain_draw_chain_blank_space	16	static
../Application/Src/logic_chain.c:205:6:chain_draw_phrase_blank	16	static
../Application/Src/logic_chain.c:212:6:chain_draw_phrase_labels	8	static
../Application/Src/logic_chain.c:232:6:chain_draw_phrase_row_numbers	8	static
../Application/Src/logic_chain.c:247:6:chain_draw_phrase_blank_space	16	static
../Application/Src/logic_chain.c:103:6:chain_draw_blank_space	16	static
../Application/Src/logic_chain.c:163:6:chain_draw_chain_data	32	static
../Application/Src/logic_chain.c:78:6:chain_draw_chain	8	static
../Application/Src/logic_chain.c:264:6:chain_draw_phrase_data	40	static
../Application/Src/logic_chain.c:86:6:chain_draw_phrase	8	static
../Application/Src/logic_chain.c:71:6:chain_draw_editor	8	static
../Application/Src/logic_chain.c:316:6:chain_highlight_cursor	8	static
../Application/Src/logic_chain.c:389:6:chain_highlight_label	8	static
../Application/Src/logic_chain.c:427:6:chain_highlight_row_number	8	static
../Application/Src/logic_chain.c:340:6:chain_unhighlight_cursor	16	static
../Application/Src/logic_chain.c:443:6:chain_unhighlight_row_number	8	static
../Application/Src/logic_chain.c:408:6:chain_unhighlight_label	8	static
../Application/Src/logic_chain.c:459:6:chain_update_value	16	static
../Application/Src/logic_chain.c:45:6:chain_init	8	static
../Application/Src/logic_chain.c:495:6:chain_update_phrase_preview	8	static
../Application/Src/logic_chain.c:509:6:chain_move_cursor	24	static
../Application/Src/logic_chain.c:555:6:chain_insert_value	8	static
../Application/Src/logic_chain.c:590:6:chain_delete_value	8	static
../Application/Src/logic_chain.c:627:6:chain_change_value	16	static
