../Application/Src/logic_song.c:42:6:song_draw_title	16	static
../Application/Src/logic_song.c:74:6:song_draw_song_channels	16	static
../Application/Src/logic_song.c:91:6:song_draw_song_row_numbers	32	static
../Application/Src/logic_song.c:112:6:song_draw_song_blank_space	16	static
../Application/Src/logic_song.c:67:6:song_draw_blank_space	16	static
../Application/Src/logic_song.c:129:6:song_draw_song_data	40	static
../Application/Src/logic_song.c:59:6:song_draw_song	8	static
../Application/Src/logic_song.c:53:6:song_draw_editor	8	static
../Application/Src/logic_song.c:162:6:song_highlight_cursor	8	static
../Application/Src/logic_song.c:208:6:song_highlight_channel	8	static
../Application/Src/logic_song.c:224:6:song_highlight_row_number	8	static
../Application/Src/logic_song.c:176:6:song_unhighlight_cursor	16	static
../Application/Src/logic_song.c:245:6:song_unhighlight_row_number	8	static
../Application/Src/logic_song.c:216:6:song_unhighlight_channel	8	static
../Application/Src/logic_song.c:266:6:song_update_chain	24	static
../Application/Src/logic_song.c:32:6:song_init	8	static
../Application/Src/logic_song.c:281:6:song_move_cursor	24	static
../Application/Src/logic_song.c:346:6:song_move_page	16	static
../Application/Src/logic_song.c:389:6:song_insert_chain	8	static
../Application/Src/logic_song.c:402:6:song_insert_new_chain	0	static
../Application/Src/logic_song.c:407:6:song_delete_chain	8	static
../Application/Src/logic_song.c:420:6:song_change_chain	16	static
../Application/Src/logic_song.c:456:10:song_get_selected_chain	8	static
