../Application/Src/logic_phrase.c:50:6:phrase_init	16	static
../Application/Src/logic_phrase.c:63:6:phrase_deinit	8	static
../Application/Src/logic_phrase.c:70:6:phrase_draw_title	32	static
../Application/Src/logic_phrase.c:83:6:phrase_draw_editor_phrase	8	static
../Application/Src/logic_phrase.c:91:6:phrase_draw_editor_command_description	16	static
../Application/Src/logic_phrase.c:104:6:phrase_draw_editor_phrase_labels	24	static
../Application/Src/logic_phrase.c:127:6:phrase_draw_editor_phrase_row_numbers	24	static
../Application/Src/logic_phrase.c:138:6:phrase_draw_editor_phrase_spacing	24	static
../Application/Src/logic_phrase.c:153:6:phrase_draw_editor_phrase_data	112	static
../Application/Src/logic_phrase.c:234:6:phrase_draw_editor_command_description_name	40	static
../Application/Src/logic_phrase.c:252:6:phrase_draw_editor_command_description_description	32	static
../Application/Src/logic_phrase.c:283:6:phrase_clear_title	8	static
../Application/Src/logic_phrase.c:290:6:phrase_clear_editor_phrase	8	static
../Application/Src/logic_phrase.c:297:6:phrase_clear_editor_command_description	8	static
../Application/Src/logic_phrase.c:304:6:phrase_highlight_cursor	8	static
../Application/Src/logic_phrase.c:341:6:phrase_unhighlight_cursor	24	static
../Application/Src/logic_phrase.c:413:6:phrase_highlight_label	8	static
../Application/Src/logic_phrase.c:443:6:phrase_unhighlight_label	8	static
../Application/Src/logic_phrase.c:473:6:phrase_highlight_row_number	16	static
../Application/Src/logic_phrase.c:481:6:phrase_unhighlight_row_number	16	static
../Application/Src/logic_phrase.c:489:6:phrase_update_value	48	static
../Application/Src/logic_phrase.c:586:6:phrase_update_command_description	16	static
../Application/Src/logic_phrase.c:608:6:phrase_move_cursor	32	static
../Application/Src/logic_phrase.c:672:6:phrase_insert_value	16	static
../Application/Src/logic_phrase.c:752:6:phrase_delete_value	16	static
../Application/Src/logic_phrase.c:839:6:phrase_change_value	64	static
../Application/Src/logic_phrase.c:1028:14:phrase_get_selected_command	8	static
../Application/Src/logic_phrase.c:1039:9:phrase_get_selected_instrument	8	static
