../Application/Src/logic_song.c:76:6:song_draw_editor_song_row_numbers	48	static
../Application/Src/logic_song.c:109:6:song_draw_editor_song_data	56	static
../Application/Src/logic_song.c:191:6:song_highlight_row_number	16	static
../Application/Src/logic_song.c:161:6:song_unhighlight_cursor	16	static
../Application/Src/logic_song.c:206:6:song_unhighlight_row_number	16	static
../Application/Src/logic_song.c:221:6:song_update_chain	16	static
../Application/Src/logic_song.c:32:6:song_init	40	static
../Application/Src/logic_song.c:42:6:song_deinit	8	static
../Application/Src/logic_song.c:237:6:song_move_cursor	48	static
../Application/Src/logic_song.c:305:6:song_move_page	40	static
../Application/Src/logic_song.c:351:6:song_insert_chain	0	static
../Application/Src/logic_song.c:364:6:song_insert_new_chain	0	static
../Application/Src/logic_song.c:369:6:song_delete_chain	0	static
../Application/Src/logic_song.c:382:6:song_change_chain	16	static
../Application/Src/logic_song.c:419:12:song_get_selected_chain	0	static
