../Application/Src/logic_song.c:48:6:song_draw_title	24	static
../Application/Src/logic_song.c:66:6:song_draw_editor_song_channel_labels	32	static
../Application/Src/logic_song.c:76:6:song_draw_editor_song_row_numbers	40	static
../Application/Src/logic_song.c:100:6:song_draw_editor_song_spacing	32	static
../Application/Src/logic_song.c:119:6:song_draw_editor_song_data	56	static
../Application/Src/logic_song.c:58:6:song_draw_editor_song	8	static
../Application/Src/logic_song.c:170:6:song_highlight_cursor	16	static
../Application/Src/logic_song.c:208:6:song_highlight_channel_label	8	static
../Application/Src/logic_song.c:222:6:song_highlight_row_number	16	static
../Application/Src/logic_song.c:180:6:song_unhighlight_cursor	24	static
../Application/Src/logic_song.c:243:6:song_unhighlight_row_number	16	static
../Application/Src/logic_song.c:215:6:song_unhighlight_channel_label	8	static
../Application/Src/logic_song.c:156:6:song_clear_title	8	static
../Application/Src/logic_song.c:163:6:song_clear_editor_song	8	static
../Application/Src/logic_song.c:264:6:song_update_chain	24	static
../Application/Src/logic_song.c:32:6:song_init	8	static
../Application/Src/logic_song.c:42:6:song_deinit	8	static
../Application/Src/logic_song.c:280:6:song_move_cursor	24	static
../Application/Src/logic_song.c:347:6:song_move_page	16	static
../Application/Src/logic_song.c:392:6:song_insert_chain	8	static
../Application/Src/logic_song.c:405:6:song_insert_new_chain	0	static
../Application/Src/logic_song.c:410:6:song_delete_chain	8	static
../Application/Src/logic_song.c:423:6:song_change_chain	16	static
../Application/Src/logic_song.c:460:10:song_get_selected_chain	8	static
