../Application/Src/logic_chain.c:56:6:chain_draw_title	24	static
../Application/Src/logic_chain.c:117:6:chain_draw_chain_labels	8	static
../Application/Src/logic_chain.c:131:6:chain_draw_chain_row_numbers	8	static
../Application/Src/logic_chain.c:146:6:chain_draw_chain_blank_space	16	static
../Application/Src/logic_chain.c:204:6:chain_draw_phrase_blank	16	static
../Application/Src/logic_chain.c:211:6:chain_draw_phrase_labels	8	static
../Application/Src/logic_chain.c:231:6:chain_draw_phrase_row_numbers	8	static
../Application/Src/logic_chain.c:246:6:chain_draw_phrase_blank_space	16	static
../Application/Src/logic_chain.c:102:6:chain_draw_blank_space	16	static
../Application/Src/logic_chain.c:162:6:chain_draw_chain_data	32	static
../Application/Src/logic_chain.c:77:6:chain_draw_chain	8	static
../Application/Src/logic_chain.c:263:6:chain_draw_phrase_data	40	static
../Application/Src/logic_chain.c:85:6:chain_draw_phrase	8	static
../Application/Src/logic_chain.c:70:6:chain_draw_editor	8	static
../Application/Src/logic_chain.c:315:6:chain_highlight_cursor	8	static
../Application/Src/logic_chain.c:388:6:chain_highlight_label	8	static
../Application/Src/logic_chain.c:426:6:chain_highlight_row_number	8	static
../Application/Src/logic_chain.c:339:6:chain_unhighlight_cursor	16	static
../Application/Src/logic_chain.c:442:6:chain_unhighlight_row_number	8	static
../Application/Src/logic_chain.c:407:6:chain_unhighlight_label	8	static
../Application/Src/logic_chain.c:458:6:chain_update_value	16	static
../Application/Src/logic_chain.c:44:6:chain_init	8	static
../Application/Src/logic_chain.c:494:6:chain_update_phrase_preview	8	static
../Application/Src/logic_chain.c:508:6:chain_move_cursor	24	static
../Application/Src/logic_chain.c:552:6:chain_insert_value	8	static
../Application/Src/logic_chain.c:587:6:chain_delete_value	8	static
../Application/Src/logic_chain.c:624:6:chain_change_value	16	static
