../Application/Src/logic_pattern.c:98:6:pattern_draw_title_chain	24	static
../Application/Src/logic_pattern.c:174:6:pattern_draw_chain_blank_space	16	static
../Application/Src/logic_pattern.c:197:6:pattern_draw_chain_labels	8	static
../Application/Src/logic_pattern.c:206:6:pattern_draw_chain_row_numbers	8	static
../Application/Src/logic_pattern.c:259:6:pattern_draw_phrase_blank_space	16	static
../Application/Src/logic_pattern.c:286:6:pattern_draw_phrase_labels	8	static
../Application/Src/logic_pattern.c:306:6:pattern_draw_phrase_row_numbers	8	static
../Application/Src/logic_pattern.c:112:6:pattern_draw_title_phrase	24	static
../Application/Src/logic_pattern.c:85:6:pattern_draw_title	8	static
../Application/Src/logic_pattern.c:534:9:pattern_get_selected_phrase	8	static
../Application/Src/logic_pattern.c:221:6:pattern_draw_chain_data	40	static
../Application/Src/logic_pattern.c:134:6:pattern_draw_chain	8	static
../Application/Src/logic_pattern.c:150:6:pattern_draw_command_description	16	static
../Application/Src/logic_pattern.c:321:6:pattern_draw_phrase_data	48	static
../Application/Src/logic_pattern.c:142:6:pattern_draw_phrase	8	static
../Application/Src/logic_pattern.c:91:6:pattern_draw_editor	8	static
../Application/Src/logic_pattern.c:391:6:pattern_chain_highlight_cursor	8	static
../Application/Src/logic_pattern.c:463:6:pattern_chain_highlight_phrase	8	static
../Application/Src/logic_pattern.c:69:6:pattern_init	8	static
