../Application/Src/logic_song.c:48:6:song_draw_title	24	static
../Application/Src/logic_song.c:66:6:song_draw_editor_song_channel_labels	32	static
../Application/Src/logic_song.c:76:6:song_draw_editor_song_row_numbers	40	static
../Application/Src/logic_song.c:100:6:song_draw_editor_song_spacing	32	static
../Application/Src/logic_song.c:119:6:song_draw_editor_song_data	56	static
../Application/Src/logic_song.c:58:6:song_draw_editor_song	8	static
../Application/Src/logic_song.c:170:6:song_highlight_cursor	16	static
../Application/Src/logic_song.c:194:6:song_highlight_channel_label	8	static
../Application/Src/logic_song.c:208:6:song_highlight_row_number	16	static
../Application/Src/logic_song.c:180:6:song_unhighlight_cursor	24	static
../Application/Src/logic_song.c:229:6:song_unhighlight_row_number	16	static
../Application/Src/logic_song.c:201:6:song_unhighlight_channel_label	8	static
../Application/Src/logic_song.c:156:6:song_clear_title	8	static
../Application/Src/logic_song.c:163:6:song_clear_editor_song	8	static
../Application/Src/logic_song.c:250:6:song_update_chain	24	static
../Application/Src/logic_song.c:32:6:song_init	8	static
../Application/Src/logic_song.c:42:6:song_deinit	8	static
../Application/Src/logic_song.c:266:6:song_move_cursor	24	static
../Application/Src/logic_song.c:333:6:song_move_page	16	static
../Application/Src/logic_song.c:378:6:song_insert_chain	8	static
../Application/Src/logic_song.c:391:6:song_insert_new_chain	0	static
../Application/Src/logic_song.c:396:6:song_delete_chain	8	static
../Application/Src/logic_song.c:409:6:song_change_chain	16	static
../Application/Src/logic_song.c:446:10:song_get_selected_chain	8	static
