../Application/Src/logic_song.c:14:6:song_draw_title	80	static
../Application/Src/logic_song.c:30:6:song_draw_chart	120	static
../Application/Src/logic_song.c:115:6:song_highlight_cursor	8	static
../Application/Src/logic_song.c:129:6:song_unhighlight_cursor	16	static
../Application/Src/logic_song.c:161:6:song_highlight_column	8	static
../Application/Src/logic_song.c:170:6:song_unhighlight_column	8	static
../Application/Src/logic_song.c:179:6:song_highlight_row	8	static
../Application/Src/logic_song.c:192:6:song_unhighlight_row	8	static
../Application/Src/logic_song.c:213:6:song_move_cursor	8	static
../Application/Src/logic_song.c:305:6:song_move_page	8	static
../Application/Src/logic_song.c:390:6:song_insert_pattern	0	static
../Application/Src/logic_song.c:395:6:song_insert_new_pattern	0	static
../Application/Src/logic_song.c:400:6:song_delete_pattern	0	static
../Application/Src/logic_song.c:405:6:song_change_pattern	0	static
../Application/Src/logic_song.c:410:10:song_get_selected_pattern	8	static
