../Application/Src/logic_phrase.c:63:6:phrase_draw_title	32	static
../Application/Src/logic_phrase.c:89:6:phrase_draw_editor_phrase_labels	32	static
../Application/Src/logic_phrase.c:112:6:phrase_draw_editor_phrase_row_numbers	16	static
../Application/Src/logic_phrase.c:128:6:phrase_draw_editor_phrase_spacing	24	static
../Application/Src/logic_phrase.c:143:6:phrase_draw_editor_phrase_data	64	static
../Application/Src/logic_phrase.c:76:6:phrase_draw_editor_phrase	8	static
../Application/Src/logic_phrase.c:241:6:phrase_highlight_cursor	8	static
../Application/Src/logic_phrase.c:220:6:phrase_clear_title	8	static
../Application/Src/logic_phrase.c:227:6:phrase_clear_editor_phrase	8	static
../Application/Src/logic_phrase.c:234:6:phrase_clear_editor_command_description	8	static
../Application/Src/logic_phrase.c:45:6:phrase_init	8	static
../Application/Src/logic_phrase.c:56:6:phrase_deinit	8	static
../Application/Src/logic_phrase.c:340:6:phrase_move_cursor	0	static
../Application/Src/logic_phrase.c:345:6:phrase_insert_value	0	static
../Application/Src/logic_phrase.c:350:6:phrase_delete_value	0	static
../Application/Src/logic_phrase.c:355:6:phrase_change_value	0	static
../Application/Src/logic_phrase.c:360:9:phrase_get_selected_instrument	8	static
