../Application/Src/logic_phrase.c:63:6:phrase_draw_title	32	static
../Application/Src/logic_phrase.c:89:6:phrase_draw_editor_phrase_labels	32	static
../Application/Src/logic_phrase.c:112:6:phrase_draw_editor_phrase_row_numbers	16	static
../Application/Src/logic_phrase.c:123:6:phrase_draw_editor_phrase_spacing	24	static
../Application/Src/logic_phrase.c:138:6:phrase_draw_editor_phrase_data	104	static
../Application/Src/logic_phrase.c:76:6:phrase_draw_editor_phrase	8	static
../Application/Src/logic_phrase.c:240:6:phrase_highlight_cursor	16	static
../Application/Src/logic_phrase.c:349:6:phrase_highlight_label	16	static
../Application/Src/logic_phrase.c:409:6:phrase_highlight_row_number	8	static
../Application/Src/logic_phrase.c:277:6:phrase_unhighlight_cursor	24	static
../Application/Src/logic_phrase.c:417:6:phrase_unhighlight_row_number	8	static
../Application/Src/logic_phrase.c:379:6:phrase_unhighlight_label	16	static
../Application/Src/logic_phrase.c:219:6:phrase_clear_title	8	static
../Application/Src/logic_phrase.c:226:6:phrase_clear_editor_phrase	8	static
../Application/Src/logic_phrase.c:233:6:phrase_clear_editor_command_description	8	static
../Application/Src/logic_phrase.c:425:6:phrase_update_value	32	static
../Application/Src/logic_phrase.c:45:6:phrase_init	8	static
../Application/Src/logic_phrase.c:56:6:phrase_deinit	8	static
../Application/Src/logic_phrase.c:522:6:phrase_move_cursor	24	static
../Application/Src/logic_phrase.c:584:6:phrase_insert_value	16	static
../Application/Src/logic_phrase.c:663:6:phrase_delete_value	16	static
../Application/Src/logic_phrase.c:749:6:phrase_change_value	24	static
../Application/Src/logic_phrase.c:937:9:phrase_get_selected_instrument	8	static
