../Drivers/STM32G4xx_HAL_Driver/Inc/stm32g4xx_hal_dma_ex.h:204:19:HAL_DMAEx_ConfigMuxSync	8	static
../Drivers/STM32G4xx_HAL_Driver/Inc/stm32g4xx_hal_dma_ex.h:197:19:HAL_DMAEx_ConfigMuxRequestGenerator	4	static,ignoring_inline_asm
../Drivers/STM32G4xx_HAL_Driver/Inc/stm32g4xx_hal_dma_ex.h:199:19:HAL_DMAEx_EnableMuxRequestGenerator	0	static
../Drivers/STM32G4xx_HAL_Driver/Inc/stm32g4xx_hal_dma_ex.h:200:19:HAL_DMAEx_DisableMuxRequestGenerator	0	static
../Drivers/STM32G4xx_HAL_Driver/Inc/stm32g4xx_hal_dma_ex.h:207:6:HAL_DMAEx_MUX_IRQHandler	16	static
