../Drivers/STM32G4xx_HAL_Driver/Inc/stm32g4xx_ll_spi.h:1406:13:LL_SPI_DeInit	0	static
../Drivers/STM32G4xx_HAL_Driver/Inc/stm32g4xx_ll_spi.h:1407:13:LL_SPI_Init	8	static
../Drivers/STM32G4xx_HAL_Driver/Inc/stm32g4xx_ll_spi.h:1408:13:LL_SPI_StructInit	0	static
../Drivers/STM32G4xx_HAL_Driver/Inc/stm32g4xx_ll_spi.h:2269:13:LL_I2S_DeInit	0	static
../Drivers/STM32G4xx_HAL_Driver/Inc/stm32g4xx_ll_spi.h:2270:13:LL_I2S_Init	16	static
../Drivers/STM32G4xx_HAL_Driver/Inc/stm32g4xx_ll_spi.h:2271:13:LL_I2S_StructInit	0	static
../Drivers/STM32G4xx_HAL_Driver/Inc/stm32g4xx_ll_spi.h:2272:13:LL_I2S_ConfigPrescaler	0	static
