../Drivers/STM32G4xx_HAL_Driver/Inc/stm32g4xx_hal_gpio.h:285:19:HAL_GPIO_Init	56	static
../Drivers/STM32G4xx_HAL_Driver/Inc/stm32g4xx_hal_gpio.h:286:19:HAL_GPIO_DeInit	36	static
../Drivers/STM32G4xx_HAL_Driver/Inc/stm32g4xx_hal_gpio.h:298:19:HAL_GPIO_ReadPin	0	static
../Drivers/STM32G4xx_HAL_Driver/Inc/stm32g4xx_hal_gpio.h:299:19:HAL_GPIO_WritePin	0	static
../Drivers/STM32G4xx_HAL_Driver/Inc/stm32g4xx_hal_gpio.h:300:19:HAL_GPIO_TogglePin	0	static
../Drivers/STM32G4xx_HAL_Driver/Inc/stm32g4xx_hal_gpio.h:301:19:HAL_GPIO_LockPin	8	static
../Drivers/STM32G4xx_HAL_Driver/Inc/stm32g4xx_hal_gpio.h:303:19:HAL_GPIO_EXTI_Callback	0	static
../Drivers/STM32G4xx_HAL_Driver/Inc/stm32g4xx_hal_gpio.h:302:19:HAL_GPIO_EXTI_IRQHandler	8	static
