../Drivers/STM32G4xx_HAL_Driver/Inc/stm32g4xx_hal_pwr.h:354:6:HAL_PWR_DeInit	0	static
../Drivers/STM32G4xx_HAL_Driver/Inc/stm32g4xx_hal_pwr.h:355:6:HAL_PWR_EnableBkUpAccess	0	static
../Drivers/STM32G4xx_HAL_Driver/Inc/stm32g4xx_hal_pwr.h:356:6:HAL_PWR_DisableBkUpAccess	0	static
../Drivers/STM32G4xx_HAL_Driver/Inc/stm32g4xx_hal_pwr.h:367:19:HAL_PWR_ConfigPVD	4	static
../Drivers/STM32G4xx_HAL_Driver/Inc/stm32g4xx_hal_pwr.h:368:6:HAL_PWR_EnablePVD	0	static
../Drivers/STM32G4xx_HAL_Driver/Inc/stm32g4xx_hal_pwr.h:369:6:HAL_PWR_DisablePVD	0	static
../Drivers/STM32G4xx_HAL_Driver/Inc/stm32g4xx_hal_pwr.h:373:6:HAL_PWR_EnableWakeUpPin	0	static
../Drivers/STM32G4xx_HAL_Driver/Inc/stm32g4xx_hal_pwr.h:374:6:HAL_PWR_DisableWakeUpPin	0	static
../Drivers/STM32G4xx_HAL_Driver/Inc/stm32g4xx_hal_pwr.h:377:6:HAL_PWR_EnterSLEEPMode	8	static,ignoring_inline_asm
../Drivers/STM32G4xx_HAL_Driver/Inc/stm32g4xx_hal_pwr.h:378:6:HAL_PWR_EnterSTOPMode	0	static
../Drivers/STM32G4xx_HAL_Driver/Inc/stm32g4xx_hal_pwr.h:379:6:HAL_PWR_EnterSTANDBYMode	0	static,ignoring_inline_asm
../Drivers/STM32G4xx_HAL_Driver/Inc/stm32g4xx_hal_pwr.h:381:6:HAL_PWR_EnableSleepOnExit	0	static
../Drivers/STM32G4xx_HAL_Driver/Inc/stm32g4xx_hal_pwr.h:382:6:HAL_PWR_DisableSleepOnExit	0	static
../Drivers/STM32G4xx_HAL_Driver/Inc/stm32g4xx_hal_pwr.h:383:6:HAL_PWR_EnableSEVOnPend	0	static
../Drivers/STM32G4xx_HAL_Driver/Inc/stm32g4xx_hal_pwr.h:384:6:HAL_PWR_DisableSEVOnPend	0	static
../Drivers/STM32G4xx_HAL_Driver/Inc/stm32g4xx_hal_pwr.h:386:6:HAL_PWR_PVDCallback	0	static
