../Drivers/STM32G4xx_HAL_Driver/Inc/stm32g4xx_hal.h:527:6:HAL_MspInit	0	static
../Drivers/STM32G4xx_HAL_Driver/Inc/stm32g4xx_hal.h:528:6:HAL_MspDeInit	0	static
../Drivers/STM32G4xx_HAL_Driver/Inc/stm32g4xx_hal.h:526:19:HAL_DeInit	8	static
../Drivers/STM32G4xx_HAL_Driver/Inc/stm32g4xx_hal.h:529:19:HAL_InitTick	16	static
../Drivers/STM32G4xx_HAL_Driver/Inc/stm32g4xx_hal.h:525:19:HAL_Init	8	static
../Drivers/STM32G4xx_HAL_Driver/Inc/stm32g4xx_hal.h:540:6:HAL_IncTick	0	static
../Drivers/STM32G4xx_HAL_Driver/Inc/stm32g4xx_hal.h:542:10:HAL_GetTick	0	static
../Drivers/STM32G4xx_HAL_Driver/Inc/stm32g4xx_hal.h:543:10:HAL_GetTickPrio	0	static
../Drivers/STM32G4xx_HAL_Driver/Inc/stm32g4xx_hal.h:544:19:HAL_SetTickFreq	16	static
../Drivers/STM32G4xx_HAL_Driver/Inc/stm32g4xx_hal.h:545:10:HAL_GetTickFreq	0	static
../Drivers/STM32G4xx_HAL_Driver/Inc/stm32g4xx_hal.h:541:6:HAL_Delay	16	static
../Drivers/STM32G4xx_HAL_Driver/Inc/stm32g4xx_hal.h:546:6:HAL_SuspendTick	0	static
../Drivers/STM32G4xx_HAL_Driver/Inc/stm32g4xx_hal.h:547:6:HAL_ResumeTick	0	static
../Drivers/STM32G4xx_HAL_Driver/Inc/stm32g4xx_hal.h:548:10:HAL_GetHalVersion	0	static
../Drivers/STM32G4xx_HAL_Driver/Inc/stm32g4xx_hal.h:549:10:HAL_GetREVID	0	static
../Drivers/STM32G4xx_HAL_Driver/Inc/stm32g4xx_hal.h:550:10:HAL_GetDEVID	0	static
../Drivers/STM32G4xx_HAL_Driver/Inc/stm32g4xx_hal.h:551:10:HAL_GetUIDw0	0	static
../Drivers/STM32G4xx_HAL_Driver/Inc/stm32g4xx_hal.h:552:10:HAL_GetUIDw1	0	static
../Drivers/STM32G4xx_HAL_Driver/Inc/stm32g4xx_hal.h:553:10:HAL_GetUIDw2	0	static
../Drivers/STM32G4xx_HAL_Driver/Inc/stm32g4xx_hal.h:564:6:HAL_DBGMCU_EnableDBGSleepMode	0	static
../Drivers/STM32G4xx_HAL_Driver/Inc/stm32g4xx_hal.h:565:6:HAL_DBGMCU_DisableDBGSleepMode	0	static
../Drivers/STM32G4xx_HAL_Driver/Inc/stm32g4xx_hal.h:566:6:HAL_DBGMCU_EnableDBGStopMode	0	static
../Drivers/STM32G4xx_HAL_Driver/Inc/stm32g4xx_hal.h:567:6:HAL_DBGMCU_DisableDBGStopMode	0	static
../Drivers/STM32G4xx_HAL_Driver/Inc/stm32g4xx_hal.h:568:6:HAL_DBGMCU_EnableDBGStandbyMode	0	static
../Drivers/STM32G4xx_HAL_Driver/Inc/stm32g4xx_hal.h:569:6:HAL_DBGMCU_DisableDBGStandbyMode	0	static
../Drivers/STM32G4xx_HAL_Driver/Inc/stm32g4xx_hal.h:591:6:HAL_SYSCFG_CCMSRAMErase	0	static
../Drivers/STM32G4xx_HAL_Driver/Inc/stm32g4xx_hal.h:592:6:HAL_SYSCFG_EnableMemorySwappingBank	0	static
../Drivers/STM32G4xx_HAL_Driver/Inc/stm32g4xx_hal.h:593:6:HAL_SYSCFG_DisableMemorySwappingBank	0	static
../Drivers/STM32G4xx_HAL_Driver/Inc/stm32g4xx_hal.h:596:6:HAL_SYSCFG_VREFBUF_VoltageScalingConfig	0	static
../Drivers/STM32G4xx_HAL_Driver/Inc/stm32g4xx_hal.h:597:6:HAL_SYSCFG_VREFBUF_HighImpedanceConfig	0	static
../Drivers/STM32G4xx_HAL_Driver/Inc/stm32g4xx_hal.h:598:6:HAL_SYSCFG_VREFBUF_TrimmingConfig	0	static
../Drivers/STM32G4xx_HAL_Driver/Inc/stm32g4xx_hal.h:599:19:HAL_SYSCFG_EnableVREFBUF	16	static
../Drivers/STM32G4xx_HAL_Driver/Inc/stm32g4xx_hal.h:600:6:HAL_SYSCFG_DisableVREFBUF	0	static
../Drivers/STM32G4xx_HAL_Driver/Inc/stm32g4xx_hal.h:603:6:HAL_SYSCFG_EnableIOSwitchBooster	0	static
../Drivers/STM32G4xx_HAL_Driver/Inc/stm32g4xx_hal.h:604:6:HAL_SYSCFG_DisableIOSwitchBooster	0	static
../Drivers/STM32G4xx_HAL_Driver/Inc/stm32g4xx_hal.h:605:6:HAL_SYSCFG_EnableIOSwitchVDD	0	static
../Drivers/STM32G4xx_HAL_Driver/Inc/stm32g4xx_hal.h:606:6:HAL_SYSCFG_DisableIOSwitchVDD	0	static
../Drivers/STM32G4xx_HAL_Driver/Inc/stm32g4xx_hal.h:607:6:HAL_SYSCFG_CCMSRAM_WriteProtectionEnable	0	static
