../Drivers/STM32G4xx_HAL_Driver/Inc/stm32g4xx_ll_fmc.h:782:20:FMC_NORSRAM_Init	16	static
../Drivers/STM32G4xx_HAL_Driver/Inc/stm32g4xx_ll_fmc.h:789:20:FMC_NORSRAM_DeInit	0	static
../Drivers/STM32G4xx_HAL_Driver/Inc/stm32g4xx_ll_fmc.h:784:20:FMC_NORSRAM_Timing_Init	8	static
../Drivers/STM32G4xx_HAL_Driver/Inc/stm32g4xx_ll_fmc.h:786:20:FMC_NORSRAM_Extended_Timing_Init	8	static
../Drivers/STM32G4xx_HAL_Driver/Inc/stm32g4xx_ll_fmc.h:798:20:FMC_NORSRAM_WriteOperation_Enable	0	static
../Drivers/STM32G4xx_HAL_Driver/Inc/stm32g4xx_ll_fmc.h:799:20:FMC_NORSRAM_WriteOperation_Disable	0	static
../Drivers/STM32G4xx_HAL_Driver/Inc/stm32g4xx_ll_fmc.h:815:20:FMC_NAND_Init	8	static
../Drivers/STM32G4xx_HAL_Driver/Inc/stm32g4xx_ll_fmc.h:816:20:FMC_NAND_CommonSpace_Timing_Init	8	static
../Drivers/STM32G4xx_HAL_Driver/Inc/stm32g4xx_ll_fmc.h:818:20:FMC_NAND_AttributeSpace_Timing_Init	8	static
../Drivers/STM32G4xx_HAL_Driver/Inc/stm32g4xx_ll_fmc.h:820:20:FMC_NAND_DeInit	4	static
../Drivers/STM32G4xx_HAL_Driver/Inc/stm32g4xx_ll_fmc.h:828:20:FMC_NAND_ECC_Enable	0	static
../Drivers/STM32G4xx_HAL_Driver/Inc/stm32g4xx_ll_fmc.h:829:20:FMC_NAND_ECC_Disable	0	static
../Drivers/STM32G4xx_HAL_Driver/Inc/stm32g4xx_ll_fmc.h:830:20:FMC_NAND_GetECC	24	static
