../Drivers/STM32G4xx_HAL_Driver/Inc/stm32g4xx_hal_dma.h:759:19:HAL_DMA_Init	16	static
../Drivers/STM32G4xx_HAL_Driver/Inc/stm32g4xx_hal_dma.h:760:19:HAL_DMA_DeInit	8	static
../Drivers/STM32G4xx_HAL_Driver/Inc/stm32g4xx_hal_dma.h:769:19:HAL_DMA_Start	16	static
../Drivers/STM32G4xx_HAL_Driver/Inc/stm32g4xx_hal_dma.h:770:19:HAL_DMA_Start_IT	16	static
../Drivers/STM32G4xx_HAL_Driver/Inc/stm32g4xx_hal_dma.h:772:19:HAL_DMA_Abort	8	static
../Drivers/STM32G4xx_HAL_Driver/Inc/stm32g4xx_hal_dma.h:773:19:HAL_DMA_Abort_IT	16	static
../Drivers/STM32G4xx_HAL_Driver/Inc/stm32g4xx_hal_dma.h:774:19:HAL_DMA_PollForTransfer	32	static
../Drivers/STM32G4xx_HAL_Driver/Inc/stm32g4xx_hal_dma.h:776:6:HAL_DMA_IRQHandler	12	static
../Drivers/STM32G4xx_HAL_Driver/Inc/stm32g4xx_hal_dma.h:777:19:HAL_DMA_RegisterCallback	0	static
../Drivers/STM32G4xx_HAL_Driver/Inc/stm32g4xx_hal_dma.h:778:19:HAL_DMA_UnRegisterCallback	0	static
../Drivers/STM32G4xx_HAL_Driver/Inc/stm32g4xx_hal_dma.h:788:22:HAL_DMA_GetState	0	static
../Drivers/STM32G4xx_HAL_Driver/Inc/stm32g4xx_hal_dma.h:789:22:HAL_DMA_GetError	0	static
