../Drivers/STM32G4xx_HAL_Driver/Inc/stm32g4xx_hal_sram.h:146:6:HAL_SRAM_MspInit	0	static
../Drivers/STM32G4xx_HAL_Driver/Inc/stm32g4xx_hal_sram.h:143:19:HAL_SRAM_Init	16	static
../Drivers/STM32G4xx_HAL_Driver/Inc/stm32g4xx_hal_sram.h:147:6:HAL_SRAM_MspDeInit	0	static
../Drivers/STM32G4xx_HAL_Driver/Inc/stm32g4xx_hal_sram.h:145:19:HAL_SRAM_DeInit	8	static
../Drivers/STM32G4xx_HAL_Driver/Inc/stm32g4xx_hal_sram.h:175:6:HAL_SRAM_DMA_XferCpltCallback	0	static
../Drivers/STM32G4xx_HAL_Driver/Src/stm32g4xx_hal_sram.c:1062:13:SRAM_DMACpltProt	8	static
../Drivers/STM32G4xx_HAL_Driver/Src/stm32g4xx_hal_sram.c:1039:13:SRAM_DMACplt	8	static
../Drivers/STM32G4xx_HAL_Driver/Inc/stm32g4xx_hal_sram.h:176:6:HAL_SRAM_DMA_XferErrorCallback	0	static
../Drivers/STM32G4xx_HAL_Driver/Src/stm32g4xx_hal_sram.c:1085:13:SRAM_DMAError	8	static
../Drivers/STM32G4xx_HAL_Driver/Inc/stm32g4xx_hal_sram.h:158:19:HAL_SRAM_Read_8b	8	static
../Drivers/STM32G4xx_HAL_Driver/Inc/stm32g4xx_hal_sram.h:160:19:HAL_SRAM_Write_8b	4	static
../Drivers/STM32G4xx_HAL_Driver/Inc/stm32g4xx_hal_sram.h:162:19:HAL_SRAM_Read_16b	12	static
../Drivers/STM32G4xx_HAL_Driver/Inc/stm32g4xx_hal_sram.h:164:19:HAL_SRAM_Write_16b	8	static
../Drivers/STM32G4xx_HAL_Driver/Inc/stm32g4xx_hal_sram.h:166:19:HAL_SRAM_Read_32b	8	static
../Drivers/STM32G4xx_HAL_Driver/Inc/stm32g4xx_hal_sram.h:168:19:HAL_SRAM_Write_32b	4	static
../Drivers/STM32G4xx_HAL_Driver/Inc/stm32g4xx_hal_sram.h:170:19:HAL_SRAM_Read_DMA	16	static
../Drivers/STM32G4xx_HAL_Driver/Inc/stm32g4xx_hal_sram.h:172:19:HAL_SRAM_Write_DMA	16	static
../Drivers/STM32G4xx_HAL_Driver/Inc/stm32g4xx_hal_sram.h:196:19:HAL_SRAM_WriteOperation_Enable	16	static
../Drivers/STM32G4xx_HAL_Driver/Inc/stm32g4xx_hal_sram.h:197:19:HAL_SRAM_WriteOperation_Disable	8	static
../Drivers/STM32G4xx_HAL_Driver/Inc/stm32g4xx_hal_sram.h:208:23:HAL_SRAM_GetState	0	static
