../Drivers/STM32G4xx_HAL_Driver/Inc/stm32g4xx_ll_tim.h:6688:13:LL_TIM_DeInit	0	static
../Drivers/STM32G4xx_HAL_Driver/Inc/stm32g4xx_ll_tim.h:6689:6:LL_TIM_StructInit	0	static
../Drivers/STM32G4xx_HAL_Driver/Inc/stm32g4xx_ll_tim.h:6690:13:LL_TIM_Init	8	static
../Drivers/STM32G4xx_HAL_Driver/Inc/stm32g4xx_ll_tim.h:6691:6:LL_TIM_OC_StructInit	0	static
../Drivers/STM32G4xx_HAL_Driver/Inc/stm32g4xx_ll_tim.h:6692:13:LL_TIM_OC_Init	8	static
../Drivers/STM32G4xx_HAL_Driver/Inc/stm32g4xx_ll_tim.h:6693:6:LL_TIM_IC_StructInit	0	static
../Drivers/STM32G4xx_HAL_Driver/Inc/stm32g4xx_ll_tim.h:6694:13:LL_TIM_IC_Init	4	static
../Drivers/STM32G4xx_HAL_Driver/Inc/stm32g4xx_ll_tim.h:6695:6:LL_TIM_ENCODER_StructInit	0	static
../Drivers/STM32G4xx_HAL_Driver/Inc/stm32g4xx_ll_tim.h:6696:13:LL_TIM_ENCODER_Init	8	static
../Drivers/STM32G4xx_HAL_Driver/Inc/stm32g4xx_ll_tim.h:6697:6:LL_TIM_HALLSENSOR_StructInit	0	static
../Drivers/STM32G4xx_HAL_Driver/Inc/stm32g4xx_ll_tim.h:6698:13:LL_TIM_HALLSENSOR_Init	8	static
../Drivers/STM32G4xx_HAL_Driver/Inc/stm32g4xx_ll_tim.h:6699:6:LL_TIM_BDTR_StructInit	0	static
../Drivers/STM32G4xx_HAL_Driver/Inc/stm32g4xx_ll_tim.h:6700:13:LL_TIM_BDTR_Init	4	static
