../Drivers/STM32G4xx_HAL_Driver/Inc/stm32g4xx_hal_exti.h:275:19:HAL_EXTI_SetConfigLine	16	static
../Drivers/STM32G4xx_HAL_Driver/Inc/stm32g4xx_hal_exti.h:276:19:HAL_EXTI_GetConfigLine	8	static
../Drivers/STM32G4xx_HAL_Driver/Inc/stm32g4xx_hal_exti.h:277:19:HAL_EXTI_ClearConfigLine	12	static
../Drivers/STM32G4xx_HAL_Driver/Inc/stm32g4xx_hal_exti.h:278:19:HAL_EXTI_RegisterCallback	0	static
../Drivers/STM32G4xx_HAL_Driver/Inc/stm32g4xx_hal_exti.h:279:19:HAL_EXTI_GetHandle	0	static
../Drivers/STM32G4xx_HAL_Driver/Inc/stm32g4xx_hal_exti.h:289:19:HAL_EXTI_IRQHandler	4	static
../Drivers/STM32G4xx_HAL_Driver/Inc/stm32g4xx_hal_exti.h:290:19:HAL_EXTI_GetPending	0	static
../Drivers/STM32G4xx_HAL_Driver/Inc/stm32g4xx_hal_exti.h:291:19:HAL_EXTI_ClearPending	4	static
../Drivers/STM32G4xx_HAL_Driver/Inc/stm32g4xx_hal_exti.h:292:19:HAL_EXTI_GenerateSWI	4	static
