../Drivers/STM32G4xx_HAL_Driver/Inc/stm32g4xx_hal_flash.h:818:20:HAL_FLASH_Program	32	static,ignoring_inline_asm
../Drivers/STM32G4xx_HAL_Driver/Inc/stm32g4xx_hal_flash.h:819:20:HAL_FLASH_Program_IT	32	static,ignoring_inline_asm
../Drivers/STM32G4xx_HAL_Driver/Inc/stm32g4xx_hal_flash.h:823:20:HAL_FLASH_EndOfOperationCallback	0	static
../Drivers/STM32G4xx_HAL_Driver/Inc/stm32g4xx_hal_flash.h:824:20:HAL_FLASH_OperationErrorCallback	0	static
../Drivers/STM32G4xx_HAL_Driver/Inc/stm32g4xx_hal_flash.h:821:20:HAL_FLASH_IRQHandler	8	static
../Drivers/STM32G4xx_HAL_Driver/Inc/stm32g4xx_hal_flash.h:833:20:HAL_FLASH_Unlock	0	static
../Drivers/STM32G4xx_HAL_Driver/Inc/stm32g4xx_hal_flash.h:834:20:HAL_FLASH_Lock	0	static
../Drivers/STM32G4xx_HAL_Driver/Inc/stm32g4xx_hal_flash.h:836:20:HAL_FLASH_OB_Unlock	0	static
../Drivers/STM32G4xx_HAL_Driver/Inc/stm32g4xx_hal_flash.h:837:20:HAL_FLASH_OB_Lock	0	static
../Drivers/STM32G4xx_HAL_Driver/Inc/stm32g4xx_hal_flash.h:838:20:HAL_FLASH_OB_Launch	16	static
../Drivers/STM32G4xx_HAL_Driver/Inc/stm32g4xx_hal_flash.h:847:10:HAL_FLASH_GetError	0	static
../Drivers/STM32G4xx_HAL_Driver/Inc/stm32g4xx_hal_flash.h:859:20:FLASH_WaitForLastOperation	16	static
