../Drivers/STM32G4xx_HAL_Driver/Inc/stm32g4xx_hal_flash_ex.h:52:19:HAL_FLASHEx_Erase	32	static
../Drivers/STM32G4xx_HAL_Driver/Inc/stm32g4xx_hal_flash_ex.h:53:19:HAL_FLASHEx_Erase_IT	8	static
../Drivers/STM32G4xx_HAL_Driver/Inc/stm32g4xx_hal_flash_ex.h:54:19:HAL_FLASHEx_OBProgram	32	static
../Drivers/STM32G4xx_HAL_Driver/Inc/stm32g4xx_hal_flash_ex.h:55:19:HAL_FLASHEx_OBGetConfig	12	static
../Drivers/STM32G4xx_HAL_Driver/Inc/stm32g4xx_hal_flash_ex.h:56:19:HAL_FLASHEx_EnableSecMemProtection	0	static
../Drivers/STM32G4xx_HAL_Driver/Inc/stm32g4xx_hal_flash_ex.h:57:19:HAL_FLASHEx_EnableDebugger	0	static
../Drivers/STM32G4xx_HAL_Driver/Inc/stm32g4xx_hal_flash_ex.h:58:19:HAL_FLASHEx_DisableDebugger	0	static
../Drivers/STM32G4xx_HAL_Driver/Inc/stm32g4xx_hal_flash_ex.h:70:19:FLASH_PageErase	0	static
../Drivers/STM32G4xx_HAL_Driver/Inc/stm32g4xx_hal_flash_ex.h:71:19:FLASH_FlushCaches	0	static
