../Drivers/STM32G4xx_HAL_Driver/Inc/stm32g4xx_hal_pwr_ex.h:741:10:HAL_PWREx_GetVoltageRange	0	static
../Drivers/STM32G4xx_HAL_Driver/Inc/stm32g4xx_hal_pwr_ex.h:742:19:HAL_PWREx_ControlVoltageScaling	0	static
../Drivers/STM32G4xx_HAL_Driver/Inc/stm32g4xx_hal_pwr_ex.h:743:6:HAL_PWREx_EnableBatteryCharging	0	static
../Drivers/STM32G4xx_HAL_Driver/Inc/stm32g4xx_hal_pwr_ex.h:744:6:HAL_PWREx_DisableBatteryCharging	0	static
../Drivers/STM32G4xx_HAL_Driver/Inc/stm32g4xx_hal_pwr_ex.h:745:6:HAL_PWREx_EnableInternalWakeUpLine	0	static
../Drivers/STM32G4xx_HAL_Driver/Inc/stm32g4xx_hal_pwr_ex.h:746:6:HAL_PWREx_DisableInternalWakeUpLine	0	static
../Drivers/STM32G4xx_HAL_Driver/Inc/stm32g4xx_hal_pwr_ex.h:747:19:HAL_PWREx_EnableGPIOPullUp	0	static
../Drivers/STM32G4xx_HAL_Driver/Inc/stm32g4xx_hal_pwr_ex.h:748:19:HAL_PWREx_DisableGPIOPullUp	0	static
../Drivers/STM32G4xx_HAL_Driver/Inc/stm32g4xx_hal_pwr_ex.h:749:19:HAL_PWREx_EnableGPIOPullDown	0	static
../Drivers/STM32G4xx_HAL_Driver/Inc/stm32g4xx_hal_pwr_ex.h:750:19:HAL_PWREx_DisableGPIOPullDown	0	static
../Drivers/STM32G4xx_HAL_Driver/Inc/stm32g4xx_hal_pwr_ex.h:751:6:HAL_PWREx_EnablePullUpPullDownConfig	0	static
../Drivers/STM32G4xx_HAL_Driver/Inc/stm32g4xx_hal_pwr_ex.h:752:6:HAL_PWREx_DisablePullUpPullDownConfig	0	static
../Drivers/STM32G4xx_HAL_Driver/Inc/stm32g4xx_hal_pwr_ex.h:753:6:HAL_PWREx_EnableSRAM2ContentRetention	0	static
../Drivers/STM32G4xx_HAL_Driver/Inc/stm32g4xx_hal_pwr_ex.h:754:6:HAL_PWREx_DisableSRAM2ContentRetention	0	static
../Drivers/STM32G4xx_HAL_Driver/Inc/stm32g4xx_hal_pwr_ex.h:756:6:HAL_PWREx_EnablePVM1	0	static
../Drivers/STM32G4xx_HAL_Driver/Inc/stm32g4xx_hal_pwr_ex.h:757:6:HAL_PWREx_DisablePVM1	0	static
../Drivers/STM32G4xx_HAL_Driver/Inc/stm32g4xx_hal_pwr_ex.h:760:6:HAL_PWREx_EnablePVM2	0	static
../Drivers/STM32G4xx_HAL_Driver/Inc/stm32g4xx_hal_pwr_ex.h:761:6:HAL_PWREx_DisablePVM2	0	static
../Drivers/STM32G4xx_HAL_Driver/Inc/stm32g4xx_hal_pwr_ex.h:763:6:HAL_PWREx_EnablePVM3	0	static
../Drivers/STM32G4xx_HAL_Driver/Inc/stm32g4xx_hal_pwr_ex.h:764:6:HAL_PWREx_DisablePVM3	0	static
../Drivers/STM32G4xx_HAL_Driver/Inc/stm32g4xx_hal_pwr_ex.h:765:6:HAL_PWREx_EnablePVM4	0	static
../Drivers/STM32G4xx_HAL_Driver/Inc/stm32g4xx_hal_pwr_ex.h:766:6:HAL_PWREx_DisablePVM4	0	static
../Drivers/STM32G4xx_HAL_Driver/Inc/stm32g4xx_hal_pwr_ex.h:767:19:HAL_PWREx_ConfigPVM	0	static
../Drivers/STM32G4xx_HAL_Driver/Inc/stm32g4xx_hal_pwr_ex.h:770:6:HAL_PWREx_EnableLowPowerRunMode	0	static
../Drivers/STM32G4xx_HAL_Driver/Inc/stm32g4xx_hal_pwr_ex.h:771:19:HAL_PWREx_DisableLowPowerRunMode	0	static
../Drivers/STM32G4xx_HAL_Driver/Inc/stm32g4xx_hal_pwr_ex.h:772:6:HAL_PWREx_EnterSTOP0Mode	0	static,ignoring_inline_asm
../Drivers/STM32G4xx_HAL_Driver/Inc/stm32g4xx_hal_pwr_ex.h:773:6:HAL_PWREx_EnterSTOP1Mode	0	static,ignoring_inline_asm
../Drivers/STM32G4xx_HAL_Driver/Inc/stm32g4xx_hal_pwr_ex.h:774:6:HAL_PWREx_EnterSHUTDOWNMode	0	static,ignoring_inline_asm
../Drivers/STM32G4xx_HAL_Driver/Inc/stm32g4xx_hal_pwr_ex.h:778:6:HAL_PWREx_PVM1Callback	0	static
../Drivers/STM32G4xx_HAL_Driver/Inc/stm32g4xx_hal_pwr_ex.h:781:6:HAL_PWREx_PVM2Callback	0	static
../Drivers/STM32G4xx_HAL_Driver/Inc/stm32g4xx_hal_pwr_ex.h:783:6:HAL_PWREx_PVM3Callback	0	static
../Drivers/STM32G4xx_HAL_Driver/Inc/stm32g4xx_hal_pwr_ex.h:784:6:HAL_PWREx_PVM4Callback	0	static
../Drivers/STM32G4xx_HAL_Driver/Inc/stm32g4xx_hal_pwr_ex.h:776:6:HAL_PWREx_PVD_PVM_IRQHandler	8	static
../Drivers/STM32G4xx_HAL_Driver/Inc/stm32g4xx_hal_pwr_ex.h:787:6:HAL_PWREx_EnableUCPDStandbyMode	0	static
../Drivers/STM32G4xx_HAL_Driver/Inc/stm32g4xx_hal_pwr_ex.h:788:6:HAL_PWREx_DisableUCPDStandbyMode	0	static
../Drivers/STM32G4xx_HAL_Driver/Inc/stm32g4xx_hal_pwr_ex.h:791:6:HAL_PWREx_EnableUCPDDeadBattery	0	static
../Drivers/STM32G4xx_HAL_Driver/Inc/stm32g4xx_hal_pwr_ex.h:792:6:HAL_PWREx_DisableUCPDDeadBattery	0	static
