../Drivers/STM32G4xx_HAL_Driver/Inc/stm32g4xx_hal_rcc_ex.h:1271:19:HAL_RCCEx_PeriphCLKConfig	32	static
../Drivers/STM32G4xx_HAL_Driver/Inc/stm32g4xx_hal_rcc_ex.h:1272:19:HAL_RCCEx_GetPeriphCLKConfig	0	static
../Drivers/STM32G4xx_HAL_Driver/Inc/stm32g4xx_hal_rcc_ex.h:1273:19:HAL_RCCEx_GetPeriphCLKFreq	0	static
../Drivers/STM32G4xx_HAL_Driver/Inc/stm32g4xx_hal_rcc_ex.h:1283:19:HAL_RCCEx_EnableLSECSS	0	static
../Drivers/STM32G4xx_HAL_Driver/Inc/stm32g4xx_hal_rcc_ex.h:1284:19:HAL_RCCEx_DisableLSECSS	0	static
../Drivers/STM32G4xx_HAL_Driver/Inc/stm32g4xx_hal_rcc_ex.h:1285:19:HAL_RCCEx_EnableLSECSS_IT	0	static
../Drivers/STM32G4xx_HAL_Driver/Inc/stm32g4xx_hal_rcc_ex.h:1287:19:HAL_RCCEx_LSECSS_Callback	0	static
../Drivers/STM32G4xx_HAL_Driver/Inc/stm32g4xx_hal_rcc_ex.h:1286:19:HAL_RCCEx_LSECSS_IRQHandler	8	static
../Drivers/STM32G4xx_HAL_Driver/Inc/stm32g4xx_hal_rcc_ex.h:1288:19:HAL_RCCEx_EnableLSCO	48	static
../Drivers/STM32G4xx_HAL_Driver/Inc/stm32g4xx_hal_rcc_ex.h:1289:19:HAL_RCCEx_DisableLSCO	16	static
../Drivers/STM32G4xx_HAL_Driver/Inc/stm32g4xx_hal_rcc_ex.h:1299:19:HAL_RCCEx_CRSConfig	4	static
../Drivers/STM32G4xx_HAL_Driver/Inc/stm32g4xx_hal_rcc_ex.h:1300:19:HAL_RCCEx_CRSSoftwareSynchronizationGenerate	0	static
../Drivers/STM32G4xx_HAL_Driver/Inc/stm32g4xx_hal_rcc_ex.h:1301:19:HAL_RCCEx_CRSGetSynchronizationInfo	0	static
../Drivers/STM32G4xx_HAL_Driver/Inc/stm32g4xx_hal_rcc_ex.h:1302:19:HAL_RCCEx_CRSWaitSynchronization	24	static
../Drivers/STM32G4xx_HAL_Driver/Inc/stm32g4xx_hal_rcc_ex.h:1304:19:HAL_RCCEx_CRS_SyncOkCallback	0	static
../Drivers/STM32G4xx_HAL_Driver/Inc/stm32g4xx_hal_rcc_ex.h:1305:19:HAL_RCCEx_CRS_SyncWarnCallback	0	static
../Drivers/STM32G4xx_HAL_Driver/Inc/stm32g4xx_hal_rcc_ex.h:1306:19:HAL_RCCEx_CRS_ExpectedSyncCallback	0	static
../Drivers/STM32G4xx_HAL_Driver/Inc/stm32g4xx_hal_rcc_ex.h:1307:19:HAL_RCCEx_CRS_ErrorCallback	0	static
../Drivers/STM32G4xx_HAL_Driver/Inc/stm32g4xx_hal_rcc_ex.h:1303:19:HAL_RCCEx_CRS_IRQHandler	8	static
