../Drivers/STM32G4xx_HAL_Driver/Inc/stm32g4xx_hal_cortex.h:269:6:HAL_NVIC_SetPriorityGrouping	0	static
../Drivers/STM32G4xx_HAL_Driver/Inc/stm32g4xx_hal_cortex.h:270:6:HAL_NVIC_SetPriority	4	static
../Drivers/STM32G4xx_HAL_Driver/Inc/stm32g4xx_hal_cortex.h:271:6:HAL_NVIC_EnableIRQ	0	static,ignoring_inline_asm
../Drivers/STM32G4xx_HAL_Driver/Inc/stm32g4xx_hal_cortex.h:272:6:HAL_NVIC_DisableIRQ	0	static,ignoring_inline_asm
../Drivers/STM32G4xx_HAL_Driver/Inc/stm32g4xx_hal_cortex.h:273:6:HAL_NVIC_SystemReset	0	static,ignoring_inline_asm
../Drivers/STM32G4xx_HAL_Driver/Inc/stm32g4xx_hal_cortex.h:274:10:HAL_SYSTICK_Config	4	static
../Drivers/STM32G4xx_HAL_Driver/Inc/stm32g4xx_hal_cortex.h:285:10:HAL_NVIC_GetPriorityGrouping	0	static
../Drivers/STM32G4xx_HAL_Driver/Inc/stm32g4xx_hal_cortex.h:286:6:HAL_NVIC_GetPriority	4	static
../Drivers/STM32G4xx_HAL_Driver/Inc/stm32g4xx_hal_cortex.h:288:6:HAL_NVIC_SetPendingIRQ	0	static
../Drivers/STM32G4xx_HAL_Driver/Inc/stm32g4xx_hal_cortex.h:287:10:HAL_NVIC_GetPendingIRQ	0	static
../Drivers/STM32G4xx_HAL_Driver/Inc/stm32g4xx_hal_cortex.h:289:6:HAL_NVIC_ClearPendingIRQ	0	static
../Drivers/STM32G4xx_HAL_Driver/Inc/stm32g4xx_hal_cortex.h:290:10:HAL_NVIC_GetActive	0	static
../Drivers/STM32G4xx_HAL_Driver/Inc/stm32g4xx_hal_cortex.h:291:6:HAL_SYSTICK_CLKSourceConfig	0	static
../Drivers/STM32G4xx_HAL_Driver/Inc/stm32g4xx_hal_cortex.h:293:6:HAL_SYSTICK_Callback	0	static
../Drivers/STM32G4xx_HAL_Driver/Inc/stm32g4xx_hal_cortex.h:292:6:HAL_SYSTICK_IRQHandler	8	static
../Drivers/STM32G4xx_HAL_Driver/Inc/stm32g4xx_hal_cortex.h:296:6:HAL_MPU_Enable	0	static,ignoring_inline_asm
../Drivers/STM32G4xx_HAL_Driver/Inc/stm32g4xx_hal_cortex.h:297:6:HAL_MPU_Disable	0	static,ignoring_inline_asm
../Drivers/STM32G4xx_HAL_Driver/Inc/stm32g4xx_hal_cortex.h:298:6:HAL_MPU_EnableRegion	0	static
../Drivers/STM32G4xx_HAL_Driver/Inc/stm32g4xx_hal_cortex.h:299:6:HAL_MPU_DisableRegion	0	static
../Drivers/STM32G4xx_HAL_Driver/Inc/stm32g4xx_hal_cortex.h:300:6:HAL_MPU_ConfigRegion	0	static
