../Drivers/STM32G4xx_HAL_Driver/Inc/stm32g4xx_hal_rcc.h:3357:19:HAL_RCC_DeInit	16	static
../Drivers/STM32G4xx_HAL_Driver/Inc/stm32g4xx_hal_rcc.h:3358:19:HAL_RCC_OscConfig	32	static
../Drivers/STM32G4xx_HAL_Driver/Inc/stm32g4xx_hal_rcc.h:3370:19:HAL_RCC_MCOConfig	48	static
../Drivers/STM32G4xx_HAL_Driver/Inc/stm32g4xx_hal_rcc.h:3374:19:HAL_RCC_GetSysClockFreq	0	static
../Drivers/STM32G4xx_HAL_Driver/Inc/stm32g4xx_hal_rcc.h:3359:19:HAL_RCC_ClockConfig	32	static
../Drivers/STM32G4xx_HAL_Driver/Inc/stm32g4xx_hal_rcc.h:3375:19:HAL_RCC_GetHCLKFreq	0	static
../Drivers/STM32G4xx_HAL_Driver/Inc/stm32g4xx_hal_rcc.h:3376:19:HAL_RCC_GetPCLK1Freq	0	static
../Drivers/STM32G4xx_HAL_Driver/Inc/stm32g4xx_hal_rcc.h:3377:19:HAL_RCC_GetPCLK2Freq	0	static
../Drivers/STM32G4xx_HAL_Driver/Inc/stm32g4xx_hal_rcc.h:3378:19:HAL_RCC_GetOscConfig	0	static
../Drivers/STM32G4xx_HAL_Driver/Inc/stm32g4xx_hal_rcc.h:3379:19:HAL_RCC_GetClockConfig	4	static
../Drivers/STM32G4xx_HAL_Driver/Inc/stm32g4xx_hal_rcc.h:3371:19:HAL_RCC_EnableCSS	0	static
../Drivers/STM32G4xx_HAL_Driver/Inc/stm32g4xx_hal_rcc.h:3372:19:HAL_RCC_EnableLSECSS	0	static
../Drivers/STM32G4xx_HAL_Driver/Inc/stm32g4xx_hal_rcc.h:3373:19:HAL_RCC_DisableLSECSS	0	static
../Drivers/STM32G4xx_HAL_Driver/Inc/stm32g4xx_hal_rcc.h:3383:19:HAL_RCC_CSSCallback	0	static
../Drivers/STM32G4xx_HAL_Driver/Inc/stm32g4xx_hal_rcc.h:3381:19:HAL_RCC_NMI_IRQHandler	8	static
