../Middleware/Src/ff.c:620:13:ld_word	24	static
../Middleware/Src/ff.c:629:14:ld_dword	24	static
../Middleware/Src/ff.c:694:12:dbc_1st	16	static
../Middleware/Src/ff.c:714:12:dbc_2nd	16	static
../Middleware/Src/ff.c:1080:16:move_window	24	static
../Middleware/Src/ff.c:1160:14:clst2sect	16	static
../Middleware/Src/ff.c:1177:14:get_fat	32	static
../Middleware/Src/ff.c:1715:16:dir_sdi	32	static
../Middleware/Src/ff.c:1763:16:dir_next	32	static
../Middleware/Src/ff.c:1866:14:ld_clust	24	static
../Middleware/Src/ff.c:2405:16:dir_find	32	static
../Middleware/Src/ff.c:2869:16:create_name	48	static
../Middleware/Src/ff.c:3073:16:follow_path	32	static
../Middleware/Src/ff.c:3160:12:get_ldnumber	32	static
../Middleware/Src/ff.c:3307:13:check_fs	24	static
../Middleware/Src/ff.c:3347:13:find_volume	40	static
../Middleware/Src/ff.c:3401:16:mount_volume	72	static
../Middleware/Src/ff.c:3628:16:validate	24	static
../Middleware/Src/ff.c:3672:9:f_mount	40	static
../Middleware/Src/ff.c:3732:9:f_open	80	static
../Middleware/Src/ff.c:3929:9:f_read	64	static
../Middleware/Src/ff.c:4231:9:f_close	24	static
