Archive member included to satisfy reference by file (symbol)

C:/ST/STM32CubeIDE_1.16.1/STM32CubeIDE/plugins/com.st.stm32cube.ide.mcu.externaltools.gnu-tools-for-stm32.13.3.rel1.win32_1.0.0.202411081344/tools/bin/../lib/gcc/arm-none-eabi/13.3.1/../../../../arm-none-eabi/lib/thumb/v7e-m+fp/hard\libc_nano.a(libc_a-exit.o)
                              C:/ST/STM32CubeIDE_1.16.1/STM32CubeIDE/plugins/com.st.stm32cube.ide.mcu.externaltools.gnu-tools-for-stm32.13.3.rel1.win32_1.0.0.202411081344/tools/bin/../lib/gcc/arm-none-eabi/13.3.1/../../../../arm-none-eabi/lib/thumb/v7e-m+fp/hard/crt0.o (exit)
C:/ST/STM32CubeIDE_1.16.1/STM32CubeIDE/plugins/com.st.stm32cube.ide.mcu.externaltools.gnu-tools-for-stm32.13.3.rel1.win32_1.0.0.202411081344/tools/bin/../lib/gcc/arm-none-eabi/13.3.1/../../../../arm-none-eabi/lib/thumb/v7e-m+fp/hard\libc_nano.a(libc_a-rand.o)
                              ./Application/Src/audio.o (srand)
C:/ST/STM32CubeIDE_1.16.1/STM32CubeIDE/plugins/com.st.stm32cube.ide.mcu.externaltools.gnu-tools-for-stm32.13.3.rel1.win32_1.0.0.202411081344/tools/bin/../lib/gcc/arm-none-eabi/13.3.1/../../../../arm-none-eabi/lib/thumb/v7e-m+fp/hard\libc_nano.a(libc_a-findfp.o)
                              C:/ST/STM32CubeIDE_1.16.1/STM32CubeIDE/plugins/com.st.stm32cube.ide.mcu.externaltools.gnu-tools-for-stm32.13.3.rel1.win32_1.0.0.202411081344/tools/bin/../lib/gcc/arm-none-eabi/13.3.1/../../../../arm-none-eabi/lib/thumb/v7e-m+fp/hard\libc_nano.a(libc_a-exit.o) (__stdio_exit_handler)
C:/ST/STM32CubeIDE_1.16.1/STM32CubeIDE/plugins/com.st.stm32cube.ide.mcu.externaltools.gnu-tools-for-stm32.13.3.rel1.win32_1.0.0.202411081344/tools/bin/../lib/gcc/arm-none-eabi/13.3.1/../../../../arm-none-eabi/lib/thumb/v7e-m+fp/hard\libc_nano.a(libc_a-fwalk.o)
                              C:/ST/STM32CubeIDE_1.16.1/STM32CubeIDE/plugins/com.st.stm32cube.ide.mcu.externaltools.gnu-tools-for-stm32.13.3.rel1.win32_1.0.0.202411081344/tools/bin/../lib/gcc/arm-none-eabi/13.3.1/../../../../arm-none-eabi/lib/thumb/v7e-m+fp/hard\libc_nano.a(libc_a-findfp.o) (_fwalk_sglue)
C:/ST/STM32CubeIDE_1.16.1/STM32CubeIDE/plugins/com.st.stm32cube.ide.mcu.externaltools.gnu-tools-for-stm32.13.3.rel1.win32_1.0.0.202411081344/tools/bin/../lib/gcc/arm-none-eabi/13.3.1/../../../../arm-none-eabi/lib/thumb/v7e-m+fp/hard\libc_nano.a(libc_a-snprintf.o)
                              ./Application/Src/void_utils.o (snprintf)
C:/ST/STM32CubeIDE_1.16.1/STM32CubeIDE/plugins/com.st.stm32cube.ide.mcu.externaltools.gnu-tools-for-stm32.13.3.rel1.win32_1.0.0.202411081344/tools/bin/../lib/gcc/arm-none-eabi/13.3.1/../../../../arm-none-eabi/lib/thumb/v7e-m+fp/hard\libc_nano.a(libc_a-stdio.o)
                              C:/ST/STM32CubeIDE_1.16.1/STM32CubeIDE/plugins/com.st.stm32cube.ide.mcu.externaltools.gnu-tools-for-stm32.13.3.rel1.win32_1.0.0.202411081344/tools/bin/../lib/gcc/arm-none-eabi/13.3.1/../../../../arm-none-eabi/lib/thumb/v7e-m+fp/hard\libc_nano.a(libc_a-findfp.o) (__sread)
C:/ST/STM32CubeIDE_1.16.1/STM32CubeIDE/plugins/com.st.stm32cube.ide.mcu.externaltools.gnu-tools-for-stm32.13.3.rel1.win32_1.0.0.202411081344/tools/bin/../lib/gcc/arm-none-eabi/13.3.1/../../../../arm-none-eabi/lib/thumb/v7e-m+fp/hard\libc_nano.a(libc_a-memcmp.o)
                              ./Application/Src/file_manager.o (memcmp)
C:/ST/STM32CubeIDE_1.16.1/STM32CubeIDE/plugins/com.st.stm32cube.ide.mcu.externaltools.gnu-tools-for-stm32.13.3.rel1.win32_1.0.0.202411081344/tools/bin/../lib/gcc/arm-none-eabi/13.3.1/../../../../arm-none-eabi/lib/thumb/v7e-m+fp/hard\libc_nano.a(libc_a-memset.o)
                              C:/ST/STM32CubeIDE_1.16.1/STM32CubeIDE/plugins/com.st.stm32cube.ide.mcu.externaltools.gnu-tools-for-stm32.13.3.rel1.win32_1.0.0.202411081344/tools/bin/../lib/gcc/arm-none-eabi/13.3.1/../../../../arm-none-eabi/lib/thumb/v7e-m+fp/hard/crt0.o (memset)
C:/ST/STM32CubeIDE_1.16.1/STM32CubeIDE/plugins/com.st.stm32cube.ide.mcu.externaltools.gnu-tools-for-stm32.13.3.rel1.win32_1.0.0.202411081344/tools/bin/../lib/gcc/arm-none-eabi/13.3.1/../../../../arm-none-eabi/lib/thumb/v7e-m+fp/hard\libc_nano.a(libc_a-closer.o)
                              C:/ST/STM32CubeIDE_1.16.1/STM32CubeIDE/plugins/com.st.stm32cube.ide.mcu.externaltools.gnu-tools-for-stm32.13.3.rel1.win32_1.0.0.202411081344/tools/bin/../lib/gcc/arm-none-eabi/13.3.1/../../../../arm-none-eabi/lib/thumb/v7e-m+fp/hard\libc_nano.a(libc_a-stdio.o) (_close_r)
C:/ST/STM32CubeIDE_1.16.1/STM32CubeIDE/plugins/com.st.stm32cube.ide.mcu.externaltools.gnu-tools-for-stm32.13.3.rel1.win32_1.0.0.202411081344/tools/bin/../lib/gcc/arm-none-eabi/13.3.1/../../../../arm-none-eabi/lib/thumb/v7e-m+fp/hard\libc_nano.a(libc_a-reent.o)
                              C:/ST/STM32CubeIDE_1.16.1/STM32CubeIDE/plugins/com.st.stm32cube.ide.mcu.externaltools.gnu-tools-for-stm32.13.3.rel1.win32_1.0.0.202411081344/tools/bin/../lib/gcc/arm-none-eabi/13.3.1/../../../../arm-none-eabi/lib/thumb/v7e-m+fp/hard\libc_nano.a(libc_a-closer.o) (errno)
[...]
Memory Configuration

Name             Origin             Length             Attributes
RAM              0x20000000         0x00020000         xrw
FLASH            0x08000000         0x00080000         xr
*default*        0x00000000         0xffffffff

Linker script and memory map

LOAD C:/ST/STM32CubeIDE_1.16.1/STM32CubeIDE/plugins/com.st.stm32cube.ide.mcu.externaltools.gnu-tools-for-stm32.13.3.rel1.win32_1.0.0.202411081344/tools/bin/../lib/gcc/arm-none-eabi/13.3.1/thumb/v7e-m+fp/hard/crti.o
LOAD C:/ST/STM32CubeIDE_1.16.1/STM32CubeIDE/plugins/com.st.stm32cube.ide.mcu.externaltools.gnu-tools-for-stm32.13.3.rel1.win32_1.0.0.202411081344/tools/bin/../lib/gcc/arm-none-eabi/13.3.1/thumb/v7e-m+fp/hard/crtbegin.o
LOAD C:/ST/STM32CubeIDE_1.16.1/STM32CubeIDE/plugins/com.st.stm32cube.ide.mcu.externaltools.gnu-tools-for-stm32.13.3.rel1.win32_1.0.0.202411081344/tools/bin/../lib/gcc/arm-none-eabi/13.3.1/../../../../arm-none-eabi/lib/thumb/v7e-m+fp/hard/crt0.o
LOAD ./Application/Src/app.o
LOAD ./Application/Src/audio.o
LOAD ./Application/Src/basic_utils.o
LOAD ./Application/Src/data.o
LOAD ./Application/Src/data_commands.o
LOAD ./Application/Src/data_notes.o
LOAD ./Application/Src/file_manager.o
LOAD ./Application/Src/logic.o
LOAD ./Application/Src/logic_chain.o
LOAD ./Application/Src/logic_instrument.o
LOAD ./Application/Src/logic_phrase.o
LOAD ./Application/Src/logic_project.o
LOAD ./Application/Src/logic_song.o
LOAD ./Application/Src/region.o
LOAD ./Application/Src/ui_config.o
LOAD ./Application/Src/video.o
LOAD ./Application/Src/void_utils.o
LOAD ./Core/Src/main.o
LOAD ./Core/Src/stm32g4xx_hal_msp.o
LOAD ./Core/Src/stm32g4xx_it.o
LOAD ./Core/Src/syscalls.o
LOAD ./Core/Src/sysmem.o
LOAD ./Core/Src/system_stm32g4xx.o
LOAD ./Core/Startup/startup_stm32g474qetx.o
LOAD ./Drivers/STM32G4xx_HAL_Driver/Src/stm32g4xx_hal.o
LOAD ./Drivers/STM32G4xx_HAL_Driver/Src/stm32g4xx_hal_cortex.o
LOAD ./Drivers/STM32G4xx_HAL_Driver/Src/stm32g4xx_hal_dma.o
LOAD ./Drivers/STM32G4xx_HAL_Driver/Src/stm32g4xx_hal_dma_ex.o
LOAD ./Drivers/STM32G4xx_HAL_Driver/Src/stm32g4xx_hal_exti.o
LOAD ./Drivers/STM32G4xx_HAL_Driver/Src/stm32g4xx_hal_flash.o
LOAD ./Drivers/STM32G4xx_HAL_Driver/Src/stm32g4xx_hal_flash_ex.o
LOAD ./Drivers/STM32G4xx_HAL_Driver/Src/stm32g4xx_hal_flash_ramfunc.o
LOAD ./Drivers/STM32G4xx_HAL_Driver/Src/stm32g4xx_hal_gpio.o
LOAD ./Drivers/STM32G4xx_HAL_Driver/Src/stm32g4xx_hal_nand.o
LOAD ./Drivers/STM32G4xx_HAL_Driver/Src/stm32g4xx_hal_nor.o
LOAD ./Drivers/STM32G4xx_HAL_Driver/Src/stm32g4xx_hal_pwr.o
LOAD ./Drivers/STM32G4xx_HAL_Driver/Src/stm32g4xx_hal_pwr_ex.o
LOAD ./Drivers/STM32G4xx_HAL_Driver/Src/stm32g4xx_hal_rcc.o
LOAD ./Drivers/STM32G4xx_HAL_Driver/Src/stm32g4xx_hal_rcc_ex.o
LOAD ./Drivers/STM32G4xx_HAL_Driver/Src/stm32g4xx_hal_sram.o
LOAD ./Drivers/STM32G4xx_HAL_Driver/Src/stm32g4xx_ll_adc.o
LOAD ./Drivers/STM32G4xx_HAL_Driver/Src/stm32g4xx_ll_cordic.o
LOAD ./Drivers/STM32G4xx_HAL_Driver/Src/stm32g4xx_ll_dma.o
LOAD ./Drivers/STM32G4xx_HAL_Driver/Src/stm32g4xx_ll_exti.o
LOAD ./Drivers/STM32G4xx_HAL_Driver/Src/stm32g4xx_ll_fmc.o
LOAD ./Drivers/STM32G4xx_HAL_Driver/Src/stm32g4xx_ll_gpio.o
LOAD ./Drivers/STM32G4xx_HAL_Driver/Src/stm32g4xx_ll_i2c.o
LOAD ./Drivers/STM32G4xx_HAL_Driver/Src/stm32g4xx_ll_pwr.o
LOAD ./Drivers/STM32G4xx_HAL_Driver/Src/stm32g4xx_ll_rcc.o
LOAD ./Drivers/STM32G4xx_HAL_Driver/Src/stm32g4xx_ll_spi.o
LOAD ./Drivers/STM32G4xx_HAL_Driver/Src/stm32g4xx_ll_tim.o
LOAD ./Drivers/STM32G4xx_HAL_Driver/Src/stm32g4xx_ll_utils.o
LOAD ./System/Src/LED.o
LOAD ./System/Src/backlight.o
LOAD ./System/Src/button.o
LOAD ./System/Src/cordic_math.o
LOAD ./System/Src/ili9341.o
LOAD ./System/Src/joystick.o
LOAD ./System/Src/lcd.o
LOAD ./System/Src/lcd_tileset.o
LOAD ./System/Src/micros.o
LOAD ./System/Src/ticks.o
LOAD ./System/Src/volume.o
START GROUP
LOAD C:/ST/STM32CubeIDE_1.16.1/STM32CubeIDE/plugins/com.st.stm32cube.ide.mcu.externaltools.gnu-tools-for-stm32.13.3.rel1.win32_1.0.0.202411081344/tools/bin/../lib/gcc/arm-none-eabi/13.3.1/../../../../arm-none-eabi/lib/thumb/v7e-m+fp/hard\libc_nano.a
LOAD C:/ST/STM32CubeIDE_1.16.1/STM32CubeIDE/plugins/com.st.stm32cube.ide.mcu.externaltools.gnu-tools-for-stm32.13.3.rel1.win32_1.0.0.202411081344/tools/bin/../lib/gcc/arm-none-eabi/13.3.1/../../../../arm-none-eabi/lib/thumb/v7e-m+fp/hard\libm.a
END GROUP
START GROUP
LOAD C:/ST/STM32CubeIDE_1.16.1/STM32CubeIDE/plugins/com.st.stm32cube.ide.mcu.externaltools.gnu-tools-for-stm32.13.3.rel1.win32_1.0.0.202411081344/tools/bin/../lib/gcc/arm-none-eabi/13.3.1/thumb/v7e-m+fp/hard\libgcc.a
LOAD C:/ST/STM32CubeIDE_1.16.1/STM32CubeIDE/plugins/com.st.stm32cube.ide.mcu.externaltools.gnu-tools-for-stm32.13.3.rel1.win32_1.0.0.202411081344/tools/bin/../lib/gcc/arm-none-eabi/13.3.1/../../../../arm-none-eabi/lib/thumb/v7e-m+fp/hard\libc_nano.a
END GROUP
START GROUP
LOAD C:/ST/STM32CubeIDE_1.16.1/STM32CubeIDE/plugins/com.st.stm32cube.ide.mcu.externaltools.gnu-tools-for-stm32.13.3.rel1.win32_1.0.0.202411081344/tools/bin/../lib/gcc/arm-none-eabi/13.3.1/thumb/v7e-m+fp/hard\libgcc.a
LOAD C:/ST/STM32CubeIDE_1.16.1/STM32CubeIDE/plugins/com.st.stm32cube.ide.mcu.externaltools.gnu-tools-for-stm32.13.3.rel1.win32_1.0.0.202411081344/tools/bin/../lib/gcc/arm-none-eabi/13.3.1/../../../../arm-none-eabi/lib/thumb/v7e-m+fp/hard\libc_nano.a
LOAD C:/ST/STM32CubeIDE_1.16.1/STM32CubeIDE/plugins/com.st.stm32cube.ide.mcu.externaltools.gnu-tools-for-stm32.13.3.rel1.win32_1.0.0.202411081344/tools/bin/../lib/gcc/arm-none-eabi/13.3.1/../../../../arm-none-eabi/lib/thumb/v7e-m+fp/hard\libnosys.a
END GROUP
START GROUP
LOAD C:/ST/STM32CubeIDE_1.16.1/STM32CubeIDE/plugins/com.st.stm32cube.ide.mcu.externaltools.gnu-tools-for-stm32.13.3.rel1.win32_1.0.0.202411081344/tools/bin/../lib/gcc/arm-none-eabi/13.3.1/thumb/v7e-m+fp/hard\libgcc.a
LOAD C:/ST/STM32CubeIDE_1.16.1/STM32CubeIDE/plugins/com.st.stm32cube.ide.mcu.externaltools.gnu-tools-for-stm32.13.3.rel1.win32_1.0.0.202411081344/tools/bin/../lib/gcc/arm-none-eabi/13.3.1/../../../../arm-none-eabi/lib/thumb/v7e-m+fp/hard\libc_nano.a
LOAD C:/ST/STM32CubeIDE_1.16.1/STM32CubeIDE/plugins/com.st.stm32cube.ide.mcu.externaltools.gnu-tools-for-stm32.13.3.rel1.win32_1.0.0.202411081344/tools/bin/../lib/gcc/arm-none-eabi/13.3.1/../../../../arm-none-eabi/lib/thumb/v7e-m+fp/hard\libnosys.a
END GROUP
LOAD C:/ST/STM32CubeIDE_1.16.1/STM32CubeIDE/plugins/com.st.stm32cube.ide.mcu.externaltools.gnu-tools-for-stm32.13.3.rel1.win32_1.0.0.202411081344/tools/bin/../lib/gcc/arm-none-eabi/13.3.1/thumb/v7e-m+fp/hard/crtend.o
LOAD C:/ST/STM32CubeIDE_1.16.1/STM32CubeIDE/plugins/com.st.stm32cube.ide.mcu.externaltools.gnu-tools-for-stm32.13.3.rel1.win32_1.0.0.202411081344/tools/bin/../lib/gcc/arm-none-eabi/13.3.1/thumb/v7e-m+fp/hard/crtn.o
                0x20020000                        _estack = (ORIGIN (RAM) + LENGTH (RAM))
                0x00000200                        _Min_Heap_Size = 0x200
                0x00000400                        _Min_Stack_Size = 0x400

.isr_vector     0x08000000      0x1d8
                0x08000000                        . = ALIGN (0x4)
 *(.isr_vector)
 .isr_vector    0x08000000      0x1d8 ./Core/Startup/startup_stm32g474qetx.o
                0x08000000                g_pfnVectors
                0x080001d8                        . = ALIGN (0x4)

.text           0x080001e0     0xa608
                0x080001e0                        . = ALIGN (0x4)
 *(.text)
 .text          0x080001e0       0x40 C:/ST/STM32CubeIDE_1.16.1/STM32CubeIDE/plugins/com.st.stm32cube.ide.mcu.externaltools.gnu-tools-for-stm32.13.3.rel1.win32_1.0.0.202411081344/tools/bin/../lib/gcc/arm-none-eabi/13.3.1/thumb/v7e-m+fp/hard/crtbegin.o
 .text          0x08000220       0x10 C:/ST/STM32CubeIDE_1.16.1/STM32CubeIDE/plugins/com.st.stm32cube.ide.mcu.externaltools.gnu-tools-for-stm32.13.3.rel1.win32_1.0.0.202411081344/tools/bin/../lib/gcc/arm-none-eabi/13.3.1/../../../../arm-none-eabi/lib/thumb/v7e-m+fp/hard\libc_nano.a(libc_a-strlen.o)
                0x08000220                strlen
 .text          0x08000230       0xa0 C:/ST/STM32CubeIDE_1.16.1/STM32CubeIDE/plugins/com.st.stm32cube.ide.mcu.externaltools.gnu-tools-for-stm32.13.3.rel1.win32_1.0.0.202411081344/tools/bin/../lib/gcc/arm-none-eabi/13.3.1/../../../../arm-none-eabi/lib/thumb/v7e-m+fp/hard\libc_nano.a(libc_a-memchr.o)
                0x08000230                memchr
 .text          0x080002d0      0x378 C:/ST/STM32CubeIDE_1.16.1/STM32CubeIDE/plugins/com.st.stm32cube.ide.mcu.externaltools.gnu-tools-for-stm32.13.3.rel1.win32_1.0.0.202411081344/tools/bin/../lib/gcc/arm-none-eabi/13.3.1/thumb/v7e-m+fp/hard\libgcc.a(_arm_addsubdf3.o)
                0x080002d0                __aeabi_drsub
                0x080002d8                __aeabi_dsub
                0x080002d8                __subdf3
                0x080002dc                __aeabi_dadd
                0x080002dc                __adddf3
                0x08000554                __floatunsidf
                0x08000554                __aeabi_ui2d
                0x08000574                __floatsidf
                0x08000574                __aeabi_i2d
                0x08000598                __aeabi_f2d
                0x08000598                __extendsfdf2
                0x080005dc                __floatundidf
                0x080005dc                __aeabi_ul2d
                0x080005ec                __floatdidf
                0x080005ec                __aeabi_l2d
 .text          0x08000648      0x110 C:/ST/STM32CubeIDE_1.16.1/STM32CubeIDE/plugins/com.st.stm32cube.ide.mcu.externaltools.gnu-tools-for-stm32.13.3.rel1.win32_1.0.0.202411081344/tools/bin/../lib/gcc/arm-none-eabi/13.3.1/thumb/v7e-m+fp/hard\libgcc.a(_arm_cmpdf2.o)
                0x08000648                __gtdf2
                0x08000648                __gedf2
                0x08000650                __ltdf2
                0x08000650                __ledf2
                0x08000658                __nedf2
                0x08000658                __eqdf2
                0x08000658                __cmpdf2
                0x080006d4                __aeabi_cdrcmple
                0x080006e4                __aeabi_cdcmpeq
                0x080006e4                __aeabi_cdcmple
                0x080006f4                __aeabi_dcmpeq
                0x08000708                __aeabi_dcmplt
                0x0800071c                __aeabi_dcmple
                0x08000730                __aeabi_dcmpge
                0x08000744                __aeabi_dcmpgt
 .text          0x08000758       0x40 C:/ST/STM32CubeIDE_1.16.1/STM32CubeIDE/plugins/com.st.stm32cube.ide.mcu.externaltools.gnu-tools-for-stm32.13.3.rel1.win32_1.0.0.202411081344/tools/bin/../lib/gcc/arm-none-eabi/13.3.1/thumb/v7e-m+fp/hard\libgcc.a(_arm_fixunsdfsi.o)
                0x08000758                __aeabi_d2uiz
                0x08000758                __fixunsdfsi
 .text          0x08000798       0x30 C:/ST/STM32CubeIDE_1.16.1/STM32CubeIDE/plugins/com.st.stm32cube.ide.mcu.externaltools.gnu-tools-for-stm32.13.3.rel1.win32_1.0.0.202411081344/tools/bin/../lib/gcc/arm-none-eabi/13.3.1/thumb/v7e-m+fp/hard\libgcc.a(_fixdfdi.o)
                0x08000798                __fixdfdi
                0x08000798                __aeabi_d2lz
 .text          0x080007c8       0x3c C:/ST/STM32CubeIDE_1.16.1/STM32CubeIDE/plugins/com.st.stm32cube.ide.mcu.externaltools.gnu-tools-for-stm32.13.3.rel1.win32_1.0.0.202411081344/tools/bin/../lib/gcc/arm-none-eabi/13.3.1/thumb/v7e-m+fp/hard\libgcc.a(_fixunsdfdi.o)
                0x080007c8                __fixunsdfdi
                0x080007c8                __aeabi_d2ulz
 .text          0x08000804      0x254 C:/ST/STM32CubeIDE_1.16.1/STM32CubeIDE/plugins/com.st.stm32cube.ide.mcu.externaltools.gnu-tools-for-stm32.13.3.rel1.win32_1.0.0.202411081344/tools/bin/../lib/gcc/arm-none-eabi/13.3.1/thumb/v7e-m+fp/hard\libgcc.a(_arm_muldf3.o)
                0x08000804                __muldf3
                0x08000804                __aeabi_dmul
 *(.text*)
 .text.app      0x08000a58       0x2c ./Application/Src/app.o
                0x08000a58                app
 .text.audio_get_next_sample
                0x08000a84      0x3ac ./Application/Src/audio.o
 .text.audio_start
                0x08000e30      0x3c4 ./Application/Src/audio.o
                0x08000e30                audio_start
 .text.audio_half_callback
                0x080011f4       0x94 ./Application/Src/audio.o
                0x080011f4                audio_half_callback
 .text.audio_full_callback
                0x08001288       0x94 ./Application/Src/audio.o
                0x08001288                audio_full_callback
 .text.change_value_within_bounds
                0x0800131c       0x14 ./Application/Src/basic_utils.o
                0x0800131c                change_value_within_bounds
 .text.sd_deserialize_config
                0x08001330       0xc8 ./Application/Src/file_manager.o
 .text.sd_deserialize_project
                0x080013f8      0x1b0 ./Application/Src/file_manager.o
 .text.sd_serialize_config
                0x080015a8       0xac ./Application/Src/file_manager.o
 .text.sd_serialize_project
                0x08001654      0x280 ./Application/Src/file_manager.o
 .text.sd_create_default_project
                0x080018d4       0xd4 ./Application/Src/file_manager.o
 .text.sd_create_default_config
                0x080019a8       0xd4 ./Application/Src/file_manager.o
 .text.sd_load_config_backup
                0x08001a7c      0x118 ./Application/Src/file_manager.o
 .text.sd_load_config
                0x08001b94      0x118 ./Application/Src/file_manager.o
 .text.sd_load_project_backup
                0x08001cac      0x118 ./Application/Src/file_manager.o
 .text.sd_load_project
                0x08001dc4      0x118 ./Application/Src/file_manager.o
 .text.fmanager_init
                0x08001edc      0x130 ./Application/Src/file_manager.o
                0x08001edc                fmanager_init
 .text.fmanager_save_config
                0x0800200c       0x7c ./Application/Src/file_manager.o
                0x0800200c                fmanager_save_config
 .text.fmanager_save_project
                0x08002088       0x84 ./Application/Src/file_manager.o
                0x08002088                fmanager_save_project
 .text.logic_state_groove
                0x0800210c        0x4 ./Application/Src/logic.o
 .text.logic_state_init
                0x08002110        0xc ./Application/Src/logic.o
 .text.logic_state_project
                0x0800211c       0x7c ./Application/Src/logic.o
 .text.logic_state_instrument
                0x08002198       0x78 ./Application/Src/logic.o
 .text.logic_state_phrase
                0x08002210       0xb0 ./Application/Src/logic.o
 .text.logic_state_chain
                0x080022c0       0xa0 ./Application/Src/logic.o
 .text.logic_state_song
                0x08002360       0xc0 ./Application/Src/logic.o
 .text.logic_update
                0x08002420       0x94 ./Application/Src/logic.o
                0x08002420                logic_update
 .text.chain_draw_editor_phrase_preview_data
                0x080024b4      0x190 ./Application/Src/logic_chain.o
 .text.chain_draw_editor_phrase_preview.part.0
                0x08002644       0xf4 ./Application/Src/logic_chain.o
 .text.chain_highlight_cursor
                0x08002738       0x4c ./Application/Src/logic_chain.o
 .text.chain_update_value
                0x08002784       0x9c ./Application/Src/logic_chain.o
 .text.chain_init
                0x08002820      0x234 ./Application/Src/logic_chain.o
                0x08002820                chain_init
 .text.chain_deinit
                0x08002a54       0x30 ./Application/Src/logic_chain.o
                0x08002a54                chain_deinit
 .text.chain_move_cursor
                0x08002a84      0x220 ./Application/Src/logic_chain.o
                0x08002a84                chain_move_cursor
 .text.chain_insert_value
                0x08002ca4       0xb8 ./Application/Src/logic_chain.o
                0x08002ca4                chain_insert_value
 .text.chain_delete_value
                0x08002d5c       0xb4 ./Application/Src/logic_chain.o
                0x08002d5c                chain_delete_value
 .text.chain_change_value
                0x08002e10      0x178 ./Application/Src/logic_chain.o
                0x08002e10                chain_change_value
 .text.chain_get_selected_phrase
                0x08002f88       0x24 ./Application/Src/logic_chain.o
                0x08002f88                chain_get_selected_phrase
 .text.instrument_init
                0x08002fac      0x118 ./Application/Src/logic_instrument.o
                0x08002fac                instrument_init
 .text.instrument_deinit
                0x080030c4       0x30 ./Application/Src/logic_instrument.o
                0x080030c4                instrument_deinit
 .text.instrument_move_cursor
                0x080030f4      0x16c ./Application/Src/logic_instrument.o
                0x080030f4                instrument_move_cursor
 .text.instrument_change_value
                0x08003260       0xc4 ./Application/Src/logic_instrument.o
                0x08003260                instrument_change_value
 .text.phrase_highlight_cursor
                0x08003324       0xf4 ./Application/Src/logic_phrase.o
 .text.phrase_update_value
                0x08003418      0x244 ./Application/Src/logic_phrase.o
 .text.phrase_draw_editor_command_description.part.0
                0x0800365c      0x1ec ./Application/Src/logic_phrase.o
 .text.phrase_highlight_label
                0x08003848       0x9c ./Application/Src/logic_phrase.o
 .text.phrase_update_command_description
                0x080038e4       0xb4 ./Application/Src/logic_phrase.o
 .text.phrase_init
                0x08003998      0x560 ./Application/Src/logic_phrase.o
                0x08003998                phrase_init
 .text.phrase_deinit
                0x08003ef8       0x30 ./Application/Src/logic_phrase.o
                0x08003ef8                phrase_deinit
 .text.phrase_move_cursor
                0x08003f28      0x334 ./Application/Src/logic_phrase.o
                0x08003f28                phrase_move_cursor
 .text.phrase_insert_value
                0x0800425c      0x148 ./Application/Src/logic_phrase.o
                0x0800425c                phrase_insert_value
 .text.phrase_delete_value
                0x080043a4      0x128 ./Application/Src/logic_phrase.o
                0x080043a4                phrase_delete_value
 .text.phrase_change_value
                0x080044cc      0x318 ./Application/Src/logic_phrase.o
                0x080044cc                phrase_change_value
 .text.phrase_get_selected_instrument
                0x080047e4       0x28 ./Application/Src/logic_phrase.o
                0x080047e4                phrase_get_selected_instrument
 .text.project_init
                0x0800480c       0x88 ./Application/Src/logic_project.o
                0x0800480c                project_init
 .text.project_deinit
                0x08004894       0x30 ./Application/Src/logic_project.o
                0x08004894                project_deinit
 .text.project_move_cursor
                0x080048c4      0x100 ./Application/Src/logic_project.o
                0x080048c4                project_move_cursor
 .text.project_change_value
                0x080049c4       0x7c ./Application/Src/logic_project.o
                0x080049c4                project_change_value
 .text.song_draw_editor_song_row_numbers
                0x08004a40      0x108 ./Application/Src/logic_song.o
 .text.song_draw_editor_song_data
                0x08004b48       0xc0 ./Application/Src/logic_song.o
 .text.song_highlight_row_number
                0x08004c08       0x5c ./Application/Src/logic_song.o
 .text.song_unhighlight_cursor
                0x08004c64       0x68 ./Application/Src/logic_song.o
 .text.song_unhighlight_row_number
                0x08004ccc       0x5c ./Application/Src/logic_song.o
 .text.song_update_chain
                0x08004d28       0x68 ./Application/Src/logic_song.o
 .text.song_init
                0x08004d90       0xfc ./Application/Src/logic_song.o
                0x08004d90                song_init
 .text.song_deinit
                0x08004e8c       0x24 ./Application/Src/logic_song.o
                0x08004e8c                song_deinit
 .text.song_move_cursor
                0x08004eb0      0x1d8 ./Application/Src/logic_song.o
                0x08004eb0                song_move_cursor
 .text.song_move_page
                0x08005088      0x104 ./Application/Src/logic_song.o
                0x08005088                song_move_page
 .text.song_insert_chain
                0x0800518c       0x30 ./Application/Src/logic_song.o
                0x0800518c                song_insert_chain
 .text.song_delete_chain
                0x080051bc       0x2c ./Application/Src/logic_song.o
                0x080051bc                song_delete_chain
 .text.song_change_chain
                0x080051e8       0x84 ./Application/Src/logic_song.o
                0x080051e8                song_change_chain
 .text.song_get_selected_chain
                0x0800526c       0x1c ./Application/Src/logic_song.o
                0x0800526c                song_get_selected_chain
 .text.region_draw
                0x08005288       0x38 ./Application/Src/region.o
                0x08005288                region_draw
 .text.region_change_symbol
                0x080052c0       0x28 ./Application/Src/region.o
                0x080052c0                region_change_symbol
 .text.region_change_color
                0x080052e8       0x28 ./Application/Src/region.o
                0x080052e8                region_change_color
 .text.region_fill
                0x08005310       0x44 ./Application/Src/region.o
                0x08005310                region_fill
 .text.region_draw_text
                0x08005354      0x148 ./Application/Src/region.o
                0x08005354                region_draw_text
 .text.ui_config_draw
                0x0800549c      0x110 ./Application/Src/ui_config.o
                0x0800549c                ui_config_draw
 .text.ui_config_change_data
                0x080055ac      0x100 ./Application/Src/ui_config.o
                0x080055ac                ui_config_change_data
 .text.ui_config_color_data
                0x080056ac       0x4c ./Application/Src/ui_config.o
                0x080056ac                ui_config_color_data
 .text.video_update
                0x080056f8       0x14 ./Application/Src/video.o
                0x080056f8                video_update
 .text.void_change_value_within_bounds
                0x0800570c      0x248 ./Application/Src/void_utils.o
                0x0800570c                void_change_value_within_bounds
 .text.data_to_string
                0x08005954      0x3d4 ./Application/Src/void_utils.o
                0x08005954                data_to_string
 .text.copy_data
                0x08005d28       0x34 ./Application/Src/void_utils.o
                0x08005d28                copy_data
 .text.SystemClock_Config
                0x08005d5c       0xe8 ./Core/Src/main.o
                0x08005d5c                SystemClock_Config
 *fill*         0x08005e44        0x4 
 .text.startup.main
                0x08005e48      0xa64 ./Core/Src/main.o
                0x08005e48                main
 .text.HAL_MspInit
                0x080068ac       0x34 ./Core/Src/stm32g4xx_hal_msp.o
                0x080068ac                HAL_MspInit
 .text.HAL_SRAM_MspInit
                0x080068e0       0x88 ./Core/Src/stm32g4xx_hal_msp.o
                0x080068e0                HAL_SRAM_MspInit
 .text.NMI_Handler
                0x08006968        0x4 ./Core/Src/stm32g4xx_it.o
                0x08006968                NMI_Handler
 .text.HardFault_Handler
                0x0800696c        0x4 ./Core/Src/stm32g4xx_it.o
                0x0800696c                HardFault_Handler
 .text.MemManage_Handler
                0x08006970        0x4 ./Core/Src/stm32g4xx_it.o
                0x08006970                MemManage_Handler
 .text.BusFault_Handler
                0x08006974        0x4 ./Core/Src/stm32g4xx_it.o
                0x08006974                BusFault_Handler
 .text.UsageFault_Handler
                0x08006978        0x4 ./Core/Src/stm32g4xx_it.o
                0x08006978                UsageFault_Handler
 .text.SVC_Handler
                0x0800697c        0x4 ./Core/Src/stm32g4xx_it.o
                0x0800697c                SVC_Handler
 .text.DebugMon_Handler
                0x08006980        0x4 ./Core/Src/stm32g4xx_it.o
                0x08006980                DebugMon_Handler
 .text.PendSV_Handler
                0x08006984        0x4 ./Core/Src/stm32g4xx_it.o
                0x08006984                PendSV_Handler
 .text.SysTick_Handler
                0x08006988        0x4 ./Core/Src/stm32g4xx_it.o
                0x08006988                SysTick_Handler
 .text.DMA2_Channel1_IRQHandler
                0x0800698c       0x2c ./Core/Src/stm32g4xx_it.o
                0x0800698c                DMA2_Channel1_IRQHandler
 .text._getpid  0x080069b8        0x4 ./Core/Src/syscalls.o
                0x080069b8                _getpid
 .text._kill    0x080069bc       0x10 ./Core/Src/syscalls.o
                0x080069bc                _kill
 .text._exit    0x080069cc        0xc ./Core/Src/syscalls.o
                0x080069cc                _exit
 .text._read    0x080069d8       0x1c ./Core/Src/syscalls.o
                0x080069d8                _read
 .text._write   0x080069f4       0x1c ./Core/Src/syscalls.o
                0x080069f4                _write
 .text._close   0x08006a10        0x8 ./Core/Src/syscalls.o
                0x08006a10                _close
 .text._fstat   0x08006a18        0xc ./Core/Src/syscalls.o
                0x08006a18                _fstat
 .text._isatty  0x08006a24        0x4 ./Core/Src/syscalls.o
                0x08006a24                _isatty
 .text._lseek   0x08006a28        0x4 ./Core/Src/syscalls.o
                0x08006a28                _lseek
 .text._sbrk    0x08006a2c       0x44 ./Core/Src/sysmem.o
                0x08006a2c                _sbrk
 .text.SystemInit
                0x08006a70       0x14 ./Core/Src/system_stm32g4xx.o
                0x08006a70                SystemInit
 .text.Reset_Handler
                0x08006a84       0x50 ./Core/Startup/startup_stm32g474qetx.o
                0x08006a84                Reset_Handler
 .text.Default_Handler
                0x08006ad4        0x2 ./Core/Startup/startup_stm32g474qetx.o
                0x08006ad4                RTC_Alarm_IRQHandler
                0x08006ad4                EXTI2_IRQHandler
                0x08006ad4                TIM8_TRG_COM_IRQHandler
                0x08006ad4                TIM8_CC_IRQHandler
                0x08006ad4                HRTIM1_Master_IRQHandler
                0x08006ad4                SPI4_IRQHandler
                0x08006ad4                FDCAN3_IT0_IRQHandler
                0x08006ad4                TIM1_CC_IRQHandler
                0x08006ad4                HRTIM1_FLT_IRQHandler
                0x08006ad4                HRTIM1_TIMF_IRQHandler
                0x08006ad4                USB_HP_IRQHandler
                0x08006ad4                CORDIC_IRQHandler
                0x08006ad4                HRTIM1_TIMD_IRQHandler
                0x08006ad4                DMA2_Channel8_IRQHandler
                0x08006ad4                EXTI3_IRQHandler
                0x08006ad4                I2C3_ER_IRQHandler
                0x08006ad4                EXTI0_IRQHandler
                0x08006ad4                I2C2_EV_IRQHandler
                0x08006ad4                FPU_IRQHandler
                0x08006ad4                FDCAN1_IT1_IRQHandler
                0x08006ad4                TIM1_UP_TIM16_IRQHandler
                0x08006ad4                ADC1_2_IRQHandler
                0x08006ad4                HRTIM1_TIME_IRQHandler
                0x08006ad4                SPI1_IRQHandler
                0x08006ad4                TIM6_DAC_IRQHandler
                0x08006ad4                HRTIM1_TIMC_IRQHandler
                0x08006ad4                TIM8_UP_IRQHandler
                0x08006ad4                DMA2_Channel2_IRQHandler
                0x08006ad4                DMA1_Channel4_IRQHandler
                0x08006ad4                TIM20_TRG_COM_IRQHandler
                0x08006ad4                USART3_IRQHandler
                0x08006ad4                DMA1_Channel7_IRQHandler
                0x08006ad4                UART5_IRQHandler
                0x08006ad4                ADC3_IRQHandler
                0x08006ad4                TIM4_IRQHandler
                0x08006ad4                QUADSPI_IRQHandler
                0x08006ad4                I2C1_EV_IRQHandler
                0x08006ad4                DMA1_Channel6_IRQHandler
                0x08006ad4                UART4_IRQHandler
                0x08006ad4                DMA2_Channel4_IRQHandler
                0x08006ad4                TIM3_IRQHandler
                0x08006ad4                RCC_IRQHandler
                0x08006ad4                TIM20_UP_IRQHandler
                0x08006ad4                DMA1_Channel1_IRQHandler
                0x08006ad4                Default_Handler
                0x08006ad4                DMA2_Channel7_IRQHandler
                0x08006ad4                RTC_TAMP_LSECSS_IRQHandler
                0x08006ad4                FMAC_IRQHandler
                0x08006ad4                EXTI15_10_IRQHandler
                0x08006ad4                DMA1_Channel8_IRQHandler
                0x08006ad4                HRTIM1_TIMA_IRQHandler
                0x08006ad4                TIM7_DAC_IRQHandler
                0x08006ad4                FDCAN3_IT1_IRQHandler
                0x08006ad4                TIM5_IRQHandler
                0x08006ad4                UCPD1_IRQHandler
                0x08006ad4                I2C3_EV_IRQHandler
                0x08006ad4                EXTI9_5_IRQHandler
                0x08006ad4                RTC_WKUP_IRQHandler
                0x08006ad4                PVD_PVM_IRQHandler
                0x08006ad4                SPI2_IRQHandler
                0x08006ad4                ADC5_IRQHandler
                0x08006ad4                DMA2_Channel5_IRQHandler
                0x08006ad4                CRS_IRQHandler
                0x08006ad4                DMA1_Channel5_IRQHandler
                0x08006ad4                USB_LP_IRQHandler
                0x08006ad4                EXTI4_IRQHandler
                0x08006ad4                RNG_IRQHandler
                0x08006ad4                HRTIM1_TIMB_IRQHandler
                0x08006ad4                TIM1_TRG_COM_TIM17_IRQHandler
                0x08006ad4                FDCAN2_IT1_IRQHandler
                0x08006ad4                DMA1_Channel3_IRQHandler
                0x08006ad4                ADC4_IRQHandler
                0x08006ad4                WWDG_IRQHandler
                0x08006ad4                I2C4_EV_IRQHandler
                0x08006ad4                FDCAN2_IT0_IRQHandler
                0x08006ad4                LPUART1_IRQHandler
                0x08006ad4                DMA2_Channel6_IRQHandler
                0x08006ad4                FDCAN1_IT0_IRQHandler
                0x08006ad4                TIM2_IRQHandler
                0x08006ad4                COMP7_IRQHandler
                0x08006ad4                COMP1_2_3_IRQHandler
                0x08006ad4                EXTI1_IRQHandler
                0x08006ad4                USART2_IRQHandler
                0x08006ad4                COMP4_5_6_IRQHandler
                0x08006ad4                TIM20_BRK_IRQHandler
                0x08006ad4                I2C2_ER_IRQHandler
                0x08006ad4                DMA1_Channel2_IRQHandler
                0x08006ad4                TIM8_BRK_IRQHandler
                0x08006ad4                FLASH_IRQHandler
                0x08006ad4                TIM20_CC_IRQHandler
                0x08006ad4                USART1_IRQHandler
                0x08006ad4                SPI3_IRQHandler
                0x08006ad4                I2C1_ER_IRQHandler
                0x08006ad4                FMC_IRQHandler
                0x08006ad4                LPTIM1_IRQHandler
                0x08006ad4                DMAMUX_OVR_IRQHandler
                0x08006ad4                I2C4_ER_IRQHandler
                0x08006ad4                USBWakeUp_IRQHandler
                0x08006ad4                SAI1_IRQHandler
                0x08006ad4                DMA2_Channel3_IRQHandler
                0x08006ad4                TIM1_BRK_TIM15_IRQHandler
 *fill*         0x08006ad6        0x2 
 .text.HAL_InitTick
                0x08006ad8       0x4c ./Drivers/STM32G4xx_HAL_Driver/Src/stm32g4xx_hal.o
                0x08006ad8                HAL_InitTick
 .text.HAL_Init
                0x08006b24       0x20 ./Drivers/STM32G4xx_HAL_Driver/Src/stm32g4xx_hal.o
                0x08006b24                HAL_Init
 .text.HAL_IncTick
                0x08006b44       0x18 ./Drivers/STM32G4xx_HAL_Driver/Src/stm32g4xx_hal.o
                0x08006b44                HAL_IncTick
 .text.HAL_NVIC_SetPriorityGrouping
                0x08006b5c       0x24 ./Drivers/STM32G4xx_HAL_Driver/Src/stm32g4xx_hal_cortex.o
                0x08006b5c                HAL_NVIC_SetPriorityGrouping
 .text.HAL_NVIC_SetPriority
                0x08006b80       0x78 ./Drivers/STM32G4xx_HAL_Driver/Src/stm32g4xx_hal_cortex.o
                0x08006b80                HAL_NVIC_SetPriority
 .text.HAL_SYSTICK_Config
                0x08006bf8       0x34 ./Drivers/STM32G4xx_HAL_Driver/Src/stm32g4xx_hal_cortex.o
                0x08006bf8                HAL_SYSTICK_Config
 .text.HAL_GPIO_Init
                0x08006c2c      0x37c ./Drivers/STM32G4xx_HAL_Driver/Src/stm32g4xx_hal_gpio.o
                0x08006c2c                HAL_GPIO_Init
 .text.HAL_PWREx_DisableUCPDDeadBattery
                0x08006fa8       0x10 ./Drivers/STM32G4xx_HAL_Driver/Src/stm32g4xx_hal_pwr_ex.o
                0x08006fa8                HAL_PWREx_DisableUCPDDeadBattery
 .text.HAL_SRAM_Init
                0x08006fb8       0x5c ./Drivers/STM32G4xx_HAL_Driver/Src/stm32g4xx_hal_sram.o
                0x08006fb8                HAL_SRAM_Init
 .text.LL_ADC_CommonInit
                0x08007014       0x88 ./Drivers/STM32G4xx_HAL_Driver/Src/stm32g4xx_ll_adc.o
                0x08007014                LL_ADC_CommonInit
 .text.LL_ADC_Init
                0x0800709c       0x30 ./Drivers/STM32G4xx_HAL_Driver/Src/stm32g4xx_ll_adc.o
                0x0800709c                LL_ADC_Init
 .text.LL_ADC_REG_Init
                0x080070cc       0x50 ./Drivers/STM32G4xx_HAL_Driver/Src/stm32g4xx_ll_adc.o
                0x080070cc                LL_ADC_REG_Init
 .text.FMC_NORSRAM_Init
                0x0800711c       0xe4 ./Drivers/STM32G4xx_HAL_Driver/Src/stm32g4xx_ll_fmc.o
                0x0800711c                FMC_NORSRAM_Init
 .text.FMC_NORSRAM_Timing_Init
                0x08007200       0x58 ./Drivers/STM32G4xx_HAL_Driver/Src/stm32g4xx_ll_fmc.o
                0x08007200                FMC_NORSRAM_Timing_Init
 .text.FMC_NORSRAM_Extended_Timing_Init
                0x08007258       0x48 ./Drivers/STM32G4xx_HAL_Driver/Src/stm32g4xx_ll_fmc.o
                0x08007258                FMC_NORSRAM_Extended_Timing_Init
 .text.LL_GPIO_Init
                0x080072a0      0x170 ./Drivers/STM32G4xx_HAL_Driver/Src/stm32g4xx_ll_gpio.o
                0x080072a0                LL_GPIO_Init
 .text.LL_I2C_Init
                0x08007410       0x6c ./Drivers/STM32G4xx_HAL_Driver/Src/stm32g4xx_ll_i2c.o
                0x08007410                LL_I2C_Init
 .text.LL_RCC_GetI2SClockFreq
                0x0800747c       0xdc ./Drivers/STM32G4xx_HAL_Driver/Src/stm32g4xx_ll_rcc.o
                0x0800747c                LL_RCC_GetI2SClockFreq
 .text.LL_SPI_Init
                0x08007558       0x80 ./Drivers/STM32G4xx_HAL_Driver/Src/stm32g4xx_ll_spi.o
                0x08007558                LL_SPI_Init
 .text.LL_I2S_Init
                0x080075d8       0xa0 ./Drivers/STM32G4xx_HAL_Driver/Src/stm32g4xx_ll_spi.o
                0x080075d8                LL_I2S_Init
 .text.LL_TIM_Init
                0x08007678       0xc8 ./Drivers/STM32G4xx_HAL_Driver/Src/stm32g4xx_ll_tim.o
                0x08007678                LL_TIM_Init
 .text.LL_TIM_OC_Init
                0x08007740      0x368 ./Drivers/STM32G4xx_HAL_Driver/Src/stm32g4xx_ll_tim.o
                0x08007740                LL_TIM_OC_Init
 .text.LL_SetSystemCoreClock
                0x08007aa8        0xc ./Drivers/STM32G4xx_HAL_Driver/Src/stm32g4xx_ll_utils.o
                0x08007aa8                LL_SetSystemCoreClock
 .text.LED_write
                0x08007ab4       0x30 ./System/Src/LED.o
                0x08007ab4                LED_write
 .text.backlight_init
                0x08007ae4       0x1c ./System/Src/backlight.o
                0x08007ae4                backlight_init
 .text.backlight_set_brightness
                0x08007b00        0xc ./System/Src/backlight.o
                0x08007b00                backlight_set_brightness
 .text.button_state_idle
                0x08007b0c       0x38 ./System/Src/button.o
 .text.button_state_debouncing_idle
                0x08007b44       0x64 ./System/Src/button.o
 .text.button_state_press
                0x08007ba8       0x48 ./System/Src/button.o
 .text.button_state_double_press
                0x08007bf0       0x48 ./System/Src/button.o
 .text.button_state_triple_press
                0x08007c38       0x48 ./System/Src/button.o
 .text.button_state_hold
                0x08007c80       0x4c ./System/Src/button.o
 .text.button_state_long_hold
                0x08007ccc       0x38 ./System/Src/button.o
 .text.button_state_debouncing_hold
                0x08007d04       0x44 ./System/Src/button.o
 .text.button_state_debouncing_long_hold
                0x08007d48       0x44 ./System/Src/button.o
 .text.button_state_release
                0x08007d8c       0x38 ./System/Src/button.o
 .text.button_scan
                0x08007dc4       0x44 ./System/Src/button.o
                0x08007dc4                button_scan
 .text.is_button_held
                0x08007e08       0x24 ./System/Src/button.o
                0x08007e08                is_button_held
 .text.is_button_pressed
                0x08007e2c       0x24 ./System/Src/button.o
                0x08007e2c                is_button_pressed
 .text.cordic_init
                0x08007e50       0x18 ./System/Src/cordic_math.o
                0x08007e50                cordic_init
 .text.cordic_atan2
                0x08007e68       0x2c ./System/Src/cordic_math.o
                0x08007e68                cordic_atan2
 .text.ILI9341_init
                0x08007e94       0xe0 ./System/Src/ili9341.o
                0x08007e94                ILI9341_init
 .text.ILI9341_send_data
                0x08007f74       0x28 ./System/Src/ili9341.o
                0x08007f74                ILI9341_send_data
 .text.ILI9341_send_data_DMA
                0x08007f9c       0x40 ./System/Src/ili9341.o
                0x08007f9c                ILI9341_send_data_DMA
 .text.ILI9341_is_DMA_ready
                0x08007fdc       0x10 ./System/Src/ili9341.o
                0x08007fdc                ILI9341_is_DMA_ready
 .text.ILI9341_column_address_set
                0x08007fec       0x68 ./System/Src/ili9341.o
                0x08007fec                ILI9341_column_address_set
 .text.ILI9341_page_address_set
                0x08008054       0x68 ./System/Src/ili9341.o
                0x08008054                ILI9341_page_address_set
 .text.ILI9341_memory_write_start
                0x080080bc       0x10 ./System/Src/ili9341.o
                0x080080bc                ILI9341_memory_write_start
 .text.joystick_init
                0x080080cc       0xac ./System/Src/joystick.o
                0x080080cc                joystick_init
 .text.joystick_scan
                0x08008178       0xb8 ./System/Src/joystick.o
                0x08008178                joystick_scan
 .text.joystick_get_position
                0x08008230        0xc ./System/Src/joystick.o
                0x08008230                joystick_get_position
 .text.LCD_draw
                0x0800823c       0xa4 ./System/Src/lcd.o
                0x0800823c                LCD_draw
 .text.LCD_change_symbol
                0x080082e0       0x80 ./System/Src/lcd.o
                0x080082e0                LCD_change_symbol
 .text.LCD_change_color
                0x08008360       0x7c ./System/Src/lcd.o
                0x08008360                LCD_change_color
 .text.LCD_update_tile
                0x080083dc       0x80 ./System/Src/lcd.o
                0x080083dc                LCD_update_tile
 .text.LCD_update_one_tile
                0x0800845c       0x68 ./System/Src/lcd.o
                0x0800845c                LCD_update_one_tile
 .text.LCD_update_screen
                0x080084c4       0x6c ./System/Src/lcd.o
                0x080084c4                LCD_update_screen
 .text.LCD_init
                0x08008530      0x160 ./System/Src/lcd.o
                0x08008530                LCD_init
 .text.LCD_is_DMA_ready
                0x08008690       0x10 ./System/Src/lcd.o
                0x08008690                LCD_is_DMA_ready
 .text.micros_init
                0x080086a0       0x10 ./System/Src/micros.o
                0x080086a0                micros_init
 .text.micros   0x080086b0        0x8 ./System/Src/micros.o
                0x080086b0                micros
 .text.delay_micros
                0x080086b8       0x10 ./System/Src/micros.o
                0x080086b8                delay_micros
 .text.ticks_init
                0x080086c8       0x28 ./System/Src/ticks.o
                0x080086c8                ticks_init
 .text.ticks    0x080086f0        0xc ./System/Src/ticks.o
                0x080086f0                ticks
 .text.volume_init
                0x080086fc       0xf4 ./System/Src/volume.o
                0x080086fc                volume_init
 .text.volume_set
                0x080087f0       0xa0 ./System/Src/volume.o
                0x080087f0                volume_set
 .text.srand    0x08008890       0x5c C:/ST/STM32CubeIDE_1.16.1/STM32CubeIDE/plugins/com.st.stm32cube.ide.mcu.externaltools.gnu-tools-for-stm32.13.3.rel1.win32_1.0.0.202411081344/tools/bin/../lib/gcc/arm-none-eabi/13.3.1/../../../../arm-none-eabi/lib/thumb/v7e-m+fp/hard\libc_nano.a(libc_a-rand.o)
                0x08008890                srand
 .text.rand     0x080088ec       0x7c C:/ST/STM32CubeIDE_1.16.1/STM32CubeIDE/plugins/com.st.stm32cube.ide.mcu.externaltools.gnu-tools-for-stm32.13.3.rel1.win32_1.0.0.202411081344/tools/bin/../lib/gcc/arm-none-eabi/13.3.1/../../../../arm-none-eabi/lib/thumb/v7e-m+fp/hard\libc_nano.a(libc_a-rand.o)
                0x080088ec                rand
 .text.std      0x08008968       0x6c C:/ST/STM32CubeIDE_1.16.1/STM32CubeIDE/plugins/com.st.stm32cube.ide.mcu.externaltools.gnu-tools-for-stm32.13.3.rel1.win32_1.0.0.202411081344/tools/bin/../lib/gcc/arm-none-eabi/13.3.1/../../../../arm-none-eabi/lib/thumb/v7e-m+fp/hard\libc_nano.a(libc_a-findfp.o)
 .text.stdio_exit_handler
                0x080089d4       0x18 C:/ST/STM32CubeIDE_1.16.1/STM32CubeIDE/plugins/com.st.stm32cube.ide.mcu.externaltools.gnu-tools-for-stm32.13.3.rel1.win32_1.0.0.202411081344/tools/bin/../lib/gcc/arm-none-eabi/13.3.1/../../../../arm-none-eabi/lib/thumb/v7e-m+fp/hard\libc_nano.a(libc_a-findfp.o)
 .text.cleanup_stdio
                0x080089ec       0x40 C:/ST/STM32CubeIDE_1.16.1/STM32CubeIDE/plugins/com.st.stm32cube.ide.mcu.externaltools.gnu-tools-for-stm32.13.3.rel1.win32_1.0.0.202411081344/tools/bin/../lib/gcc/arm-none-eabi/13.3.1/../../../../arm-none-eabi/lib/thumb/v7e-m+fp/hard\libc_nano.a(libc_a-findfp.o)
 .text.global_stdio_init.part.0
                0x08008a2c       0x3c C:/ST/STM32CubeIDE_1.16.1/STM32CubeIDE/plugins/com.st.stm32cube.ide.mcu.externaltools.gnu-tools-for-stm32.13.3.rel1.win32_1.0.0.202411081344/tools/bin/../lib/gcc/arm-none-eabi/13.3.1/../../../../arm-none-eabi/lib/thumb/v7e-m+fp/hard\libc_nano.a(libc_a-findfp.o)
 .text.__sfp_lock_acquire
                0x08008a68        0xc C:/ST/STM32CubeIDE_1.16.1/STM32CubeIDE/plugins/com.st.stm32cube.ide.mcu.externaltools.gnu-tools-for-stm32.13.3.rel1.win32_1.0.0.202411081344/tools/bin/../lib/gcc/arm-none-eabi/13.3.1/../../../../arm-none-eabi/lib/thumb/v7e-m+fp/hard\libc_nano.a(libc_a-findfp.o)
                0x08008a68                __sfp_lock_acquire
 .text.__sfp_lock_release
                0x08008a74        0xc C:/ST/STM32CubeIDE_1.16.1/STM32CubeIDE/plugins/com.st.stm32cube.ide.mcu.externaltools.gnu-tools-for-stm32.13.3.rel1.win32_1.0.0.202411081344/tools/bin/../lib/gcc/arm-none-eabi/13.3.1/../../../../arm-none-eabi/lib/thumb/v7e-m+fp/hard\libc_nano.a(libc_a-findfp.o)
                0x08008a74                __sfp_lock_release
 .text.__sinit  0x08008a80       0x30 C:/ST/STM32CubeIDE_1.16.1/STM32CubeIDE/plugins/com.st.stm32cube.ide.mcu.externaltools.gnu-tools-for-stm32.13.3.rel1.win32_1.0.0.202411081344/tools/bin/../lib/gcc/arm-none-eabi/13.3.1/../../../../arm-none-eabi/lib/thumb/v7e-m+fp/hard\libc_nano.a(libc_a-findfp.o)
                0x08008a80                __sinit
 .text._fwalk_sglue
                0x08008ab0       0x3c C:/ST/STM32CubeIDE_1.16.1/STM32CubeIDE/plugins/com.st.stm32cube.ide.mcu.externaltools.gnu-tools-for-stm32.13.3.rel1.win32_1.0.0.202411081344/tools/bin/../lib/gcc/arm-none-eabi/13.3.1/../../../../arm-none-eabi/lib/thumb/v7e-m+fp/hard\libc_nano.a(libc_a-fwalk.o)
                0x08008ab0                _fwalk_sglue
 .text.snprintf
                0x08008aec       0x6c C:/ST/STM32CubeIDE_1.16.1/STM32CubeIDE/plugins/com.st.stm32cube.ide.mcu.externaltools.gnu-tools-for-stm32.13.3.rel1.win32_1.0.0.202411081344/tools/bin/../lib/gcc/arm-none-eabi/13.3.1/../../../../arm-none-eabi/lib/thumb/v7e-m+fp/hard\libc_nano.a(libc_a-snprintf.o)
                0x08008aec                sniprintf
                0x08008aec                snprintf
 .text.__sread  0x08008b58       0x22 C:/ST/STM32CubeIDE_1.16.1/STM32CubeIDE/plugins/com.st.stm32cube.ide.mcu.externaltools.gnu-tools-for-stm32.13.3.rel1.win32_1.0.0.202411081344/tools/bin/../lib/gcc/arm-none-eabi/13.3.1/../../../../arm-none-eabi/lib/thumb/v7e-m+fp/hard\libc_nano.a(libc_a-stdio.o)
                0x08008b58                __sread
 .text.__swrite
                0x08008b7a       0x38 C:/ST/STM32CubeIDE_1.16.1/STM32CubeIDE/plugins/com.st.stm32cube.ide.mcu.externaltools.gnu-tools-for-stm32.13.3.rel1.win32_1.0.0.202411081344/tools/bin/../lib/gcc/arm-none-eabi/13.3.1/../../../../arm-none-eabi/lib/thumb/v7e-m+fp/hard\libc_nano.a(libc_a-stdio.o)
                0x08008b7a                __swrite
 .text.__sseek  0x08008bb2       0x24 C:/ST/STM32CubeIDE_1.16.1/STM32CubeIDE/plugins/com.st.stm32cube.ide.mcu.externaltools.gnu-tools-for-stm32.13.3.rel1.win32_1.0.0.202411081344/tools/bin/../lib/gcc/arm-none-eabi/13.3.1/../../../../arm-none-eabi/lib/thumb/v7e-m+fp/hard\libc_nano.a(libc_a-stdio.o)
                0x08008bb2                __sseek
 .text.__sclose
                0x08008bd6        0x8 C:/ST/STM32CubeIDE_1.16.1/STM32CubeIDE/plugins/com.st.stm32cube.ide.mcu.externaltools.gnu-tools-for-stm32.13.3.rel1.win32_1.0.0.202411081344/tools/bin/../lib/gcc/arm-none-eabi/13.3.1/../../../../arm-none-eabi/lib/thumb/v7e-m+fp/hard\libc_nano.a(libc_a-stdio.o)
                0x08008bd6                __sclose
 .text.memcmp   0x08008bde       0x20 C:/ST/STM32CubeIDE_1.16.1/STM32CubeIDE/plugins/com.st.stm32cube.ide.mcu.externaltools.gnu-tools-for-stm32.13.3.rel1.win32_1.0.0.202411081344/tools/bin/../lib/gcc/arm-none-eabi/13.3.1/../../../../arm-none-eabi/lib/thumb/v7e-m+fp/hard\libc_nano.a(libc_a-memcmp.o)
                0x08008bde                memcmp
 .text.memset   0x08008bfe       0x10 C:/ST/STM32CubeIDE_1.16.1/STM32CubeIDE/plugins/com.st.stm32cube.ide.mcu.externaltools.gnu-tools-for-stm32.13.3.rel1.win32_1.0.0.202411081344/tools/bin/../lib/gcc/arm-none-eabi/13.3.1/../../../../arm-none-eabi/lib/thumb/v7e-m+fp/hard\libc_nano.a(libc_a-memset.o)
                0x08008bfe                memset
 *fill*         0x08008c0e        0x2 
 .text._close_r
                0x08008c10       0x20 C:/ST/STM32CubeIDE_1.16.1/STM32CubeIDE/plugins/com.st.stm32cube.ide.mcu.externaltools.gnu-tools-for-stm32.13.3.rel1.win32_1.0.0.202411081344/tools/bin/../lib/gcc/arm-none-eabi/13.3.1/../../../../arm-none-eabi/lib/thumb/v7e-m+fp/hard\libc_nano.a(libc_a-closer.o)
                0x08008c10                _close_r
 .text._lseek_r
                0x08008c30       0x24 C:/ST/STM32CubeIDE_1.16.1/STM32CubeIDE/plugins/com.st.stm32cube.ide.mcu.externaltools.gnu-tools-for-stm32.13.3.rel1.win32_1.0.0.202411081344/tools/bin/../lib/gcc/arm-none-eabi/13.3.1/../../../../arm-none-eabi/lib/thumb/v7e-m+fp/hard\libc_nano.a(libc_a-lseekr.o)
                0x08008c30                _lseek_r
 .text._read_r  0x08008c54       0x24 C:/ST/STM32CubeIDE_1.16.1/STM32CubeIDE/plugins/com.st.stm32cube.ide.mcu.externaltools.gnu-tools-for-stm32.13.3.rel1.win32_1.0.0.202411081344/tools/bin/../lib/gcc/arm-none-eabi/13.3.1/../../../../arm-none-eabi/lib/thumb/v7e-m+fp/hard\libc_nano.a(libc_a-readr.o)
                0x08008c54                _read_r
 .text._write_r
                0x08008c78       0x24 C:/ST/STM32CubeIDE_1.16.1/STM32CubeIDE/plugins/com.st.stm32cube.ide.mcu.externaltools.gnu-tools-for-stm32.13.3.rel1.win32_1.0.0.202411081344/tools/bin/../lib/gcc/arm-none-eabi/13.3.1/../../../../arm-none-eabi/lib/thumb/v7e-m+fp/hard\libc_nano.a(libc_a-writer.o)
                0x08008c78                _write_r
 .text.__errno  0x08008c9c        0xc C:/ST/STM32CubeIDE_1.16.1/STM32CubeIDE/plugins/com.st.stm32cube.ide.mcu.externaltools.gnu-tools-for-stm32.13.3.rel1.win32_1.0.0.202411081344/tools/bin/../lib/gcc/arm-none-eabi/13.3.1/../../../../arm-none-eabi/lib/thumb/v7e-m+fp/hard\libc_nano.a(libc_a-errno.o)
                0x08008c9c                __errno
 .text.__libc_init_array
                0x08008ca8       0x48 C:/ST/STM32CubeIDE_1.16.1/STM32CubeIDE/plugins/com.st.stm32cube.ide.mcu.externaltools.gnu-tools-for-stm32.13.3.rel1.win32_1.0.0.202411081344/tools/bin/../lib/gcc/arm-none-eabi/13.3.1/../../../../arm-none-eabi/lib/thumb/v7e-m+fp/hard\libc_nano.a(libc_a-init.o)
                0x08008ca8                __libc_init_array
 .text.__retarget_lock_init_recursive
                0x08008cf0        0x2 C:/ST/STM32CubeIDE_1.16.1/STM32CubeIDE/plugins/com.st.stm32cube.ide.mcu.externaltools.gnu-tools-for-stm32.13.3.rel1.win32_1.0.0.202411081344/tools/bin/../lib/gcc/arm-none-eabi/13.3.1/../../../../arm-none-eabi/lib/thumb/v7e-m+fp/hard\libc_nano.a(libc_a-lock.o)
                0x08008cf0                __retarget_lock_init_recursive
 .text.__retarget_lock_acquire_recursive
                0x08008cf2        0x2 C:/ST/STM32CubeIDE_1.16.1/STM32CubeIDE/plugins/com.st.stm32cube.ide.mcu.externaltools.gnu-tools-for-stm32.13.3.rel1.win32_1.0.0.202411081344/tools/bin/../lib/gcc/arm-none-eabi/13.3.1/../../../../arm-none-eabi/lib/thumb/v7e-m+fp/hard\libc_nano.a(libc_a-lock.o)
                0x08008cf2                __retarget_lock_acquire_recursive
 .text.__retarget_lock_release_recursive
                0x08008cf4        0x2 C:/ST/STM32CubeIDE_1.16.1/STM32CubeIDE/plugins/com.st.stm32cube.ide.mcu.externaltools.gnu-tools-for-stm32.13.3.rel1.win32_1.0.0.202411081344/tools/bin/../lib/gcc/arm-none-eabi/13.3.1/../../../../arm-none-eabi/lib/thumb/v7e-m+fp/hard\libc_nano.a(libc_a-lock.o)
                0x08008cf4                __retarget_lock_release_recursive
 .text.memcpy   0x08008cf6       0x1c C:/ST/STM32CubeIDE_1.16.1/STM32CubeIDE/plugins/com.st.stm32cube.ide.mcu.externaltools.gnu-tools-for-stm32.13.3.rel1.win32_1.0.0.202411081344/tools/bin/../lib/gcc/arm-none-eabi/13.3.1/../../../../arm-none-eabi/lib/thumb/v7e-m+fp/hard\libc_nano.a(libc_a-memcpy-stub.o)
                0x08008cf6                memcpy
 *fill*         0x08008d12        0x2 
 .text.__assert_func
                0x08008d14       0x3c C:/ST/STM32CubeIDE_1.16.1/STM32CubeIDE/plugins/com.st.stm32cube.ide.mcu.externaltools.gnu-tools-for-stm32.13.3.rel1.win32_1.0.0.202411081344/tools/bin/../lib/gcc/arm-none-eabi/13.3.1/../../../../arm-none-eabi/lib/thumb/v7e-m+fp/hard\libc_nano.a(libc_a-assert.o)
                0x08008d14                __assert_func
 .text._free_r  0x08008d50       0x94 C:/ST/STM32CubeIDE_1.16.1/STM32CubeIDE/plugins/com.st.stm32cube.ide.mcu.externaltools.gnu-tools-for-stm32.13.3.rel1.win32_1.0.0.202411081344/tools/bin/../lib/gcc/arm-none-eabi/13.3.1/../../../../arm-none-eabi/lib/thumb/v7e-m+fp/hard\libc_nano.a(libc_a-freer.o)
                0x08008d50                _free_r
 .text.malloc   0x08008de4       0x10 C:/ST/STM32CubeIDE_1.16.1/STM32CubeIDE/plugins/com.st.stm32cube.ide.mcu.externaltools.gnu-tools-for-stm32.13.3.rel1.win32_1.0.0.202411081344/tools/bin/../lib/gcc/arm-none-eabi/13.3.1/../../../../arm-none-eabi/lib/thumb/v7e-m+fp/hard\libc_nano.a(libc_a-malloc.o)
                0x08008de4                malloc
 .text.sbrk_aligned
                0x08008df4       0x44 C:/ST/STM32CubeIDE_1.16.1/STM32CubeIDE/plugins/com.st.stm32cube.ide.mcu.externaltools.gnu-tools-for-stm32.13.3.rel1.win32_1.0.0.202411081344/tools/bin/../lib/gcc/arm-none-eabi/13.3.1/../../../../arm-none-eabi/lib/thumb/v7e-m+fp/hard\libc_nano.a(libc_a-mallocr.o)
 .text._malloc_r
                0x08008e38      0x100 C:/ST/STM32CubeIDE_1.16.1/STM32CubeIDE/plugins/com.st.stm32cube.ide.mcu.externaltools.gnu-tools-for-stm32.13.3.rel1.win32_1.0.0.202411081344/tools/bin/../lib/gcc/arm-none-eabi/13.3.1/../../../../arm-none-eabi/lib/thumb/v7e-m+fp/hard\libc_nano.a(libc_a-mallocr.o)
                0x08008e38                _malloc_r
 .text.__malloc_lock
                0x08008f38        0xc C:/ST/STM32CubeIDE_1.16.1/STM32CubeIDE/plugins/com.st.stm32cube.ide.mcu.externaltools.gnu-tools-for-stm32.13.3.rel1.win32_1.0.0.202411081344/tools/bin/../lib/gcc/arm-none-eabi/13.3.1/../../../../arm-none-eabi/lib/thumb/v7e-m+fp/hard\libc_nano.a(libc_a-mlock.o)
                0x08008f38                __malloc_lock
 .text.__malloc_unlock
                0x08008f44        0xc C:/ST/STM32CubeIDE_1.16.1/STM32CubeIDE/plugins/com.st.stm32cube.ide.mcu.externaltools.gnu-tools-for-stm32.13.3.rel1.win32_1.0.0.202411081344/tools/bin/../lib/gcc/arm-none-eabi/13.3.1/../../../../arm-none-eabi/lib/thumb/v7e-m+fp/hard\libc_nano.a(libc_a-mlock.o)
                0x08008f44                __malloc_unlock
 .text.__ssputs_r
                0x08008f50       0xb6 C:/ST/STM32CubeIDE_1.16.1/STM32CubeIDE/plugins/com.st.stm32cube.ide.mcu.externaltools.gnu-tools-for-stm32.13.3.rel1.win32_1.0.0.202411081344/tools/bin/../lib/gcc/arm-none-eabi/13.3.1/../../../../arm-none-eabi/lib/thumb/v7e-m+fp/hard\libc_nano.a(libc_a-nano-svfprintf.o)
                0x08008f50                __ssputs_r
 *fill*         0x08009006        0x2 
 .text._svfprintf_r
                0x08009008      0x1f8 C:/ST/STM32CubeIDE_1.16.1/STM32CubeIDE/plugins/com.st.stm32cube.ide.mcu.externaltools.gnu-tools-for-stm32.13.3.rel1.win32_1.0.0.202411081344/tools/bin/../lib/gcc/arm-none-eabi/13.3.1/../../../../arm-none-eabi/lib/thumb/v7e-m+fp/hard\libc_nano.a(libc_a-nano-svfprintf.o)
                0x08009008                _svfiprintf_r
                0x08009008                _svfprintf_r
 .text._printf_common
                0x08009200       0xda C:/ST/STM32CubeIDE_1.16.1/STM32CubeIDE/plugins/com.st.stm32cube.ide.mcu.externaltools.gnu-tools-for-stm32.13.3.rel1.win32_1.0.0.202411081344/tools/bin/../lib/gcc/arm-none-eabi/13.3.1/../../../../arm-none-eabi/lib/thumb/v7e-m+fp/hard\libc_nano.a(libc_a-nano-vfprintf_i.o)
                0x08009200                _printf_common
 *fill*         0x080092da        0x2 
 .text._printf_i
                0x080092dc      0x23c C:/ST/STM32CubeIDE_1.16.1/STM32CubeIDE/plugins/com.st.stm32cube.ide.mcu.externaltools.gnu-tools-for-stm32.13.3.rel1.win32_1.0.0.202411081344/tools/bin/../lib/gcc/arm-none-eabi/13.3.1/../../../../arm-none-eabi/lib/thumb/v7e-m+fp/hard\libc_nano.a(libc_a-nano-vfprintf_i.o)
                0x080092dc                _printf_i
 .text.__sflush_r
                0x08009518      0x108 C:/ST/STM32CubeIDE_1.16.1/STM32CubeIDE/plugins/com.st.stm32cube.ide.mcu.externaltools.gnu-tools-for-stm32.13.3.rel1.win32_1.0.0.202411081344/tools/bin/../lib/gcc/arm-none-eabi/13.3.1/../../../../arm-none-eabi/lib/thumb/v7e-m+fp/hard\libc_nano.a(libc_a-fflush.o)
                0x08009518                __sflush_r
 .text._fflush_r
                0x08009620       0x50 C:/ST/STM32CubeIDE_1.16.1/STM32CubeIDE/plugins/com.st.stm32cube.ide.mcu.externaltools.gnu-tools-for-stm32.13.3.rel1.win32_1.0.0.202411081344/tools/bin/../lib/gcc/arm-none-eabi/13.3.1/../../../../arm-none-eabi/lib/thumb/v7e-m+fp/hard\libc_nano.a(libc_a-fflush.o)
                0x08009620                _fflush_r
 .text.fprintf  0x08009670       0x24 C:/ST/STM32CubeIDE_1.16.1/STM32CubeIDE/plugins/com.st.stm32cube.ide.mcu.externaltools.gnu-tools-for-stm32.13.3.rel1.win32_1.0.0.202411081344/tools/bin/../lib/gcc/arm-none-eabi/13.3.1/../../../../arm-none-eabi/lib/thumb/v7e-m+fp/hard\libc_nano.a(libc_a-fprintf.o)
                0x08009670                fiprintf
                0x08009670                fprintf
 .text.memmove  0x08009694       0x34 C:/ST/STM32CubeIDE_1.16.1/STM32CubeIDE/plugins/com.st.stm32cube.ide.mcu.externaltools.gnu-tools-for-stm32.13.3.rel1.win32_1.0.0.202411081344/tools/bin/../lib/gcc/arm-none-eabi/13.3.1/../../../../arm-none-eabi/lib/thumb/v7e-m+fp/hard\libc_nano.a(libc_a-memmove.o)
                0x08009694                memmove
 .text._sbrk_r  0x080096c8       0x20 C:/ST/STM32CubeIDE_1.16.1/STM32CubeIDE/plugins/com.st.stm32cube.ide.mcu.externaltools.gnu-tools-for-stm32.13.3.rel1.win32_1.0.0.202411081344/tools/bin/../lib/gcc/arm-none-eabi/13.3.1/../../../../arm-none-eabi/lib/thumb/v7e-m+fp/hard\libc_nano.a(libc_a-sbrkr.o)
                0x080096c8                _sbrk_r
 .text.abort    0x080096e8        0xe C:/ST/STM32CubeIDE_1.16.1/STM32CubeIDE/plugins/com.st.stm32cube.ide.mcu.externaltools.gnu-tools-for-stm32.13.3.rel1.win32_1.0.0.202411081344/tools/bin/../lib/gcc/arm-none-eabi/13.3.1/../../../../arm-none-eabi/lib/thumb/v7e-m+fp/hard\libc_nano.a(libc_a-abort.o)
                0x080096e8                abort
 .text._realloc_r
                0x080096f6       0x5c C:/ST/STM32CubeIDE_1.16.1/STM32CubeIDE/plugins/com.st.stm32cube.ide.mcu.externaltools.gnu-tools-for-stm32.13.3.rel1.win32_1.0.0.202411081344/tools/bin/../lib/gcc/arm-none-eabi/13.3.1/../../../../arm-none-eabi/lib/thumb/v7e-m+fp/hard\libc_nano.a(libc_a-reallocr.o)
                0x080096f6                _realloc_r
 .text.__sfputc_r
                0x08009752       0x2e C:/ST/STM32CubeIDE_1.16.1/STM32CubeIDE/plugins/com.st.stm32cube.ide.mcu.externaltools.gnu-tools-for-stm32.13.3.rel1.win32_1.0.0.202411081344/tools/bin/../lib/gcc/arm-none-eabi/13.3.1/../../../../arm-none-eabi/lib/thumb/v7e-m+fp/hard\libc_nano.a(libc_a-nano-vfprintf.o)
 .text.__sfputs_r
                0x08009780       0x24 C:/ST/STM32CubeIDE_1.16.1/STM32CubeIDE/plugins/com.st.stm32cube.ide.mcu.externaltools.gnu-tools-for-stm32.13.3.rel1.win32_1.0.0.202411081344/tools/bin/../lib/gcc/arm-none-eabi/13.3.1/../../../../arm-none-eabi/lib/thumb/v7e-m+fp/hard\libc_nano.a(libc_a-nano-vfprintf.o)
                0x08009780                __sfputs_r
 .text._vfprintf_r
                0x080097a4      0x230 C:/ST/STM32CubeIDE_1.16.1/STM32CubeIDE/plugins/com.st.stm32cube.ide.mcu.externaltools.gnu-tools-for-stm32.13.3.rel1.win32_1.0.0.202411081344/tools/bin/../lib/gcc/arm-none-eabi/13.3.1/../../../../arm-none-eabi/lib/thumb/v7e-m+fp/hard\libc_nano.a(libc_a-nano-vfprintf.o)
                0x080097a4                _vfprintf_r
                0x080097a4                _vfiprintf_r
 .text.__swbuf_r
                0x080099d4       0x7c C:/ST/STM32CubeIDE_1.16.1/STM32CubeIDE/plugins/com.st.stm32cube.ide.mcu.externaltools.gnu-tools-for-stm32.13.3.rel1.win32_1.0.0.202411081344/tools/bin/../lib/gcc/arm-none-eabi/13.3.1/../../../../arm-none-eabi/lib/thumb/v7e-m+fp/hard\libc_nano.a(libc_a-wbuf.o)
                0x080099d4                __swbuf_r
 .text.__swsetup_r
                0x08009a50       0xac C:/ST/STM32CubeIDE_1.16.1/STM32CubeIDE/plugins/com.st.stm32cube.ide.mcu.externaltools.gnu-tools-for-stm32.13.3.rel1.win32_1.0.0.202411081344/tools/bin/../lib/gcc/arm-none-eabi/13.3.1/../../../../arm-none-eabi/lib/thumb/v7e-m+fp/hard\libc_nano.a(libc_a-wsetup.o)
                0x08009a50                __swsetup_r
 .text._raise_r
                0x08009afc       0x50 C:/ST/STM32CubeIDE_1.16.1/STM32CubeIDE/plugins/com.st.stm32cube.ide.mcu.externaltools.gnu-tools-for-stm32.13.3.rel1.win32_1.0.0.202411081344/tools/bin/../lib/gcc/arm-none-eabi/13.3.1/../../../../arm-none-eabi/lib/thumb/v7e-m+fp/hard\libc_nano.a(libc_a-signal.o)
                0x08009afc                _raise_r
 .text.raise    0x08009b4c       0x10 C:/ST/STM32CubeIDE_1.16.1/STM32CubeIDE/plugins/com.st.stm32cube.ide.mcu.externaltools.gnu-tools-for-stm32.13.3.rel1.win32_1.0.0.202411081344/tools/bin/../lib/gcc/arm-none-eabi/13.3.1/../../../../arm-none-eabi/lib/thumb/v7e-m+fp/hard\libc_nano.a(libc_a-signal.o)
                0x08009b4c                raise
 .text._kill_r  0x08009b5c       0x24 C:/ST/STM32CubeIDE_1.16.1/STM32CubeIDE/plugins/com.st.stm32cube.ide.mcu.externaltools.gnu-tools-for-stm32.13.3.rel1.win32_1.0.0.202411081344/tools/bin/../lib/gcc/arm-none-eabi/13.3.1/../../../../arm-none-eabi/lib/thumb/v7e-m+fp/hard\libc_nano.a(libc_a-signalr.o)
                0x08009b5c                _kill_r
 .text._getpid_r
                0x08009b80        0x4 C:/ST/STM32CubeIDE_1.16.1/STM32CubeIDE/plugins/com.st.stm32cube.ide.mcu.externaltools.gnu-tools-for-stm32.13.3.rel1.win32_1.0.0.202411081344/tools/bin/../lib/gcc/arm-none-eabi/13.3.1/../../../../arm-none-eabi/lib/thumb/v7e-m+fp/hard\libc_nano.a(libc_a-signalr.o)
                0x08009b80                _getpid_r
 .text._malloc_usable_size_r
                0x08009b84       0x10 C:/ST/STM32CubeIDE_1.16.1/STM32CubeIDE/plugins/com.st.stm32cube.ide.mcu.externaltools.gnu-tools-for-stm32.13.3.rel1.win32_1.0.0.202411081344/tools/bin/../lib/gcc/arm-none-eabi/13.3.1/../../../../arm-none-eabi/lib/thumb/v7e-m+fp/hard\libc_nano.a(libc_a-msizer.o)
                0x08009b84                _malloc_usable_size_r
 .text.__swhatbuf_r
                0x08009b94       0x4c C:/ST/STM32CubeIDE_1.16.1/STM32CubeIDE/plugins/com.st.stm32cube.ide.mcu.externaltools.gnu-tools-for-stm32.13.3.rel1.win32_1.0.0.202411081344/tools/bin/../lib/gcc/arm-none-eabi/13.3.1/../../../../arm-none-eabi/lib/thumb/v7e-m+fp/hard\libc_nano.a(libc_a-makebuf.o)
                0x08009b94                __swhatbuf_r
 .text.__smakebuf_r
                0x08009be0       0x78 C:/ST/STM32CubeIDE_1.16.1/STM32CubeIDE/plugins/com.st.stm32cube.ide.mcu.externaltools.gnu-tools-for-stm32.13.3.rel1.win32_1.0.0.202411081344/tools/bin/../lib/gcc/arm-none-eabi/13.3.1/../../../../arm-none-eabi/lib/thumb/v7e-m+fp/hard\libc_nano.a(libc_a-makebuf.o)
                0x08009be0                __smakebuf_r
 .text._fstat_r
                0x08009c58       0x24 C:/ST/STM32CubeIDE_1.16.1/STM32CubeIDE/plugins/com.st.stm32cube.ide.mcu.externaltools.gnu-tools-for-stm32.13.3.rel1.win32_1.0.0.202411081344/tools/bin/../lib/gcc/arm-none-eabi/13.3.1/../../../../arm-none-eabi/lib/thumb/v7e-m+fp/hard\libc_nano.a(libc_a-fstatr.o)
                0x08009c58                _fstat_r
 .text._isatty_r
                0x08009c7c       0x20 C:/ST/STM32CubeIDE_1.16.1/STM32CubeIDE/plugins/com.st.stm32cube.ide.mcu.externaltools.gnu-tools-for-stm32.13.3.rel1.win32_1.0.0.202411081344/tools/bin/../lib/gcc/arm-none-eabi/13.3.1/../../../../arm-none-eabi/lib/thumb/v7e-m+fp/hard\libc_nano.a(libc_a-isattyr.o)
                0x08009c7c                _isatty_r
 .text.sinf     0x08009c9c       0x8c C:/ST/STM32CubeIDE_1.16.1/STM32CubeIDE/plugins/com.st.stm32cube.ide.mcu.externaltools.gnu-tools-for-stm32.13.3.rel1.win32_1.0.0.202411081344/tools/bin/../lib/gcc/arm-none-eabi/13.3.1/../../../../arm-none-eabi/lib/thumb/v7e-m+fp/hard\libm.a(libm_a-sf_sin.o)
                0x08009c9c                sinf
 .text.round    0x08009d28       0x8c C:/ST/STM32CubeIDE_1.16.1/STM32CubeIDE/plugins/com.st.stm32cube.ide.mcu.externaltools.gnu-tools-for-stm32.13.3.rel1.win32_1.0.0.202411081344/tools/bin/../lib/gcc/arm-none-eabi/13.3.1/../../../../arm-none-eabi/lib/thumb/v7e-m+fp/hard\libm.a(libm_a-s_round.o)
                0x08009d28                round
 .text.roundf   0x08009db4       0x48 C:/ST/STM32CubeIDE_1.16.1/STM32CubeIDE/plugins/com.st.stm32cube.ide.mcu.externaltools.gnu-tools-for-stm32.13.3.rel1.win32_1.0.0.202411081344/tools/bin/../lib/gcc/arm-none-eabi/13.3.1/../../../../arm-none-eabi/lib/thumb/v7e-m+fp/hard\libm.a(libm_a-sf_round.o)
                0x08009db4                roundf
 .text.__kernel_cosf
                0x08009dfc       0xb0 C:/ST/STM32CubeIDE_1.16.1/STM32CubeIDE/plugins/com.st.stm32cube.ide.mcu.externaltools.gnu-tools-for-stm32.13.3.rel1.win32_1.0.0.202411081344/tools/bin/../lib/gcc/arm-none-eabi/13.3.1/../../../../arm-none-eabi/lib/thumb/v7e-m+fp/hard\libm.a(libm_a-kf_cos.o)
                0x08009dfc                __kernel_cosf
 .text.__kernel_sinf
                0x08009eac       0x90 C:/ST/STM32CubeIDE_1.16.1/STM32CubeIDE/plugins/com.st.stm32cube.ide.mcu.externaltools.gnu-tools-for-stm32.13.3.rel1.win32_1.0.0.202411081344/tools/bin/../lib/gcc/arm-none-eabi/13.3.1/../../../../arm-none-eabi/lib/thumb/v7e-m+fp/hard\libm.a(libm_a-kf_sin.o)
                0x08009eac                __kernel_sinf
 .text.__ieee754_rem_pio2f
                0x08009f3c      0x260 C:/ST/STM32CubeIDE_1.16.1/STM32CubeIDE/plugins/com.st.stm32cube.ide.mcu.externaltools.gnu-tools-for-stm32.13.3.rel1.win32_1.0.0.202411081344/tools/bin/../lib/gcc/arm-none-eabi/13.3.1/../../../../arm-none-eabi/lib/thumb/v7e-m+fp/hard\libm.a(libm_a-ef_rem_pio2.o)
                0x08009f3c                __ieee754_rem_pio2f
 .text.fabsf    0x0800a19c        0xe C:/ST/STM32CubeIDE_1.16.1/STM32CubeIDE/plugins/com.st.stm32cube.ide.mcu.externaltools.gnu-tools-for-stm32.13.3.rel1.win32_1.0.0.202411081344/tools/bin/../lib/gcc/arm-none-eabi/13.3.1/../../../../arm-none-eabi/lib/thumb/v7e-m+fp/hard\libm.a(libm_a-sf_fabs.o)
                0x0800a19c                fabsf
 *fill*         0x0800a1aa        0x2 
 .text.__kernel_rem_pio2f
                0x0800a1ac      0x4d0 C:/ST/STM32CubeIDE_1.16.1/STM32CubeIDE/plugins/com.st.stm32cube.ide.mcu.externaltools.gnu-tools-for-stm32.13.3.rel1.win32_1.0.0.202411081344/tools/bin/../lib/gcc/arm-none-eabi/13.3.1/../../../../arm-none-eabi/lib/thumb/v7e-m+fp/hard\libm.a(libm_a-kf_rem_pio2.o)
                0x0800a1ac                __kernel_rem_pio2f
 .text.scalbnf  0x0800a67c       0xcc C:/ST/STM32CubeIDE_1.16.1/STM32CubeIDE/plugins/com.st.stm32cube.ide.mcu.externaltools.gnu-tools-for-stm32.13.3.rel1.win32_1.0.0.202411081344/tools/bin/../lib/gcc/arm-none-eabi/13.3.1/../../../../arm-none-eabi/lib/thumb/v7e-m+fp/hard\libm.a(libm_a-sf_scalbn.o)
                0x0800a67c                scalbnf
 .text.floorf   0x0800a748       0x88 C:/ST/STM32CubeIDE_1.16.1/STM32CubeIDE/plugins/com.st.stm32cube.ide.mcu.externaltools.gnu-tools-for-stm32.13.3.rel1.win32_1.0.0.202411081344/tools/bin/../lib/gcc/arm-none-eabi/13.3.1/../../../../arm-none-eabi/lib/thumb/v7e-m+fp/hard\libm.a(libm_a-sf_floor.o)
                0x0800a748                floorf
 *(.glue_7)
 .glue_7        0x0800a7d0        0x0 linker stubs
 *(.glue_7t)
 .glue_7t       0x0800a7d0        0x0 linker stubs
 *(.eh_frame)
 .eh_frame      0x0800a7d0        0x0 C:/ST/STM32CubeIDE_1.16.1/STM32CubeIDE/plugins/com.st.stm32cube.ide.mcu.externaltools.gnu-tools-for-stm32.13.3.rel1.win32_1.0.0.202411081344/tools/bin/../lib/gcc/arm-none-eabi/13.3.1/thumb/v7e-m+fp/hard/crtbegin.o
 *(.init)
 .init          0x0800a7d0        0x4 C:/ST/STM32CubeIDE_1.16.1/STM32CubeIDE/plugins/com.st.stm32cube.ide.mcu.externaltools.gnu-tools-for-stm32.13.3.rel1.win32_1.0.0.202411081344/tools/bin/../lib/gcc/arm-none-eabi/13.3.1/thumb/v7e-m+fp/hard/crti.o
                0x0800a7d0                _init
 .init          0x0800a7d4        0x8 C:/ST/STM32CubeIDE_1.16.1/STM32CubeIDE/plugins/com.st.stm32cube.ide.mcu.externaltools.gnu-tools-for-stm32.13.3.rel1.win32_1.0.0.202411081344/tools/bin/../lib/gcc/arm-none-eabi/13.3.1/thumb/v7e-m+fp/hard/crtn.o
 *(.fini)
 .fini          0x0800a7dc        0x4 C:/ST/STM32CubeIDE_1.16.1/STM32CubeIDE/plugins/com.st.stm32cube.ide.mcu.externaltools.gnu-tools-for-stm32.13.3.rel1.win32_1.0.0.202411081344/tools/bin/../lib/gcc/arm-none-eabi/13.3.1/thumb/v7e-m+fp/hard/crti.o
                0x0800a7dc                _fini
 .fini          0x0800a7e0        0x8 C:/ST/STM32CubeIDE_1.16.1/STM32CubeIDE/plugins/com.st.stm32cube.ide.mcu.externaltools.gnu-tools-for-stm32.13.3.rel1.win32_1.0.0.202411081344/tools/bin/../lib/gcc/arm-none-eabi/13.3.1/thumb/v7e-m+fp/hard/crtn.o
                0x0800a7e8                        . = ALIGN (0x4)
                0x0800a7e8                        _etext = .

.vfp11_veneer   0x0800a7e8        0x0
 .vfp11_veneer  0x0800a7e8        0x0 linker stubs

.v4_bx          0x0800a7e8        0x0
 .v4_bx         0x0800a7e8        0x0 linker stubs

.iplt           0x0800a7e8        0x0
 .iplt          0x0800a7e8        0x0 C:/ST/STM32CubeIDE_1.16.1/STM32CubeIDE/plugins/com.st.stm32cube.ide.mcu.externaltools.gnu-tools-for-stm32.13.3.rel1.win32_1.0.0.202411081344/tools/bin/../lib/gcc/arm-none-eabi/13.3.1/thumb/v7e-m+fp/hard/crtbegin.o

.rodata         0x0800a7e8    0x155dc
                0x0800a7e8                        . = ALIGN (0x4)
 *(.rodata)
 *(.rodata*)
 .rodata.HEX_DIGIT
                0x0800a7e8       0x10 ./Application/Src/basic_utils.o
                0x0800a7e8                HEX_DIGIT
 .rodata.str1.4
                0x0800a7f8      0x4fd ./Application/Src/data_commands.o
                                0x134 (size before relaxing)
 *fill*         0x0800acf5        0x3 
 .rodata.COMMAND_METADATA
                0x0800acf8       0x48 ./Application/Src/data_commands.o
                0x0800acf8                COMMAND_METADATA
 .rodata.NOTE_METADATA
                0x0800ad40      0x800 ./Application/Src/data_notes.o
                0x0800ad40                NOTE_METADATA
 .rodata.sd_create_default_project.str1.4
                0x0800b540       0xb0 ./Application/Src/file_manager.o
 .rodata.sd_create_default_config.str1.4
                0x0800b540       0x2a ./Application/Src/file_manager.o
 .rodata.sd_load_config_backup.str1.4
                0x0800b540       0xa6 ./Application/Src/file_manager.o
 .rodata.sd_load_config.str1.4
                0x0800b540       0x18 ./Application/Src/file_manager.o
 .rodata.sd_load_project_backup.str1.4
                0x0800b540       0x2b ./Application/Src/file_manager.o
 .rodata.sd_load_project.str1.4
                0x0800b540       0x19 ./Application/Src/file_manager.o
 .rodata.fmanager_init.str1.4
                0x0800b540       0x63 ./Application/Src/file_manager.o
 .rodata.fmanager_save_config.str1.4
                0x0800b540        0xe ./Application/Src/file_manager.o
 .rodata.fmanager_save_project.str1.4
                0x0800b540        0xf ./Application/Src/file_manager.o
 .rodata.REGION_FMANAGER
                0x0800b540       0x10 ./Application/Src/file_manager.o
 .rodata.logic_state_table
                0x0800b550       0x1c ./Application/Src/logic.o
 .rodata.chain_init.str1.4
                0x0800b56c        0x6 ./Application/Src/logic_chain.o
 .rodata.instrument_init.str1.4
                0x0800b56c        0xb ./Application/Src/logic_instrument.o
 .rodata.CSWTCH.26
                0x0800b56c        0x4 ./Application/Src/logic_instrument.o
 .rodata.CONFIGS_BASIC_WAVE
                0x0800b570       0x10 ./Application/Src/logic_instrument.o
                0x0800b570                CONFIGS_BASIC_WAVE
 .rodata.str1.4
                0x0800b580       0x5f ./Application/Src/logic_instrument.o
 .rodata.__compound_literal.3
                0x0800b580       0x90 ./Application/Src/logic_instrument.o
 .rodata.CONFIGS_COMMON
                0x0800b610       0x10 ./Application/Src/logic_instrument.o
                0x0800b610                CONFIGS_COMMON
 .rodata.__compound_literal.1
                0x0800b620       0x90 ./Application/Src/logic_instrument.o
 .rodata.phrase_init.str1.4
                0x0800b6b0        0x7 ./Application/Src/logic_phrase.o
 .rodata.project_init.str1.4
                0x0800b6b0        0x8 ./Application/Src/logic_project.o
 .rodata.CSWTCH.17
                0x0800b6b0        0x4 ./Application/Src/logic_project.o
 .rodata.str1.4
                0x0800b6b4       0x5e ./Application/Src/logic_project.o
 .rodata.CONFIGS_PREFERENCES
                0x0800b6b4       0x10 ./Application/Src/logic_project.o
                0x0800b6b4                CONFIGS_PREFERENCES
 *fill*         0x0800b6c4        0x4 
 .rodata.__compound_literal.1
                0x0800b6c8       0xd8 ./Application/Src/logic_project.o
 .rodata.CONFIGS_PROJECT_SETTINGS
                0x0800b7a0       0x10 ./Application/Src/logic_project.o
                0x0800b7a0                CONFIGS_PROJECT_SETTINGS
 .rodata.__compound_literal.0
                0x0800b7b0       0x48 ./Application/Src/logic_project.o
 .rodata.TITLE.15
                0x0800b7f8        0x4 ./Application/Src/logic_song.o
 .rodata.REGION_INSTRUMENT_EDITOR_TYPE_CONFIG
                0x0800b7fc       0x10 ./Application/Src/region.o
                0x0800b7fc                REGION_INSTRUMENT_EDITOR_TYPE_CONFIG
 .rodata.REGION_INSTRUMENT_EDITOR_COMMON_CONFIG
                0x0800b80c       0x10 ./Application/Src/region.o
                0x0800b80c                REGION_INSTRUMENT_EDITOR_COMMON_CONFIG
 .rodata.REGION_INSTRUMENT_TITLE
                0x0800b81c       0x10 ./Application/Src/region.o
                0x0800b81c                REGION_INSTRUMENT_TITLE
 .rodata.REGION_PHRASE_EDITOR_COMMAND_DESCRIPTION
                0x0800b82c       0x10 ./Application/Src/region.o
                0x0800b82c                REGION_PHRASE_EDITOR_COMMAND_DESCRIPTION
 .rodata.REGION_PHRASE_EDITOR_PHRASE
                0x0800b83c       0x10 ./Application/Src/region.o
                0x0800b83c                REGION_PHRASE_EDITOR_PHRASE
 .rodata.REGION_PHRASE_TITLE
                0x0800b84c       0x10 ./Application/Src/region.o
                0x0800b84c                REGION_PHRASE_TITLE
 .rodata.REGION_CHAIN_EDITOR_PHRASE_PREVIEW
                0x0800b85c       0x10 ./Application/Src/region.o
                0x0800b85c                REGION_CHAIN_EDITOR_PHRASE_PREVIEW
 .rodata.REGION_CHAIN_EDITOR_CHAIN
                0x0800b86c       0x10 ./Application/Src/region.o
                0x0800b86c                REGION_CHAIN_EDITOR_CHAIN
 .rodata.REGION_CHAIN_TITLE
                0x0800b87c       0x10 ./Application/Src/region.o
                0x0800b87c                REGION_CHAIN_TITLE
 .rodata.REGION_SONG_EDITOR_SONG
                0x0800b88c       0x10 ./Application/Src/region.o
                0x0800b88c                REGION_SONG_EDITOR_SONG
 .rodata.REGION_SONG_TITLE
                0x0800b89c       0x10 ./Application/Src/region.o
                0x0800b89c                REGION_SONG_TITLE
 .rodata.REGION_PROJECT_EDITOR_PREFERENCES
                0x0800b8ac       0x10 ./Application/Src/region.o
                0x0800b8ac                REGION_PROJECT_EDITOR_PREFERENCES
 .rodata.REGION_PROJECT_EDITOR_PROJECT_SETTINGS
                0x0800b8bc       0x10 ./Application/Src/region.o
                0x0800b8bc                REGION_PROJECT_EDITOR_PROJECT_SETTINGS
 .rodata.REGION_PROJECT_TITLE
                0x0800b8cc       0x10 ./Application/Src/region.o
                0x0800b8cc                REGION_PROJECT_TITLE
 .rodata.data_to_string.str1.4
                0x0800b8dc       0x81 ./Application/Src/void_utils.o
 .rodata.button_pin
                0x0800b8dc       0x10 ./System/Src/button.o
 .rodata.button_state_table
                0x0800b8ec       0x28 ./System/Src/button.o
 .rodata.TILESET
                0x0800b914    0x14000 ./System/Src/lcd_tileset.o
                0x0800b914                TILESET
 .rodata.srand.str1.1
                0x0801f914       0xde C:/ST/STM32CubeIDE_1.16.1/STM32CubeIDE/plugins/com.st.stm32cube.ide.mcu.externaltools.gnu-tools-for-stm32.13.3.rel1.win32_1.0.0.202411081344/tools/bin/../lib/gcc/arm-none-eabi/13.3.1/../../../../arm-none-eabi/lib/thumb/v7e-m+fp/hard\libc_nano.a(libc_a-rand.o)
                                 0x6f (size before relaxing)
 .rodata.__assert_func.str1.1
                0x0801f9f2       0x3d C:/ST/STM32CubeIDE_1.16.1/STM32CubeIDE/plugins/com.st.stm32cube.ide.mcu.externaltools.gnu-tools-for-stm32.13.3.rel1.win32_1.0.0.202411081344/tools/bin/../lib/gcc/arm-none-eabi/13.3.1/../../../../arm-none-eabi/lib/thumb/v7e-m+fp/hard\libc_nano.a(libc_a-assert.o)
 .rodata._svfprintf_r.str1.1
                0x0801f9f2       0x11 C:/ST/STM32CubeIDE_1.16.1/STM32CubeIDE/plugins/com.st.stm32cube.ide.mcu.externaltools.gnu-tools-for-stm32.13.3.rel1.win32_1.0.0.202411081344/tools/bin/../lib/gcc/arm-none-eabi/13.3.1/../../../../arm-none-eabi/lib/thumb/v7e-m+fp/hard\libc_nano.a(libc_a-nano-svfprintf.o)
 .rodata._printf_i.str1.1
                0x0801f9f2       0x22 C:/ST/STM32CubeIDE_1.16.1/STM32CubeIDE/plugins/com.st.stm32cube.ide.mcu.externaltools.gnu-tools-for-stm32.13.3.rel1.win32_1.0.0.202411081344/tools/bin/../lib/gcc/arm-none-eabi/13.3.1/../../../../arm-none-eabi/lib/thumb/v7e-m+fp/hard\libc_nano.a(libc_a-nano-vfprintf_i.o)
 .rodata._vfprintf_r.str1.1
                0x0801f9f2       0x11 C:/ST/STM32CubeIDE_1.16.1/STM32CubeIDE/plugins/com.st.stm32cube.ide.mcu.externaltools.gnu-tools-for-stm32.13.3.rel1.win32_1.0.0.202411081344/tools/bin/../lib/gcc/arm-none-eabi/13.3.1/../../../../arm-none-eabi/lib/thumb/v7e-m+fp/hard\libc_nano.a(libc_a-nano-vfprintf.o)
 *fill*         0x0801f9f2        0x2 
 .rodata.npio2_hw
                0x0801f9f4       0x80 C:/ST/STM32CubeIDE_1.16.1/STM32CubeIDE/plugins/com.st.stm32cube.ide.mcu.externaltools.gnu-tools-for-stm32.13.3.rel1.win32_1.0.0.202411081344/tools/bin/../lib/gcc/arm-none-eabi/13.3.1/../../../../arm-none-eabi/lib/thumb/v7e-m+fp/hard\libm.a(libm_a-ef_rem_pio2.o)
 .rodata.two_over_pi
                0x0801fa74      0x318 C:/ST/STM32CubeIDE_1.16.1/STM32CubeIDE/plugins/com.st.stm32cube.ide.mcu.externaltools.gnu-tools-for-stm32.13.3.rel1.win32_1.0.0.202411081344/tools/bin/../lib/gcc/arm-none-eabi/13.3.1/../../../../arm-none-eabi/lib/thumb/v7e-m+fp/hard\libm.a(libm_a-ef_rem_pio2.o)
 .rodata.PIo2   0x0801fd8c       0x2c C:/ST/STM32CubeIDE_1.16.1/STM32CubeIDE/plugins/com.st.stm32cube.ide.mcu.externaltools.gnu-tools-for-stm32.13.3.rel1.win32_1.0.0.202411081344/tools/bin/../lib/gcc/arm-none-eabi/13.3.1/../../../../arm-none-eabi/lib/thumb/v7e-m+fp/hard\libm.a(libm_a-kf_rem_pio2.o)
 .rodata.init_jk
                0x0801fdb8        0xc C:/ST/STM32CubeIDE_1.16.1/STM32CubeIDE/plugins/com.st.stm32cube.ide.mcu.externaltools.gnu-tools-for-stm32.13.3.rel1.win32_1.0.0.202411081344/tools/bin/../lib/gcc/arm-none-eabi/13.3.1/../../../../arm-none-eabi/lib/thumb/v7e-m+fp/hard\libm.a(libm_a-kf_rem_pio2.o)
                0x0801fdc4                        . = ALIGN (0x4)

.ARM.extab      0x0801fdc4        0x0
                0x0801fdc4                        . = ALIGN (0x4)
 *(.ARM.extab* .gnu.linkonce.armextab.*)
                0x0801fdc4                        . = ALIGN (0x4)

.ARM            0x0801fdc4        0x8
                0x0801fdc4                        . = ALIGN (0x4)
                0x0801fdc4                        __exidx_start = .
 *(.ARM.exidx*)
 .ARM.exidx     0x0801fdc4        0x8 C:/ST/STM32CubeIDE_1.16.1/STM32CubeIDE/plugins/com.st.stm32cube.ide.mcu.externaltools.gnu-tools-for-stm32.13.3.rel1.win32_1.0.0.202411081344/tools/bin/../lib/gcc/arm-none-eabi/13.3.1/../../../../arm-none-eabi/lib/thumb/v7e-m+fp/hard\libc_nano.a(libc_a-strlen.o)
 .ARM.exidx     0x0801fdcc        0x0 C:/ST/STM32CubeIDE_1.16.1/STM32CubeIDE/plugins/com.st.stm32cube.ide.mcu.externaltools.gnu-tools-for-stm32.13.3.rel1.win32_1.0.0.202411081344/tools/bin/../lib/gcc/arm-none-eabi/13.3.1/../../../../arm-none-eabi/lib/thumb/v7e-m+fp/hard\libc_nano.a(libc_a-memchr.o)
                                  0x8 (size before relaxing)
                0x0801fdcc                        __exidx_end = .
                0x0801fdcc                        . = ALIGN (0x4)

.preinit_array  0x0801fdcc        0x0
                0x0801fdcc                        . = ALIGN (0x4)
                0x0801fdcc                        PROVIDE (__preinit_array_start = .)
 *(.preinit_array*)
                0x0801fdcc                        PROVIDE (__preinit_array_end = .)
                0x0801fdcc                        . = ALIGN (0x4)

.init_array     0x0801fdcc        0x4
                0x0801fdcc                        . = ALIGN (0x4)
                0x0801fdcc                        PROVIDE (__init_array_start = .)
 *(SORT_BY_NAME(.init_array.*))
 *(.init_array*)
 .init_array    0x0801fdcc        0x4 C:/ST/STM32CubeIDE_1.16.1/STM32CubeIDE/plugins/com.st.stm32cube.ide.mcu.externaltools.gnu-tools-for-stm32.13.3.rel1.win32_1.0.0.202411081344/tools/bin/../lib/gcc/arm-none-eabi/13.3.1/thumb/v7e-m+fp/hard/crtbegin.o
                0x0801fdd0                        PROVIDE (__init_array_end = .)
                0x0801fdd0                        . = ALIGN (0x4)

.fini_array     0x0801fdd0        0x4
                0x0801fdd0                        . = ALIGN (0x4)
                [!provide]                        PROVIDE (__fini_array_start = .)
 *(SORT_BY_NAME(.fini_array.*))
 *(.fini_array*)
 .fini_array    0x0801fdd0        0x4 C:/ST/STM32CubeIDE_1.16.1/STM32CubeIDE/plugins/com.st.stm32cube.ide.mcu.externaltools.gnu-tools-for-stm32.13.3.rel1.win32_1.0.0.202411081344/tools/bin/../lib/gcc/arm-none-eabi/13.3.1/thumb/v7e-m+fp/hard/crtbegin.o
                [!provide]                        PROVIDE (__fini_array_end = .)
                0x0801fdd4                        . = ALIGN (0x4)
                0x0801fdd4                        _sidata = LOADADDR (.data)

.rel.dyn        0x0801fdd4        0x0
 .rel.iplt      0x0801fdd4        0x0 C:/ST/STM32CubeIDE_1.16.1/STM32CubeIDE/plugins/com.st.stm32cube.ide.mcu.externaltools.gnu-tools-for-stm32.13.3.rel1.win32_1.0.0.202411081344/tools/bin/../lib/gcc/arm-none-eabi/13.3.1/thumb/v7e-m+fp/hard/crtbegin.o

.data           0x20000000     0xa9e8 load address 0x0801fdd4
                0x20000000                        . = ALIGN (0x4)
                0x20000000                        _sdata = .
 *(.data)
 *(.data*)
 .data.preferences
                0x20000000        0x3 ./Application/Src/data.o
                0x20000000                preferences
 *fill*         0x20000003        0x1 
 .data.project_data
                0x20000004     0xa950 ./Application/Src/data.o
                0x20000004                project_data
 .data.copied_transpose
                0x2000a954        0x1 ./Application/Src/logic_chain.o
 .data.copied_phrase
                0x2000a955        0x1 ./Application/Src/logic_chain.o
 *fill*         0x2000a956        0x2 
 .data.__compound_literal.2
                0x2000a958       0x14 ./Application/Src/logic_instrument.o
 .data.__compound_literal.0
                0x2000a96c        0x8 ./Application/Src/logic_instrument.o
 .data.copied_command
                0x2000a974        0x1 ./Application/Src/logic_phrase.o
 .data.copied_volume
                0x2000a975        0x1 ./Application/Src/logic_phrase.o
 .data.copied_instrument
                0x2000a976        0x1 ./Application/Src/logic_phrase.o
 .data.copied_note
                0x2000a977        0x1 ./Application/Src/logic_phrase.o
 .data.selected_phrase
                0x2000a978        0x1 ./Application/Src/logic_phrase.o
 .data.copied_chain
                0x2000a979        0x1 ./Application/Src/logic_song.o
 *fill*         0x2000a97a        0x2 
 .data.SystemCoreClock
                0x2000a97c        0x4 ./Core/Src/system_stm32g4xx.o
                0x2000a97c                SystemCoreClock
 .data.uwTickFreq
                0x2000a980        0x4 ./Drivers/STM32G4xx_HAL_Driver/Src/stm32g4xx_hal.o
                0x2000a980                uwTickFreq
 .data.uwTickPrio
                0x2000a984        0x4 ./Drivers/STM32G4xx_HAL_Driver/Src/stm32g4xx_hal.o
                0x2000a984                uwTickPrio
 .data.current_time
                0x2000a988        0x4 ./System/Src/button.o
 .data.__sglue  0x2000a98c        0xc C:/ST/STM32CubeIDE_1.16.1/STM32CubeIDE/plugins/com.st.stm32cube.ide.mcu.externaltools.gnu-tools-for-stm32.13.3.rel1.win32_1.0.0.202411081344/tools/bin/../lib/gcc/arm-none-eabi/13.3.1/../../../../arm-none-eabi/lib/thumb/v7e-m+fp/hard\libc_nano.a(libc_a-findfp.o)
                0x2000a98c                __sglue
 .data._impure_ptr
                0x2000a998        0x4 C:/ST/STM32CubeIDE_1.16.1/STM32CubeIDE/plugins/com.st.stm32cube.ide.mcu.externaltools.gnu-tools-for-stm32.13.3.rel1.win32_1.0.0.202411081344/tools/bin/../lib/gcc/arm-none-eabi/13.3.1/../../../../arm-none-eabi/lib/thumb/v7e-m+fp/hard\libc_nano.a(libc_a-impure.o)
                0x2000a998                _impure_ptr
 .data._impure_data
                0x2000a99c       0x4c C:/ST/STM32CubeIDE_1.16.1/STM32CubeIDE/plugins/com.st.stm32cube.ide.mcu.externaltools.gnu-tools-for-stm32.13.3.rel1.win32_1.0.0.202411081344/tools/bin/../lib/gcc/arm-none-eabi/13.3.1/../../../../arm-none-eabi/lib/thumb/v7e-m+fp/hard\libc_nano.a(libc_a-impure.o)
                0x2000a99c                _impure_data
 *(.RamFunc)
 *(.RamFunc*)
                0x2000a9e8                        . = ALIGN (0x4)
                0x2000a9e8                        _edata = .

.igot.plt       0x2000a9e8        0x0 load address 0x0802a7bc
 .igot.plt      0x2000a9e8        0x0 C:/ST/STM32CubeIDE_1.16.1/STM32CubeIDE/plugins/com.st.stm32cube.ide.mcu.externaltools.gnu-tools-for-stm32.13.3.rel1.win32_1.0.0.202411081344/tools/bin/../lib/gcc/arm-none-eabi/13.3.1/thumb/v7e-m+fp/hard/crtbegin.o
                0x2000a9e8                        . = ALIGN (0x4)

.bss            0x2000a9e8     0x2160 load address 0x0802a7bc
                0x2000a9e8                        _sbss = .
                0x2000a9e8                        __bss_start__ = _sbss
 *(.bss)
 .bss           0x2000a9e8       0x1c C:/ST/STM32CubeIDE_1.16.1/STM32CubeIDE/plugins/com.st.stm32cube.ide.mcu.externaltools.gnu-tools-for-stm32.13.3.rel1.win32_1.0.0.202411081344/tools/bin/../lib/gcc/arm-none-eabi/13.3.1/thumb/v7e-m+fp/hard/crtbegin.o
 *(.bss*)
 .bss.samples_per_row
                0x2000aa04        0x4 ./Application/Src/audio.o
 .bss.audio_buffer
                0x2000aa08      0x400 ./Application/Src/audio.o
 .bss.channel_data
                0x2000ae08      0x120 ./Application/Src/audio.o
 .bss.row       0x2000af28        0x4 ./Application/Src/file_manager.o
 .bss.sd        0x2000af2c      0x234 ./Application/Src/file_manager.o
 .bss.previous_joystick_position.0
                0x2000b160        0x1 ./Application/Src/logic.o
 *fill*         0x2000b161        0x3 
 .bss.joystick_delay.1
                0x2000b164        0x4 ./Application/Src/logic.o
 .bss.last_logic_update_time.2
                0x2000b168        0x4 ./Application/Src/logic.o
 .bss.current_logic_state
                0x2000b16c        0x1 ./Application/Src/logic.o
 .bss.is_joystick_triggered
                0x2000b16d        0x1 ./Application/Src/logic.o
 .bss.previewed_phrase
                0x2000b16e        0x1 ./Application/Src/logic_chain.o
 .bss.selected_chain
                0x2000b16f        0x1 ./Application/Src/logic_chain.o
 .bss.cursor    0x2000b170        0x8 ./Application/Src/logic_chain.o
 .bss.selected_instrument
                0x2000b178        0x1 ./Application/Src/logic_instrument.o
 *fill*         0x2000b179        0x3 
 .bss.cursor    0x2000b17c        0x8 ./Application/Src/logic_instrument.o
 .bss.selected_instrument_pointers
                0x2000b184       0x10 ./Application/Src/logic_instrument.o
                0x2000b184                selected_instrument_pointers
 .bss.copied_parameter
                0x2000b194        0x1 ./Application/Src/logic_phrase.o
 .bss.displayed_command_description
                0x2000b195        0x1 ./Application/Src/logic_phrase.o
 *fill*         0x2000b196        0x2 
 .bss.cursor_command
                0x2000b198        0x4 ./Application/Src/logic_phrase.o
 .bss.cursor    0x2000b19c        0x8 ./Application/Src/logic_phrase.o
 .bss.cursor    0x2000b1a4        0x8 ./Application/Src/logic_project.o
 .bss.scroll    0x2000b1ac        0x4 ./Application/Src/logic_song.o
 .bss.cursor    0x2000b1b0        0x8 ./Application/Src/logic_song.o
 .bss.hsram1    0x2000b1b8       0x58 ./Core/Src/main.o
                0x2000b1b8                hsram1
 .bss.FMC_Initialized
                0x2000b210        0x4 ./Core/Src/stm32g4xx_hal_msp.o
 .bss.__sbrk_heap_end
                0x2000b214        0x4 ./Core/Src/sysmem.o
 .bss.uwTick    0x2000b218        0x4 ./Drivers/STM32G4xx_HAL_Driver/Src/stm32g4xx_hal.o
                0x2000b218                uwTick
 .bss.button_port
                0x2000b21c        0x4 ./System/Src/button.o
 .bss.button_status
                0x2000b220       0x50 ./System/Src/button.o
 .bss.joystick_position
                0x2000b270        0x1 ./System/Src/joystick.o
 *fill*         0x2000b271        0x3 
 .bss.joystick_center
                0x2000b274        0x4 ./System/Src/joystick.o
 .bss.joystick_raw
                0x2000b278        0x4 ./System/Src/joystick.o
 .bss.queue_write_head
                0x2000b27c        0x4 ./System/Src/lcd.o
 .bss.queue_read_head
                0x2000b280        0x4 ./System/Src/lcd.o
 .bss.queued_tiles
                0x2000b284        0x4 ./System/Src/lcd.o
 .bss.queue     0x2000b288      0x960 ./System/Src/lcd.o
 .bss.screen    0x2000bbe8      0xe10 ./System/Src/lcd.o
 .bss.current_volume
                0x2000c9f8        0x1 ./System/Src/volume.o
 *fill*         0x2000c9f9        0x3 
 .bss.__sf      0x2000c9fc      0x138 C:/ST/STM32CubeIDE_1.16.1/STM32CubeIDE/plugins/com.st.stm32cube.ide.mcu.externaltools.gnu-tools-for-stm32.13.3.rel1.win32_1.0.0.202411081344/tools/bin/../lib/gcc/arm-none-eabi/13.3.1/../../../../arm-none-eabi/lib/thumb/v7e-m+fp/hard\libc_nano.a(libc_a-findfp.o)
                0x2000c9fc                __sf
 .bss.__stdio_exit_handler
                0x2000cb34        0x4 C:/ST/STM32CubeIDE_1.16.1/STM32CubeIDE/plugins/com.st.stm32cube.ide.mcu.externaltools.gnu-tools-for-stm32.13.3.rel1.win32_1.0.0.202411081344/tools/bin/../lib/gcc/arm-none-eabi/13.3.1/../../../../arm-none-eabi/lib/thumb/v7e-m+fp/hard\libc_nano.a(libc_a-findfp.o)
                0x2000cb34                __stdio_exit_handler
 .bss.errno     0x2000cb38        0x4 C:/ST/STM32CubeIDE_1.16.1/STM32CubeIDE/plugins/com.st.stm32cube.ide.mcu.externaltools.gnu-tools-for-stm32.13.3.rel1.win32_1.0.0.202411081344/tools/bin/../lib/gcc/arm-none-eabi/13.3.1/../../../../arm-none-eabi/lib/thumb/v7e-m+fp/hard\libc_nano.a(libc_a-reent.o)
                0x2000cb38                errno
 .bss.__lock___malloc_recursive_mutex
                0x2000cb3c        0x1 C:/ST/STM32CubeIDE_1.16.1/STM32CubeIDE/plugins/com.st.stm32cube.ide.mcu.externaltools.gnu-tools-for-stm32.13.3.rel1.win32_1.0.0.202411081344/tools/bin/../lib/gcc/arm-none-eabi/13.3.1/../../../../arm-none-eabi/lib/thumb/v7e-m+fp/hard\libc_nano.a(libc_a-lock.o)
                0x2000cb3c                __lock___malloc_recursive_mutex
 .bss.__lock___sfp_recursive_mutex
                0x2000cb3d        0x1 C:/ST/STM32CubeIDE_1.16.1/STM32CubeIDE/plugins/com.st.stm32cube.ide.mcu.externaltools.gnu-tools-for-stm32.13.3.rel1.win32_1.0.0.202411081344/tools/bin/../lib/gcc/arm-none-eabi/13.3.1/../../../../arm-none-eabi/lib/thumb/v7e-m+fp/hard\libc_nano.a(libc_a-lock.o)
                0x2000cb3d                __lock___sfp_recursive_mutex
 *fill*         0x2000cb3e        0x2 
 .bss.__malloc_sbrk_start
                0x2000cb40        0x4 C:/ST/STM32CubeIDE_1.16.1/STM32CubeIDE/plugins/com.st.stm32cube.ide.mcu.externaltools.gnu-tools-for-stm32.13.3.rel1.win32_1.0.0.202411081344/tools/bin/../lib/gcc/arm-none-eabi/13.3.1/../../../../arm-none-eabi/lib/thumb/v7e-m+fp/hard\libc_nano.a(libc_a-mallocr.o)
                0x2000cb40                __malloc_sbrk_start
 .bss.__malloc_free_list
                0x2000cb44        0x4 C:/ST/STM32CubeIDE_1.16.1/STM32CubeIDE/plugins/com.st.stm32cube.ide.mcu.externaltools.gnu-tools-for-stm32.13.3.rel1.win32_1.0.0.202411081344/tools/bin/../lib/gcc/arm-none-eabi/13.3.1/../../../../arm-none-eabi/lib/thumb/v7e-m+fp/hard\libc_nano.a(libc_a-mallocr.o)
                0x2000cb44                __malloc_free_list
 *(COMMON)
                0x2000cb48                        . = ALIGN (0x4)
                0x2000cb48                        _ebss = .
                0x2000cb48                        __bss_end__ = _ebss

._user_heap_stack
                0x2000cb48      0x600 load address 0x0802a7bc
                0x2000cb48                        . = ALIGN (0x8)
                [!provide]                        PROVIDE (end = .)
                0x2000cb48                        PROVIDE (_end = .)
                0x2000cd48                        . = (. + _Min_Heap_Size)
 *fill*         0x2000cb48      0x200 
                0x2000d148                        . = (. + _Min_Stack_Size)
 *fill*         0x2000cd48      0x400 
                0x2000d148                        . = ALIGN (0x8)

/DISCARD/
 libc.a(*)
 libm.a(*)
 libgcc.a(*)

.ARM.attributes
                0x00000000       0x30
 *(.ARM.attributes)
 .ARM.attributes
                0x00000000       0x22 C:/ST/STM32CubeIDE_1.16.1/STM32CubeIDE/plugins/com.st.stm32cube.ide.mcu.externaltools.gnu-tools-for-stm32.13.3.rel1.win32_1.0.0.202411081344/tools/bin/../lib/gcc/arm-none-eabi/13.3.1/thumb/v7e-m+fp/hard/crti.o
 .ARM.attributes
                0x00000022       0x34 C:/ST/STM32CubeIDE_1.16.1/STM32CubeIDE/plugins/com.st.stm32cube.ide.mcu.externaltools.gnu-tools-for-stm32.13.3.rel1.win32_1.0.0.202411081344/tools/bin/../lib/gcc/arm-none-eabi/13.3.1/thumb/v7e-m+fp/hard/crtbegin.o
 .ARM.attributes