../System/Src/ili9341.c:10:6:ILI9341_init	32	static
../System/Src/ili9341.c:47:6:ILI9341_set_address	0	static
../System/Src/ili9341.c:53:6:ILI9341_send_data	0	static
../System/Src/ili9341.c:61:6:ILI9341_send_data_DMA	4	static
../System/Src/ili9341.c:72:10:ILI9341_is_DMA_ready	0	static
../System/Src/ili9341.c:77:6:ILI9341_hard_reset	16	static
../System/Src/ili9341.c:85:6:ILI9341_interface_control	0	static
../System/Src/ili9341.c:92:6:ILI9341_memory_access_control	0	static
../System/Src/ili9341.c:98:6:ILI9341_column_address_set	8	static
../System/Src/ili9341.c:105:6:ILI9341_page_address_set	8	static
../System/Src/ili9341.c:112:6:ILI9341_sleep_out	0	static
../System/Src/ili9341.c:118:6:ILI9341_normal_display_mode_on	0	static
../System/Src/ili9341.c:123:6:ILI9341_pixel_format_set	0	static
../System/Src/ili9341.c:129:6:ILI9341_display_on	0	static
../System/Src/ili9341.c:134:6:ILI9341_memory_write_start	0	static
